
> neon-harbor@0.8.0 test
> node --test tests/*.test.js

✔ render interpolation removes fixed-step staircasing at 30/60/90/144 Hz and uneven cadences (19.316903ms)
✔ yaw interpolation follows the shortest arc; ground, pitch and roll remain shared (0.518515ms)
✔ teleports and entering or leaving a vehicle never interpolate across the city (0.336229ms)
✔ rendered OBB interpolation cannot clip a corner between two legal headings (0.524664ms)
✔ sequential legal vehicle moves cannot produce a colliding render interpolant (0.384041ms)
✔ moving-target exponential damping is cadence-independent at constant speed (0.397542ms)
✔ chase camera position, look target and yaw stay consistent at 30/60/144 Hz (7.606499ms)
✔ camera follows the same bounded simulation time at 4 Hz and uneven slow frames (1.438749ms)
✔ height-aware swept camera clears curbs, catches thin walls, and pads the near plane (1.07656ms)
✔ camera focus inside foliage is moved to a legal pivot before the boom sweep (0.82512ms)
✔ camera retracts without entering buildings and releases an obstruction gradually (0.297951ms)
✔ camera takes shortest yaw arc and does not advance its pose with a zero timestep (0.650024ms)
✔ the northern resident network has legal doorstep routes, unobstructed station entrances and real crossing edges (2830.018028ms)
✔ all 240 residents finish real work visits, use all four shared routes, return and rest in actual homes without stranded journeys (8393.360102ms)
✔ citizens enter a crossing only with enough green time, and traffic yields for the occupied lane and releases it after the walker leaves (31.943476ms)
✔ working periods keep residents at their real posts and the night change starts a walk home without resetting position (804.333159ms)
✔ every assigned home and workplace has a clear arrival and departure through its actual room door (373.540703ms)
✔ boarding paths align with real carriage doors and keep passengers out of carriage gaps and the ferry cabin (1.266729ms)
✔ elevated station lift poses have continuous movement, real landings and enough door time to walk aboard (1.562877ms)
✔ integrated building travel, continuous elevator and forced departure restore outdoor collision and cars (5869.147933ms)
✔ underground platform remains below street and transit motion does not trigger teleports or reindex every tick (12608.124833ms)
✔ a saved journey from the north ferry restores at its own pier, including after departure (3898.759685ms)
✔ camera supports below-sea-level clearance and seated passenger views without roof-crossing chase booms (0.839191ms)
✔ collapsed city guide lists addresses without reading floor contents or constructing room rows (4.167331ms)
✔ first disclosure resolves its current floor and room records once, including both compact rooms (3.808196ms)
✔ search and district filtering preserve visit targets without resolving hidden floor programmes (3.727264ms)
✔ every address targets its own entrance and safely restores its exterior, traffic and save position (4837.510545ms)
✔ every occupied floor has finite positive solids, rooms inside its footprint, a clear arrival and continuous stair elevations (1845.373902ms)
✔ multiplayer accepts the actual eastern top floors and rejects out-of-world or nonfinite positions (0.865631ms)
✔ a south shell stays hidden through an actual streamed load and restores valid culling bounds and fallback scenery on exit (175.036772ms)
✔ prepare fetches only nearby real district payloads and exposes resident metrics (3.115258ms)
✔ directional prefetch anticipates travel while distance and hysteresis drive actual disposal (3.382193ms)
✔ resident budget is a hard bound even when more targets are nearby (0.419345ms)
✔ failed near district remains failed until retry succeeds without pretending a proxy is full detail (0.527088ms)
✔ dispose settles prepare, releases late payloads, and never attaches after disposal (4.49677ms)
✔ cancelled district can be revisited before its aborted request settles (3.065092ms)
✔ old request failure cannot overwrite the latest successful prepare state (2.784366ms)
✔ chunk validation rejects malformed geometry before creating GPU resources (0.447608ms)
✔ a normal 60 Hz steering arc cannot graze a building corner between two clear endpoints (8.215952ms)
✔ a short diagonal translation cannot cut a building corner with clear endpoints (4.336528ms)
✔ grazing the corner of another vehicle stays blocked between clear endpoints (1.919317ms)
✔ the circular pedestrian footprint cannot cross a shallow rounded corner between samples (5.679461ms)
✔ the prospective supported vehicle envelope and height participate in collision (1.170853ms)
✔ stepping onto higher ground under an awning cannot eject an entity sideways (0.384322ms)
✔ vehicle bounds contain the full rotated footprint and swap width/length at a quarter turn (1.849551ms)
✔ SAT catches a vehicle nose beyond the old centre radius and its rotated outer corner (0.344161ms)
✔ SAT reports a separation normal, permits touching and rejects separated rotated rectangles (0.206913ms)
✔ circle/OBB checks the whole foot radius without treating clear diagonal corners as walls (0.310189ms)
✔ spatial queries find large colliders across cell edges, including negative coordinates, without duplicates (1.025623ms)
✔ a fast vehicle cannot tunnel through a thin wall, even across a long one-frame displacement (6.782812ms)
✔ a rotation sweep cannot pass through a thin obstacle even when the final orientation would be clear (12.614203ms)
✔ continuous diagonal pressure slides along a wall without bouncing or oscillating (5.056899ms)
✔ walking keeps the entire character circle outside a thin wall during a swept move (0.984992ms)
✔ parked and moving vehicles both block a swept vehicle without moving the other car (6.898247ms)
✔ walking collides with parked cars and dynamic self references never block their own movement (1.29448ms)
✔ a car stops for a pedestrian using the pedestrian full circular footprint (2.179932ms)
✔ height filtering blocks building sides while allowing rooftop travel and passage beneath elevated solids (3.356624ms)
✔ world boundaries constrain the rotated vehicle footprint and full character radius (6.196865ms)
✔ legacy overlapping poses are repaired once and remain stable while stationary (1.899847ms)
✔ camera-only foliage never becomes a physical wall at overlapping character height (0.757968ms)
✔ every compact building supports all-floor stair walks, furnished-room entries, lift return and street exit (3092.924555ms)
✔ minimum compact shell keeps real stair openings, clear cabin approach and height-filtered exterior prompts (7.78504ms)
✔ east-bay room furnishings fit every shell and narrow floors preserve room, stair and lift routes (4359.21428ms)
✔ every restored southern workplace has fitting functional furniture and a clear full-height room approach (118.026283ms)
✔ shared workplace layouts fit the minimum compact shell and support future taller freight buildings (3.101937ms)
✔ authored workplace checks reject missing real furniture, moved geometry and a blocked player corridor (46.284294ms)
✔ existing shell uses survive stable address IDs and safer floor heights across both new shores (2.722313ms)
✔ harbor shop overrides and residents actual homes remain distinct from the restored employment warehouses (0.547319ms)
✔ bounded fixed-step clock preserves visible simulation time at 4–144 Hz (3.357675ms)
✔ a long rendering stall runs at most 15 small steps without a future backlog (0.259594ms)
✔ pause and visibility resume discard inactive time without rewinding the rendered phase (0.152752ms)
✔ flat streets produce zero body pitch/roll and keep wheels on the road (0.962618ms)
✔ a diagonal curb residual raises only the clearance missing from a fitted plane (0.783356ms)
✔ actual rendered tire vertices stay above the real city ramp at known curb problem positions (166.26033ms)
✔ slope collision envelope encloses every rendered car vertex including tilted mirrors (84.862199ms)
✔ authored bus exposes isolated cached snapshots and preserves real API across shared cold release (316.932934ms)
✔ accepted partial and late actual GLBs release once after cold cancellation without attaching (51.921482ms)
✔ real partial load failure still disposes owned GLB when diagnostic counter reads throw (31.085668ms)
✔ authored frontages attach to six actual occupied shells and keep High the default (20.072839ms)
✔ clear original entrance approaches, frontage walking strip and road lanes are preserved (11.406454ms)
✔ finite curved art geometry, metre projected scanned UVs and a bounded render budget (108.511393ms)
✔ near detail uses hysteresis, actually destroys buffers and restores far proxies (53.265937ms)
✔ shared interior shell IDs hide both proxy and resident art, including later streamed loads (28.960297ms)
✔ locally served scanned material maps have recorded CC0 provenance and verified hashes (17.005974ms)
✔ sample room craft fits actual furniture and overhead walls without adding circulation obstacles (71.712111ms)
✔ home system snapshot cannot rewrite its saved before/after/difference audit counters (76.738864ms)
✔ home unavailable diagnostic counters stay null and readErrors snapshots stay independent (31.790854ms)
✔ natural shared street traffic with twenty residents lets the bus reach the market without .43 body or .6 buffer contacts (76637.05371ms)
✔ an actual pre-repair public save resumes to the market without collision or duplicate settlement (32507.249659ms)
✔ the real turning tram protects a crossing resident against its next full swept pose (566.453625ms)
✔ walking verifies each new signal, waits outside an occupied full crossing and keeps claims through a null middle leg (495.840546ms)
✔ sample binds twenty separate residents to actual homes, counter frontages and legal routes (211.009954ms)
✔ actual delivery moves finite stock, debits wholesale and escrow, and pays the player once at the recipient (102.929507ms)
✔ stock availability and shop funds cause actual successful or blocked purchases (62.240217ms)
✔ daily schedules complete home, work, shop and courier loops regardless of visible distance or indoor context (252.467598ms)
✔ fixed economic ticks and persisted paths resume deterministically without repeating wages or deliveries (293.729865ms)
✔ corrupt or foreign snapshots cannot mint stock, money, arbitrary positions or orphan delivery payouts (59.81216ms)
✔ warehouse commutes board real moving trams and physically alight onto legal final pavement routes (440.501397ms)
✔ renderer streams at most twelve detailed instances while presentation never advances city state (260.424567ms)
✔ restoring real in-flight fleet tickets preserves boarding, cargo and deterministic continuation (354.361756ms)
✔ rewinding display time never repeats an elapsed wage slot or changes the money supply (42.813487ms)
✔ player buys an actual stocked portion only from the staffed counter and game-owned cash funds the shop (240.037393ms)
✔ remote, unfunded, unstaffed, closed and sold-out retail requests never debit the game wallet (133.820228ms)
✔ runtime traffic clock controls crossing permission independently of persisted economic days (116.835465ms)
✔ integrated E retail changes the sole game wallet and a saved inventory restores alongside its ledger (5015.014356ms)
✔ opposite-shore landmarks retain contrast across the full public harbour view (1.483557ms)
✔ water variants keep independent clocks, shared programs and working cloned shader hooks (1.281872ms)
✔ urban finishes separate dielectric glazing, rough mineral surfaces and metal frames (14.285173ms)
✔ normal city play boards bus, walks both decks, travels and alights at another physical stop (6078.098714ms)
✔ normal city play boards tram, walks both decks, travels and alights at another physical stop (10150.344925ms)
✔ normal city play boards ferry, walks both decks, travels and alights at another physical stop (11417.792686ms)
✔ interior visits preserve street traffic, sample service clocks and resident phases (1274.865977ms)
✔ safeSave restores real commuting tickets, economic paths and delayed dwell before another tick (28787.974799ms)
✔ fresh binding and malformed saved sample fields leave finite clean street state (2542.025524ms)
✔ fixed simulation and render updates remain separate, with bounded collector-height tram wires (3751.834178ms)
✔ a restored south-shore signal clock controls real cars, rendered lights and crossing residents while north traffic keeps its original clock (181.028437ms)
✔ ordinary city steps yield the long bus to a real resident already crossing, including after save/load (3279.389351ms)
✔ harbor towers occupy land behind a continuous shore and have authored geometric crowns (17.502516ms)
✔ the actual eye-level promenade camera sees multiple distinct towers across open water (31.558302ms)
✔ all three harbor viewpoints are reached on existing real pavement with the full player radius (143.976346ms)
✔ walking inland across the former support edge stays on the rendered shore and mountain triangles (160.057871ms)
✔ view distance streams and disposes real facade details without changing skyline massing or quality (15.691423ms)
✔ small window bays use metre UVs and sparse office lights follow the world clock (8.283094ms)
✔ shared shore support ends at the visible coastline and preserves water outside it (1.05045ms)
✔ client and multiplayer server support match raycast triangles on both sides of ridge diagonals (104.692095ms)
✔ multiplayer support retains reachable infrastructure decks and the road beneath an underpass (0.262938ms)
✔ every original service fits its existing street or water corridor for a whole circuit (694.707399ms)
✔ bus: walk through the boarding door, upstairs, along the upper aisle and back downstairs (38.757704ms)
✔ tram: walk through the boarding door, upstairs, along the upper aisle and back downstairs (41.215036ms)
✔ ferry: walk through the boarding door, upstairs, along the upper aisle and back downstairs (67.603428ms)
✔ passenger seats, closed doors and end walls reject movement rather than pinning the passenger (5.035716ms)
✔ ten minutes of independent timetables keep bus and tram bodies apart (278.588562ms)
✔ external traffic stops the bus before contact and the delayed timetable resumes (13.105537ms)
✔ saving restores stop dwell and delayed schedules without placing a load inside a vehicle (9.039009ms)
✔ citizens board a real stop, travel in the moving cabin and alight at a different stop (29.618154ms)
✔ a saved boarding token, door hold and citizen cabin pose continue after load (11.640859ms)
✔ both ferry piers can be walked from real street height over the sea wall and match rendered support (776.925148ms)
✔ sixteen static batches retain all 101 original transforms, materials and shadow flags with independent bank bounds (16.595402ms)
✔ static instances stay shared while ferry gangways, eleven canvas signs and the live fleet remain independent (38.443509ms)
✔ bus at its actual eight-metre curb lane brakes before red, restores its queue and resumes on green (19.501433ms)
✔ tram at its actual eight-metre curb lane brakes before red, restores its queue and resumes on green (19.544528ms)
✔ a vehicle already admitted through green clears a newly red junction after save/load (17.101238ms)
✔ the shared pedestrian stop-distance hook protects the bus front, persists its wait and excludes the ferry (27.25173ms)
✔ harbor assets have finite geometry and actual closed/open bounds inside their metre envelopes (744.583882ms)
✔ both decks, all portals and stair landings remain reachable by the declared passenger capsule (5.851602ms)
✔ open doorway geometry clears a full body at both jambs, and closed leaves block passage (280.479181ms)
✔ actual stair mesh and ceilings leave standing headroom across the entire companionway (1144.219406ms)
✔ ferry support and side collision narrow with its bow rather than exposing square deck overhangs (0.742995ms)
✔ LOD budgets, original provenance and material response are explicit and lighting updates are instance-local (10.349594ms)
✔ instance disposal is idempotent and preserves shared geometry used by remaining vehicles and all LODs (7.440568ms)
✔ original fittings distinguish MIT geometry/prints from CC0 maps and embed exact checked texture bytes (32.803077ms)
✔ new official desk and shelf retain indexed geometry and complete PBR references (26.005853ms)
✔ authored five-model owner switches three tiers, shares three shelves and releases every unique resource once (47.218387ms)
✔ authored owner rejects partial/corrupt new models and never attaches five late results after floor release (61.988389ms)
✔ GLBs contain exact official acquired BIN and 1K JPEG bytes, original scenes/skins/PBR and proven hashes (67.365097ms)
✔ matching local r185 loader dependencies and source snapshot hashes are complete and local (3.206055ms)
✔ actual indexed geometry, retained vice skin, default-pose bounds and PBR references fit the two-model budget (16.466957ms)
✔ single workshop preserves original routes/unaffected colliders and >2m main passage; chest stays on its owner crate (41.103787ms)
✔ distance hysteresis loads once, releases owned resource callbacks and releases again on building exit (67.206187ms)
✔ late asynchronous loads cannot attach to released floor, and missing/corrupt PBR keeps the primitive fallback (18.60184ms)
✔ old pending generation cannot clear or replace a successful new near generation (28.44727ms)
✔ cold synchronous disposal counters separate owned rendered objects from never-rendered decoded resources (17.164393ms)
✔ throwing optional renderer diagnostics cannot prevent real GLB cleanup and snapshots do not alias read errors (25.10529ms)
✔ closed cabin actually blocks the former gap above the door leaves (53.415482ms)
✔ cabin occlusion follows actual camera bounds and restores city before doors open (1035.599293ms)
✔ ordinary third-person camera retracts behind the safety door throughout the high lift ride (52.27977ms)
✔ moving lift carries the normal low-pitch camera at 60 Hz without a floor-level view (42.176388ms)
✔ moving lift carries the normal low-pitch camera at 4 Hz without a floor-level view (10.16069ms)
✔ west-link: a pedestrian walks up, across and down without height mutation (1752.340224ms)
ℹ {"maximum":8,"maximumStep":0.010181811998556611,"seconds":87.48333333332965}
✔ west-link: a car drives both ramps and saves on a safe ground entrance (484.438089ms)
ℹ {"maximum":8.001,"maximumStep":0.04337433879758379,"seconds":21.883333333333372}
✔ east-link: a pedestrian walks up, across and down without height mutation (1997.729596ms)
ℹ {"maximum":9,"maximumStep":0.01049999775308752,"seconds":130.34999999999587}
✔ east-link: a car drives both ramps and saves on a safe ground entrance (857.092155ms)
ℹ {"maximum":9.001,"maximumStep":0.0447177873670066,"seconds":31.983333333332798}
✔ a pedestrian reaches the public freight-port promenade and walks back over the sea wall (443.231644ms)
ℹ {"outbound":{"maximum":2.4,"maximumStep":0.017683754768263338,"seconds":16.95000000000032},"inbound":{"maximum":2.4,"maximumStep":0.017683754768263338,"seconds":16.933333333332374}}
✔ cars cross below both flyovers without being lifted onto the deck (52.46191ms)
✔ added piers and street equipment leave existing north-shore traffic crossings open (296.631329ms)
✔ every address has an explicit entrance, frontage, roof, and unique physical signature (1.41909ms)
✔ all 192 authored display fronts are visible chunk geometry and clear the central approach (2.61447ms)
✔ shop lettering preserves its physical aspect ratio and uses ordinary UV projection (57.227627ms)
✔ upper facade ribs do not obscure retail signs or the entrance canopy (7.831791ms)
✔ retail counters and collision agree at adult scale, with small goods resting on top (20.694431ms)
✔ human-scale motifs and curved components survive actual chunk export (139.754407ms)
✔ additional architectural detail stays streamed and within bounded chunk budgets (10.431629ms)
✔ architectural refinement retains the full wide lobby approach at every address (2.821953ms)
✔ address-specific sign materials are disposed along with their streamed district (44.634648ms)
✔ an underpass and its upper carriageway stay independent at the same x/z (3.087236ms)
✔ both directions of both ramps support a continuous pedestrian journey without an elevation snap (252.345825ms)
✔ four-wheel car support follows both complete flyovers without jumping level or striking a collider (303.51404ms)
✔ rendered carriageway tops agree with the analytical support profile to one centimetre (0.769085ms)
✔ cross-streets retain a clear path below the flyovers and bridge piers remain outside carriageways (14.441953ms)
✔ freight access rises continuously over the original seawall and reaches a real clear deck (22.343488ms)
✔ station additions preserve every building entrance, transit entrance and ferry passage (6.25276ms)
✔ district culling hides distant detail while keeping local geometry and permanent collisions (0.305442ms)
✔ entry signs face their approach routes and every sign has an opaque blank reverse (13.733689ms)
✔ every one of 48 addresses has distinct furnished programmes, open entrances, and a walkable elevator route (451.213619ms)
✔ all natural floor plans keep furniture collision aligned with visible geometry and guard upper-floor edges (1186.802877ms)
✔ the tallest lift carries a boarded passenger continuously, closes its doors, and arrives clear of furniture (41.785905ms)
✔ elevator selection validates the passenger still occupies the physical cabin and forced leave clears a moving ride (11.852891ms)
✔ interiors use textured shared finishes but transparent local glazing, and refresh copied player snapshots (9.522812ms)
✔ entering and leaving rooms preserves the global point-light shader budget without changing outdoor daylight (12.009148ms)
✔ every natural stair flight carries ordinary walking up and down all occupied floors without teleporting (9504.666416ms)
✔ stair treads, nosings, landings and cutouts agree with continuous-world support geometry (2497.445968ms)
✔ the upper stair opening guards its wrong end without a four-metre ground-height snap (10.830001ms)
✔ hidden enclosed floors keep their collision and furnishings resident while the stair opening reveals adjacent floors (4.301886ms)
✔ painted corridor ceilings sit below the stone slab above instead of exposing its underside (20.188384ms)
✔ occupied finishes retain matte microtexture and modest indirect light with the same two-point-light budget (4.068301ms)
✔ all 48 closed pedestrian routes remain on pavements and outside every building envelope (68.823471ms)
✔ population has continuous persistent identities, social groups and eight original wardrobes (265.315348ms)
✔ distance streaming enforces entity budgets and unloads the entire crowd beyond the city (125.608521ms)
✔ pause freezes resident positions and animation time, and nearby conversations return actual local directions (10.039194ms)
✔ pedestrians wait for a stopped vehicle on their route without tunnelling into its body (17.22109ms)
✔ wardrobe variants share cached geometry while retaining compatible animated knees and elbows (4.002691ms)
✔ local collision queries match a full-population reference after movement and reuse stable body records (24.233782ms)
✔ all citizens have stable distinct names, district occupations and four changing daily purposes (2.203738ms)
✔ street activities are finite, social residents resume walking, and hour changes never teleport people (234.098696ms)
✔ repeated conversations expose identity, current purpose and actual local floors instead of one repeated tip (3.265646ms)
✔ occupational props retain hand attachment, cache geometry, and fit varied anatomical bodies (2.287244ms)
✔ real bus-bay residents stay outside the avenue and parked vehicles without adding population or fake boarding (67.047361ms)
✔ all natural floors name distinct functional areas without substituting furniture for rooms (7.802847ms)
✔ every natural-floor room threshold remain reachable through the central aisle and real door openings (4987.872788ms)
✔ distinct programmes contain their recognizable specialist equipment and real domestic subdivisions (212.944786ms)
✔ soft furniture batches share geometry and materials while snapshot exposes navigable room metadata (37.755669ms)
✔ domestic room dimensions reflect furnished homes rather than unused public halls (2.206071ms)
✔ eight hospital rooms have clean bounded interiors and medical furniture within real walls (1.342884ms)
✔ hospital visitors can reach counters, seats, beds, handwashing and rehabilitation equipment and return (6.956546ms)
✔ all enclosed occupied rooms have human-scale enclosures and furnishings within their walls (258.359746ms)
✔ public arrival and corridor spaces contain legible orientation, seating and programme-specific displays (183.144285ms)
✔ metro: enter, wait, board, travel and disembark at the next station (34.317383ms)
✔ light-rail: enter, wait, board, travel and disembark at the next station (3.058692ms)
✔ high-speed: enter, wait, board, travel and disembark at the next station (2.28484ms)
✔ ferry: enter, wait, board, travel and disembark at the next station (3.107005ms)
✔ all ten stations have an initial visible service and maximum waiting time under 25 seconds (15.30542ms)
✔ underground platforms preserve their own floor height and cannot activate from the street (0.781153ms)
✔ leave and reset return a platform or moving passenger to a safe street entrance (0.781794ms)
✔ large or invalid frame increments preserve deterministic finite vehicle poses (7.383943ms)
✔ boarding requires reaching the marked platform area and an open stationary vehicle (0.730897ms)
✔ station architecture and fleet share instanced resources and cull remote underground vehicles (64.914019ms)
✔ underground and elevated station roofs clip a steep camera boom without altering walking collision (1.795789ms)
✔ ferry entrance signage supports stay above an approaching pedestrian camera (33.671855ms)
✔ every station returns the player to rendered street ground clear of all world obstacles (492.810171ms)
✔ the ferry passenger stands on the forward deck clear of furniture with an unobstructed forward view (34.670627ms)
✔ ferry entrance sign planes retract the default chase boom on both landward exits (17.340131ms)
✔ all three metro stations can be walked down and back up with the real player capsule and no teleport (136.977877ms)
✔ metro upper streets, lower platforms and switchback stairs keep their independent heights (0.388047ms)
✔ metro gate turns remain walkable in both directions throughout the bounded endpoint margin (49.487137ms)
✔ rendered metro treads match the physical walking slope within one riser, with clear headroom (407.729014ms)
✔ upper metro stairs see a solid retaining wall above the covered landing instead of the world underside (108.881217ms)
✔ every animated train-door batch has a stable conservative envelope for both open and closed poses (15.444641ms)
✔ offscreen above-ground train doors cull for a metro viewer while doors inside the view remain (14.46028ms)
✔ 48 permanent addresses have unique identity, continuous natural storeys, and distinct programmes (2.684666ms)
✔ every south entrance has a physical street approach and a door opening (1.587164ms)
✔ permanent road lanes remain free of building collision with unloaded districts (12.18881ms)
✔ bridge deck joins both shores continuously, with no abrupt end slope (0.339825ms)
✔ north ferry, metro, light rail and high-speed station approaches stay open (0.284842ms)
✔ export contains twelve real validated chunks with independent detailed geometry (16.484194ms)
✔ entering one address hides just its shell and exiting restores it (30.706314ms)
✔ runtime fetches nearby JSON and actually disposes detail after moving away (50.479299ms)
✔ streaming startup retains no authored detail transforms before any fetch (7.567751ms)
✔ paving keeps every doorway covered while an occupied lobby has exactly one visible y=0 floor (1139.138923ms)
✔ distance LOD preserves the hero car and reduces distant geometry without changing its collision envelope (180.280978ms)
✔ distant pedestrians retain animated joints and original human dimensions (49.3823ms)
✔ removing a car disposes owned paint and lights while preserving shared LOD geometry (86.686718ms)
✔ real room service joins two clients, streams movement/chat, isolates rooms and rejects invalid packets (409.895347ms)
✔ vehicle claims are exclusive and leaving releases ownership (24.534088ms)
✔ room capacity is enforced and peer interpolation follows shortest angles without interpolating travel (22.922912ms)
✔ traffic follows the same street route while the player uses an indoor collision context (1804.409443ms)
✔ background traffic restores indoor data after an invalid road update throws (1.441393ms)
✔ precision input crosses a 1.6 metre doorway at four rendered frames per second (14.263738ms)
✔ normal and sprint speeds stay intact; precision overrides sprint without draining stamina (5.035927ms)
✔ double-decker hull blocks feet above sedan height and preserves its actual span (1.889922ms)
✔ licensed core GLB preserves source geometry, budgets, sole height, UVs, normalized normals and four skin influences (77.220476ms)
✔ actual 71-bone GLTF parses, inverse binds preserve standing geometry, and original FK walk/stair clips deform real limbs (93.902812ms)
✔ near factory requests once at near tier, clones isolated bones, keeps far LOD and handles disposal and load failure (61.602508ms)
✔ late loading cannot resurrect released residents and shared cache is bounded to twelve (54.376254ms)
✔ selected original assets and licences are inspectable, hash verified, and eye alpha is preserved (78.78801ms)
✔ High/Balanced share the formal asset while Low disposes shared data and late generations cannot restore it (93.485295ms)
✔ hidden or first-person/dead player cannot request a near asset and legacy held props follow the real new hand (50.142781ms)
✔ daily renderer selects at most twelve by viewer WORLD position, exposes only CPU asset stats, and disposes its presentation (5.940467ms)
✔ actual occupational book/phone/cup keep private callbacks and object identities, migrate to real wrist, and restore old LOD (193.895903ms)
✔ minimal four-address north renderer joins the same twelve slots and preserves logical identities, dialogue and pool lifetime (454.580904ms)
✔ owner probe counts actual shared template references and closes one bitmap only after final instance + unpaused cooldown (141.382776ms)
✔ actual original North book phone cup and explicit cargo report same objects at real hands; probe is read-only through near/far/Low (173.570825ms)
✔ late GLB completion after Low is actually closed and cannot refill owners or resurrect actors (62.000922ms)
✔ three actual core wardrobes obey per-role budgets and embedded texture MIME, preserve smooth skin normals, eyes and all fingers (125.371147ms)
✔ commuter and female shopkeeper parse real skinning and original walk/stair clips without invalid inverse binds or missing eyes (136.877593ms)
✔ one world-camera pool includes visible player, peers and residents in twelve slots; hidden/first-person subjects never fetch (143.503498ms)
✔ role residency counts actual instances, holds brief far/paused gaps, evicts each role after cooldown and reloads lazily (139.798778ms)
✔ superseded pending role releases late geometry and cannot repopulate a newly requested role generation (73.242747ms)
✔ candidate actually wires shared library into player/peers/walkers/daily life while preserving gameplay and avoiding GPU queries (4.309387ms)
✔ actual legacy factory retains API and both held props through near FK, Low return, death and late leave (137.69451ms)
✔ managed role eviction and return never attach an old pending generation or resurrect a disposed actor (88.630762ms)
✔ fresh saves have bounded values; corrupt and incompatible saves recover safely (1.998236ms)
✔ walking respects camera orientation, bounds and solid buildings (21.442345ms)
✔ diagonal movement is normalized and sprint consumes stamina (13.56869ms)
✔ strafe-right follows the rendered camera right vector in both directions (3.838043ms)
✔ jump lands, and holding jump does not repeatedly bounce (4.821162ms)
✔ entering requires proximity; exiting needs low speed and an unobstructed location (2.790867ms)
✔ fast vehicles cannot tunnel through a thin wall (14.844472ms)
✔ braking reduces speed, reversing and steering remain bounded (26.41751ms)
✔ courier checkpoints require a vehicle and correct order (2.127132ms)
✔ first clear pays exactly once, including after save/reload and replay (2.401657ms)
✔ expired missions fail without rewards and cancellation permits retry (0.956569ms)
✔ escape mission waits for wanted to clear before permitting the finish (83.454384ms)
✔ shots consume ammunition, hit cars only along clear sightlines, and trigger pursuit (8.738154ms)
✔ empty magazine reloads without negative ammunition (35.552604ms)
✔ wanted decays outside patrol sight and stays active inside sight (253.959254ms)
✔ police movement remains on roads and cannot cross buildings (114.865034ms)
✔ traffic moves on its route and a vehicle collision raises wanted (10.191976ms)
✔ recovery clears transient state and charges only available funds (1.606663ms)
✔ repair charges only when needed and disallows repairs during pursuit (0.972974ms)
✔ repair never charges a healthy pedestrian with no nearby vehicle (0.610535ms)
✔ reset restores a fresh game and discarded runtime state is absent from saves (1.239427ms)
✔ vehicle bumpers remain solid during a damage cooldown without oscillating while throttle is held (85.315631ms)
✔ parked cars block a walking character with their full bumper footprint (7.335009ms)
✔ walking ignores a destroyed invisible vehicle (3.558069ms)
✔ entering a nearby car cannot teleport through a thin wall (0.990691ms)
✔ an exit destination beyond a thin wall is rejected even if the destination itself is clear (1.653544ms)
✔ unsafe saved positions use a validated fallback, including when the default spawn is blocked (1.404858ms)
✔ oncoming NPC traffic stops at contact instead of passing through other traffic (43.345377ms)
✔ jumping beneath a canopy clamps upward motion without horizontal ejection (6.095772ms)
✔ a jump can land on a low solid, remain supported and jump again without being ejected (5.899014ms)
✔ an entirely obstructed world fails explicitly instead of placing the player inside a wall (26.310377ms)
✔ boarding respects the road level when a vehicle is directly below the player (0.570234ms)
✔ exiting an elevated vehicle sweeps the door at deck height and stays on the deck (1.602787ms)
✔ a driver cannot exit onto a different road level beyond the bridge edge (0.938161ms)
✔ stair opening removes the terrain itself and retains adjacent sloped surface and UVs (3.718772ms)
✔ all three real world metro stair apertures are open to the sky while adjacent pavement remains (438.091581ms)
✔ traffic uses opposite separated lanes and follows rounded corners without getting stuck (941.078481ms)
✔ drivers brake for a queue before collision, let another lane pass and do not enter a blocked junction (0.320276ms)
✔ each junction has mutually exclusive green phases and an all-red clearance interval (0.656324ms)
✔ the complete southern fleet keeps moving past parked intersection cars for three simulated minutes (8331.639423ms)
✔ generated-city courier is completable with walking and real driving before its deadline (850.333125ms)
ℹ {"seconds":13.783333333333685,"reached":2,"minimumHealth":100,"maximumWanted":0,"maximumPatrols":0}
✔ generated-city timed circuit is completable through every checkpoint with real steering (4681.955835ms)
ℹ {"seconds":46.59999999999854,"reached":4,"minimumHealth":76.17862340525166,"maximumWanted":1,"maximumPatrols":2}
✔ generated-city getaway can trigger pursuit, lose real patrols and return without teleporting (8265.007606ms)
ℹ {"seconds":74.69999999999695,"reached":5,"minimumHealth":100,"maximumWanted":2,"maximumPatrols":3}
✔ asphalt surfaces tile the real road grid at one height without overlapping intersections (2.306134ms)
✔ ground-height query agrees with rendered triangles at ramps, pavement, park paths and promenade (5.781469ms)
✔ all registered obstacles have finite height and cover their actual instance geometry (12.588763ms)
✔ Node and browser texture paths emit identical physical and camera geometry (207.727931ms)
✔ shared vehicle and character dimensions enclose actual rendered geometry including mirrors and police lights (292.676499ms)
✔ all decorative sidewalk routes remain clear of grounded obstacles and sample the real pavement (168.577777ms)
✔ world finish composes existing hooks, preserves physical values and runs once in real instance metres (2.434738ms)
✔ southern street and eastern shore retain checkpoint mineral and metal coverage without modifying glazing shaders (267.935225ms)
✔ browser facade texture projection survives the added world grain shader (207.369518ms)
ℹ tests 342
ℹ suites 0
ℹ pass 342
ℹ fail 0
ℹ cancelled 0
ℹ skipped 0
ℹ todo 0
ℹ duration_ms 126857.463003
