
> neon-harbor@0.8.0 test
> node --test tests/*.test.js tests/controller/*.test.js

✔ render interpolation removes fixed-step staircasing at 30/60/90/144 Hz and uneven cadences (33.177994ms)
✔ yaw interpolation follows the shortest arc; ground, pitch and roll remain shared (4.818087ms)
✔ teleports and entering or leaving a vehicle never interpolate across the city (1.552171ms)
✔ rendered OBB interpolation cannot clip a corner between two legal headings (0.493367ms)
✔ sequential legal vehicle moves cannot produce a colliding render interpolant (5.488323ms)
✔ moving-target exponential damping is cadence-independent at constant speed (0.785771ms)
✔ chase camera position, look target and yaw stay consistent at 30/60/144 Hz (15.610613ms)
✔ camera follows the same bounded simulation time at 4 Hz and uneven slow frames (1.507032ms)
✔ height-aware swept camera clears curbs, catches thin walls, and pads the near plane (0.545717ms)
✔ camera focus inside foliage is moved to a legal pivot before the boom sweep (0.452556ms)
✔ camera retracts without entering buildings and releases an obstruction gradually (0.233734ms)
✔ camera takes shortest yaw arc and does not advance its pose with a zero timestep (0.734683ms)
✔ the northern resident network has legal doorstep routes, unobstructed station entrances and real crossing edges (5539.396381ms)
✔ all 240 residents finish real work visits, use all four shared routes, return and rest in actual homes without stranded journeys (18907.488656ms)
✔ citizens enter a crossing only with enough green time, and traffic yields for the occupied lane and releases it after the walker leaves (68.646193ms)
✔ working periods keep residents at their real posts and the night change starts a walk home without resetting position (1830.013797ms)
✔ every assigned home and workplace has a clear arrival and departure through its actual room door (786.695306ms)
✔ boarding paths align with real carriage doors and keep passengers out of carriage gaps and the ferry cabin (1.720917ms)
✔ elevated station lift poses have continuous movement, real landings and enough door time to walk aboard (2.064026ms)
✔ integrated building travel, continuous elevator and forced departure restore outdoor collision and cars (10207.438984ms)
✔ underground platform remains below street and transit motion does not trigger teleports or reindex every tick (24302.619465ms)
✔ a saved journey from the north ferry restores at its own pier, including after departure (11847.041944ms)
✔ camera supports below-sea-level clearance and seated passenger views without roof-crossing chase booms (1.028158ms)
✔ collapsed city guide lists addresses without reading floor contents or constructing room rows (5.30871ms)
✔ first disclosure resolves its current floor and room records once, including both compact rooms (10.36583ms)
✔ search and district filtering preserve visit targets without resolving hidden floor programmes (1.652943ms)
✔ every address targets its own entrance and safely restores its exterior, traffic and save position (9904.366803ms)
✔ every occupied floor has finite positive solids, rooms inside its footprint, a clear arrival and continuous stair elevations (3195.598847ms)
✔ multiplayer accepts the actual eastern top floors and rejects out-of-world or nonfinite positions (0.854072ms)
✔ a south shell stays hidden through an actual streamed load and restores valid culling bounds and fallback scenery on exit (276.891005ms)
✔ prepare fetches only nearby real district payloads and exposes resident metrics (3.16505ms)
✔ directional prefetch anticipates travel while distance and hysteresis drive actual disposal (3.668542ms)
✔ resident budget is a hard bound even when more targets are nearby (0.40325ms)
✔ failed near district remains failed until retry succeeds without pretending a proxy is full detail (0.775033ms)
✔ dispose settles prepare, releases late payloads, and never attaches after disposal (3.94435ms)
✔ cancelled district can be revisited before its aborted request settles (3.068134ms)
✔ old request failure cannot overwrite the latest successful prepare state (2.909789ms)
✔ chunk validation rejects malformed geometry before creating GPU resources (0.436801ms)
✔ a normal 60 Hz steering arc cannot graze a building corner between two clear endpoints (7.098913ms)
✔ a short diagonal translation cannot cut a building corner with clear endpoints (2.755761ms)
✔ grazing the corner of another vehicle stays blocked between clear endpoints (1.580381ms)
✔ the circular pedestrian footprint cannot cross a shallow rounded corner between samples (4.232876ms)
✔ the prospective supported vehicle envelope and height participate in collision (0.777767ms)
✔ stepping onto higher ground under an awning cannot eject an entity sideways (0.239332ms)
✔ vehicle bounds contain the full rotated footprint and swap width/length at a quarter turn (4.858463ms)
✔ SAT catches a vehicle nose beyond the old centre radius and its rotated outer corner (0.291191ms)
✔ SAT reports a separation normal, permits touching and rejects separated rotated rectangles (0.197679ms)
✔ circle/OBB checks the whole foot radius without treating clear diagonal corners as walls (0.25164ms)
✔ spatial queries find large colliders across cell edges, including negative coordinates, without duplicates (0.99814ms)
✔ a fast vehicle cannot tunnel through a thin wall, even across a long one-frame displacement (6.974265ms)
✔ a rotation sweep cannot pass through a thin obstacle even when the final orientation would be clear (12.652869ms)
✔ continuous diagonal pressure slides along a wall without bouncing or oscillating (4.541633ms)
✔ walking keeps the entire character circle outside a thin wall during a swept move (0.909927ms)
✔ parked and moving vehicles both block a swept vehicle without moving the other car (5.079868ms)
✔ walking collides with parked cars and dynamic self references never block their own movement (0.952993ms)
✔ a car stops for a pedestrian using the pedestrian full circular footprint (1.647794ms)
✔ height filtering blocks building sides while allowing rooftop travel and passage beneath elevated solids (3.550112ms)
✔ world boundaries constrain the rotated vehicle footprint and full character radius (27.257372ms)
✔ legacy overlapping poses are repaired once and remain stable while stationary (3.953734ms)
✔ camera-only foliage never becomes a physical wall at overlapping character height (2.346551ms)
✔ every compact building supports all-floor stair walks, furnished-room entries, lift return and street exit (6368.791865ms)
✔ minimum compact shell keeps real stair openings, clear cabin approach and height-filtered exterior prompts (27.334378ms)
✔ east-bay room furnishings fit every shell and narrow floors preserve room, stair and lift routes (11223.711487ms)
✔ every restored southern workplace has fitting functional furniture and a clear full-height room approach (444.744569ms)
✔ shared workplace layouts fit the minimum compact shell and support future taller freight buildings (7.569024ms)
✔ authored workplace checks reject missing real furniture, moved geometry and a blocked player corridor (124.11414ms)
✔ actual original lower5 checkpoint reaches the original endpoint through source collision/camera/service using fewer controller RPCs (532.237249ms)
✔ recorded-pressure cost envelope completes the original lower5 endpoint within the unchanged finite deadline (198.385542ms)
✔ original observed per-cycle pressure phases still reach lower5 without changing the original deadline (185.504302ms)
✔ all12 canonical source legs retain continuous physical stair height, full radius and confirmed key releases (909.315291ms)
✔ wrong vessel and revision observations fail without leaving a direction or precision modifier held (371.155947ms)
✔ higher finite wall pressure retains failure and releases the actual held direction and Z (176.361489ms)
✔ public route, E, destination, High captures and original failure remain literal (0.269228ms)
✔ existing shell uses survive stable address IDs and safer floor heights across both new shores (27.582719ms)
✔ harbor shop overrides and residents actual homes remain distinct from the restored employment warehouses (0.601751ms)
✔ bounded fixed-step clock preserves visible simulation time at 4–144 Hz (26.281783ms)
✔ a long rendering stall runs at most 15 small steps without a future backlog (0.383882ms)
✔ pause and visibility resume discard inactive time without rewinding the rendered phase (0.244711ms)
✔ flat streets produce zero body pitch/roll and keep wheels on the road (2.198149ms)
✔ a diagonal curb residual raises only the clearance missing from a fitted plane (1.294931ms)
✔ actual rendered tire vertices stay above the real city ramp at known curb problem positions (565.868245ms)
✔ slope collision envelope encloses every rendered car vertex including tilted mirrors (211.540808ms)
✔ the authored arrival owner fits the actual warehouse and adds only high supported obstacles (1.853638ms)
✔ curved canopy is a closed thin sheet with outward top and underside normals (2.189296ms)
✔ actual ordinary jump stays below every new canopy and brace collider (313.386896ms)
✔ warehouse detail obeys hysteresis, shell visibility, budget and real resource disposal (75.855596ms)
✔ the six real shopfronts keep their IDs while warehouse shell hiding and collision are integrated (54.156139ms)
✔ authored bus exposes isolated cached snapshots and preserves real API across shared cold release (700.211604ms)
✔ accepted partial and late actual GLBs release once after cold cancellation without attaching (126.148572ms)
✔ real partial load failure still disposes owned GLB when diagnostic counter reads throw (44.094739ms)
✔ thrown ceramics preserve the old window envelope and expose a real cavity above a closed foot (39.243751ms)
✔ UV seams keep continuous ceramic normals and all submitted normals are usable (13.561731ms)
✔ resident ceramic pigment and physical maps separate glazed clay and release once (104.513673ms)
✔ authored frontages attach to six actual occupied shells and keep High the default (56.134817ms)
✔ clear original entrance approaches, frontage walking strip and road lanes are preserved (12.994893ms)
✔ finite curved art geometry, metre projected scanned UVs and a bounded render budget (634.400836ms)
✔ near detail uses hysteresis, actually destroys buffers and restores far proxies (231.679896ms)
✔ shared interior shell IDs hide both proxy and resident art, including later streamed loads (92.3197ms)
✔ locally served scanned material maps have recorded CC0 provenance and verified hashes (65.460106ms)
✔ sample room craft fits actual furniture and overhead walls without adding circulation obstacles (141.960826ms)
✔ home system snapshot cannot rewrite its saved before/after/difference audit counters (284.73955ms)
✔ home unavailable diagnostic counters stay null and readErrors snapshots stay independent (207.835204ms)
✔ natural shared street traffic with twenty residents lets the bus reach the market without .43 body or .6 buffer contacts (98557.860857ms)
✔ an actual pre-repair public save resumes to the market without collision or duplicate settlement (40333.883823ms)
✔ the real turning tram protects a crossing resident against its next full swept pose (976.112197ms)
✔ walking verifies each new signal, waits outside an occupied full crossing and keeps claims through a null middle leg (852.200386ms)
✔ sample binds twenty separate residents to actual homes, counter frontages and legal routes (695.659203ms)
✔ actual delivery moves finite stock, debits wholesale and escrow, and pays the player once at the recipient (378.828159ms)
✔ stock availability and shop funds cause actual successful or blocked purchases (169.590406ms)
✔ daily schedules complete home, work, shop and courier loops regardless of visible distance or indoor context (621.375534ms)
✔ fixed economic ticks and persisted paths resume deterministically without repeating wages or deliveries (538.293616ms)
✔ corrupt or foreign snapshots cannot mint stock, money, arbitrary positions or orphan delivery payouts (208.785721ms)
✔ warehouse commutes board real moving trams and physically alight onto legal final pavement routes (1381.486336ms)
✔ renderer streams at most twelve detailed instances while presentation never advances city state (565.612451ms)
✔ restoring real in-flight fleet tickets preserves boarding, cargo and deterministic continuation (922.745918ms)
✔ rewinding display time never repeats an elapsed wage slot or changes the money supply (102.516122ms)
✔ player buys an actual stocked portion only from the staffed counter and game-owned cash funds the shop (387.243161ms)
✔ remote, unfunded, unstaffed, closed and sold-out retail requests never debit the game wallet (248.734554ms)
✔ runtime traffic clock controls crossing permission independently of persisted economic days (143.034059ms)
✔ integrated E retail changes the sole game wallet and a saved inventory restores alongside its ledger (6443.716399ms)
✔ pilot selects exactly two existing workstation/chair envelopes without changing any layout metadata (235.217798ms)
✔ all craft vertices stay inside original furniture bounds with finite normals and shared owned resources (129.682233ms)
✔ wood and ceramic clones retain shared texture/projection ownership without releasing source maps or materials (60.51639ms)
✔ candidate preserves literal collision/navigation identity and the physical entrance-to-lift walk (119.30271ms)
✔ only current pilot floor owns custom geometry; adjacent cache uses original furniture and reentry/exit fully releases (118.616451ms)
✔ opposite-shore landmarks retain contrast across the full public harbour view (1.990586ms)
✔ water variants keep independent clocks, shared programs and working cloned shader hooks (1.885856ms)
✔ urban finishes separate dielectric glazing, rough mineral surfaces and metal frames (42.030108ms)
✔ one real resident walks home, shared tram doors, workshop, funded work, finite purchase and home (3286.506443ms)
✔ room circulation includes every authored furniture collider at radius .6 (168.701678ms)
✔ arrival, absence and legacy wage slots cannot pay an incomplete work period (566.962711ms)
✔ saving each tram and furnished-room seam continues deterministically (3426.196792ms)
✔ partial-work restore cannot replay the first payment or earn by changing visual time (600.73614ms)
✔ existing carried delivery survives an indoor-work save and pays once alongside the resident ledger (516.314174ms)
✔ unfunded work remains at the job without inventing salary or accruing beyond the contract (577.394597ms)
✔ closed and empty public shops wait with unchanged goods, then transact once after real availability (1421.116831ms)
✔ version-one migration keeps the nineteen other identities and balances, without retroactive payroll (201.576825ms)
✔ the actual pre-repair public snapshot migrates its finite balances and nineteen routines unchanged (148.4705ms)
✔ retained payroll rejects erased payment bookkeeping without changing accounts (453.607519ms)
✔ retained payroll requires its exact owned receipt and positive transaction sequence (709.97857ms)
✔ missing indoor transit field cannot retain a live passenger ticket during restore (1046.107964ms)
✔ premature shopping and home-return saves cannot skip actual funded work (1387.633235ms)
✔ invalid payroll, interior ownership and clock saves are rejected atomically (459.948266ms)
✔ the worker renders only in the correct room and floor, with real joint motion and no state mutation (415.166208ms)
✔ three different real roles complete a shared-calendar day without walking teleports or new money and stock (5205.564228ms)
✔ counter and in-flight finite cargo save and resume the same routes, work receipts, queue ownership and balances (2266.817159ms)
✔ absence, closed shift and actual employer insolvency cannot fund unworked clerk time or pay a period twice (5857.229061ms)
✔ two actual courier IDs walk from separate physical FIFO places to one finite loading contact without overlap or double pickup (1509.512297ms)
✔ the exact noodles contact counterexample rejects unsupported road detours and the original walker waits with bounded real steps (167.82493ms)
✔ older v3 residents adopt furnished routes without relocating, resetting wallets or replaying a delivered cargo payout (1254.62003ms)
✔ tampered role receipts, absent service owners, fictitious cargo and furniture-crossing paths fail atomically (915.048649ms)
✔ normal city play boards bus, walks both decks, travels and alights at another physical stop (7110.432593ms)
✔ normal city play boards tram, walks both decks, travels and alights at another physical stop (12582.499347ms)
✔ normal city play boards ferry, walks both decks, travels and alights at another physical stop (15996.357436ms)
✔ interior visits preserve street traffic, sample service clocks and resident phases (1372.613065ms)
✔ safeSave restores real commuting tickets, economic paths and delayed dwell before another tick (41808.731625ms)
✔ fresh binding and malformed saved sample fields leave finite clean street state (3700.650908ms)
✔ fixed simulation and render updates remain separate, with bounded collector-height tram wires (4806.995703ms)
✔ a restored south-shore signal clock controls real cars, rendered lights and crossing residents while north traffic keeps its original clock (288.008771ms)
✔ ordinary city steps yield the long bus to a real resident already crossing, including after save/load (4864.837472ms)
✔ lighting previews cannot change shared resident schedules, economy or route progression (675.310346ms)
✔ actual clock controls opening, closing, shifts and midnight while preview time does not (201.723702ms)
✔ one real economic hour pays one funded wage and daylight cannot repeat or suppress it (56.025122ms)
✔ real home arrival waits for the same seven oclock departure and reset rebases both clocks (333.65519ms)
✔ genuine old public v1 save preserves finite balances and nineteen routines at a slower future clock (101.635337ms)
✔ genuine v2 payroll migration preserves historical event clocks and settles partial work once (317.679079ms)
✔ actual warehouse shift ending freezes valid work even at the real workstation (1572.207835ms)
✔ harbor towers occupy land behind a continuous shore and have authored geometric crowns (13.59066ms)
✔ the actual eye-level promenade camera sees multiple distinct towers across open water (28.608582ms)
✔ all three harbor viewpoints are reached on existing real pavement with the full player radius (253.848196ms)
✔ walking inland across the former support edge stays on the rendered shore and mountain triangles (199.520128ms)
✔ view distance streams and disposes real facade details without changing skyline massing or quality (19.273073ms)
✔ small window bays use metre UVs and sparse office lights follow the world clock (9.788136ms)
✔ a capped real-light pool selects physical sources at both original quay poses, fades at dawn/dusk, and disables indoors (7.35464ms)
✔ the two modeled tree brackets add bounded above-head geometry and release owned resources exactly once (2.162125ms)
✔ city propagation reads clock/view/quality and outdoor context without changing the public player state (1906.770312ms)
✔ the original South night quay position selects two fixed physical sources without any resident North chunk (1.954521ms)
✔ South fixtures release on Low, indoor context and leaving; reentry owns fresh resources without deleting North resources or the light pool (2.050656ms)
✔ the wall optic excludes its entire backing wall and bounds a modest warm receiving-ground pool (5.691711ms)
✔ one owned wall SpotLight replaces a rendered pool slot, survives frame updates, and releases at every owner boundary (3.496366ms)
✔ shared shore support ends at the visible coastline and preserves water outside it (1.488734ms)
✔ client and multiplayer server support match raycast triangles on both sides of ridge diagonals (127.310433ms)
✔ multiplayer support retains reachable infrastructure decks and the road beneath an underpass (0.286744ms)
✔ every original service fits its existing street or water corridor for a whole circuit (1072.6031ms)
✔ bus: walk through the boarding door, upstairs, along the upper aisle and back downstairs (71.925874ms)
✔ tram: walk through the boarding door, upstairs, along the upper aisle and back downstairs (59.051353ms)
✔ ferry: walk through the boarding door, upstairs, along the upper aisle and back downstairs (74.409777ms)
✔ passenger seats, closed doors and end walls reject movement rather than pinning the passenger (5.634775ms)
✔ ten minutes of independent timetables keep bus and tram bodies apart (351.922912ms)
✔ external traffic stops the bus before contact and the delayed timetable resumes (13.717688ms)
✔ saving restores stop dwell and delayed schedules without placing a load inside a vehicle (11.119242ms)
✔ citizens board a real stop, travel in the moving cabin and alight at a different stop (28.094654ms)
✔ a saved boarding token, door hold and citizen cabin pose continue after load (14.35264ms)
✔ both ferry piers can be walked from real street height over the sea wall and match rendered support (1033.043922ms)
✔ sixteen static batches retain all 101 original transforms, materials and shadow flags with independent bank bounds (17.539166ms)
✔ static instances stay shared while ferry gangways, eleven canvas signs and the live fleet remain independent (70.299395ms)
✔ bus at its actual eight-metre curb lane brakes before red, restores its queue and resumes on green (30.723966ms)
✔ tram at its actual eight-metre curb lane brakes before red, restores its queue and resumes on green (36.910858ms)
✔ a vehicle already admitted through green clears a newly red junction after save/load (32.152987ms)
✔ a green approach waits for a saved admitted cabin to clear its full junction (36.053008ms)
✔ the shared pedestrian stop-distance hook protects the bus front, persists its wait and excludes the ferry (45.316966ms)
✔ harbor assets have finite geometry and actual closed/open bounds inside their metre envelopes (1029.200849ms)
✔ both decks, all portals and stair landings remain reachable by the declared passenger capsule (8.432367ms)
✔ open doorway geometry clears a full body at both jambs, and closed leaves block passage (361.940781ms)
✔ actual stair mesh and ceilings leave standing headroom across the entire companionway (1565.917151ms)
✔ ferry support and side collision narrow with its bow rather than exposing square deck overhangs (1.140247ms)
✔ LOD budgets, original provenance and material response are explicit and lighting updates are instance-local (11.44793ms)
✔ instance disposal is idempotent and preserves shared geometry used by remaining vehicles and all LODs (10.564583ms)
✔ original fittings distinguish MIT geometry/prints from CC0 maps and embed exact checked texture bytes (51.687862ms)
✔ new official desk and shelf retain indexed geometry and complete PBR references (37.662007ms)
✔ authored five-model owner switches three tiers, shares three shelves and releases every unique resource once (94.392087ms)
✔ authored owner rejects partial/corrupt new models and never attaches five late results after floor release (98.50388ms)
✔ GLBs contain exact official acquired BIN and 1K JPEG bytes, original scenes/skins/PBR and proven hashes (82.428088ms)
✔ matching local r185 loader dependencies and source snapshot hashes are complete and local (3.878225ms)
✔ actual indexed geometry, retained vice skin, default-pose bounds and PBR references fit the two-model budget (23.229746ms)
✔ single workshop preserves original routes/unaffected colliders and >2m main passage; chest stays on its owner crate (43.538538ms)
✔ distance hysteresis loads once, releases owned resource callbacks and releases again on building exit (97.372893ms)
✔ late asynchronous loads cannot attach to released floor, and missing/corrupt PBR keeps the primitive fallback (49.889748ms)
✔ old pending generation cannot clear or replace a successful new near generation (24.402733ms)
✔ cold synchronous disposal counters separate owned rendered objects from never-rendered decoded resources (22.868779ms)
✔ throwing optional renderer diagnostics cannot prevent real GLB cleanup and snapshots do not alias read errors (47.974478ms)
✔ closed cabin actually blocks the former gap above the door leaves (85.676285ms)
✔ cabin occlusion follows actual camera bounds and restores city before doors open (1815.783417ms)
✔ ordinary third-person camera retracts behind the safety door throughout the high lift ride (72.298375ms)
✔ moving lift carries the normal low-pitch camera at 60 Hz without a floor-level view (71.972603ms)
✔ moving lift carries the normal low-pitch camera at 4 Hz without a floor-level view (30.706812ms)
✔ west-link: a pedestrian walks up, across and down without height mutation (2507.856835ms)
ℹ {"maximum":8,"maximumStep":0.010181811998556611,"seconds":87.48333333332965}
✔ west-link: a car drives both ramps and saves on a safe ground entrance (811.763267ms)
ℹ {"maximum":8.001,"maximumStep":0.04337433879758379,"seconds":21.883333333333372}
✔ east-link: a pedestrian walks up, across and down without height mutation (3412.791851ms)
ℹ {"maximum":9,"maximumStep":0.01049999775308752,"seconds":130.34999999999587}
✔ east-link: a car drives both ramps and saves on a safe ground entrance (950.225451ms)
ℹ {"maximum":9.001,"maximumStep":0.0447177873670066,"seconds":31.983333333332798}
✔ a pedestrian reaches the public freight-port promenade and walks back over the sea wall (496.722793ms)
ℹ {"outbound":{"maximum":2.4,"maximumStep":0.017683754768263338,"seconds":16.95000000000032},"inbound":{"maximum":2.4,"maximumStep":0.017683754768263338,"seconds":16.933333333332374}}
✔ cars cross below both flyovers without being lifted onto the deck (96.091536ms)
✔ added piers and street equipment leave existing north-shore traffic crossings open (491.616745ms)
✔ every address has an explicit entrance, frontage, roof, and unique physical signature (1.299989ms)
✔ all 192 authored display fronts are visible chunk geometry and clear the central approach (2.235817ms)
✔ shop lettering preserves its physical aspect ratio and uses ordinary UV projection (60.687484ms)
✔ upper facade ribs do not obscure retail signs or the entrance canopy (9.800014ms)
✔ retail counters and collision agree at adult scale, with small goods resting on top (24.559271ms)
✔ human-scale motifs and curved components survive actual chunk export (157.48911ms)
✔ additional architectural detail stays streamed and within bounded chunk budgets (103.383661ms)
✔ architectural refinement retains the full wide lobby approach at every address (2.889957ms)
✔ address-specific sign materials are disposed along with their streamed district (122.525409ms)
✔ an underpass and its upper carriageway stay independent at the same x/z (3.07664ms)
✔ both directions of both ramps support a continuous pedestrian journey without an elevation snap (288.197335ms)
✔ four-wheel car support follows both complete flyovers without jumping level or striking a collider (335.907701ms)
✔ rendered carriageway tops agree with the analytical support profile to one centimetre (0.826472ms)
✔ cross-streets retain a clear path below the flyovers and bridge piers remain outside carriageways (13.38871ms)
✔ freight access rises continuously over the original seawall and reaches a real clear deck (24.108076ms)
✔ station additions preserve every building entrance, transit entrance and ferry passage (6.364259ms)
✔ district culling hides distant detail while keeping local geometry and permanent collisions (0.350451ms)
✔ entry signs face their approach routes and every sign has an opaque blank reverse (12.02872ms)
✔ every one of 48 addresses has distinct furnished programmes, open entrances, and a walkable elevator route (507.698469ms)
✔ all natural floor plans keep furniture collision aligned with visible geometry and guard upper-floor edges (1361.813727ms)
✔ the tallest lift carries a boarded passenger continuously, closes its doors, and arrives clear of furniture (36.840934ms)
✔ elevator selection validates the passenger still occupies the physical cabin and forced leave clears a moving ride (9.544728ms)
✔ interiors use textured shared finishes but transparent local glazing, and refresh copied player snapshots (7.641305ms)
✔ entering and leaving rooms preserves the global point-light shader budget without changing outdoor daylight (9.880556ms)
✔ every natural stair flight carries ordinary walking up and down all occupied floors without teleporting (10173.652786ms)
✔ stair treads, nosings, landings and cutouts agree with continuous-world support geometry (2779.030154ms)
✔ the upper stair opening guards its wrong end without a four-metre ground-height snap (10.845017ms)
✔ hidden enclosed floors keep their collision and furnishings resident while the stair opening reveals adjacent floors (4.316598ms)
✔ painted corridor ceilings sit below the stone slab above instead of exposing its underside (18.956753ms)
✔ occupied finishes retain matte microtexture and modest indirect light with the same two-point-light budget (4.34406ms)
✔ all 48 closed pedestrian routes remain on pavements and outside every building envelope (81.669992ms)
✔ population has continuous persistent identities, social groups and eight original wardrobes (307.166444ms)
✔ distance streaming enforces entity budgets and unloads the entire crowd beyond the city (142.877232ms)
✔ pause freezes resident positions and animation time, and nearby conversations return actual local directions (12.006485ms)
✔ pedestrians wait for a stopped vehicle on their route without tunnelling into its body (20.252626ms)
✔ wardrobe variants share cached geometry while retaining compatible animated knees and elbows (4.223097ms)
✔ local collision queries match a full-population reference after movement and reuse stable body records (24.862137ms)
✔ all citizens have stable distinct names, district occupations and four changing daily purposes (2.448378ms)
✔ street activities are finite, social residents resume walking, and hour changes never teleport people (261.221473ms)
✔ repeated conversations expose identity, current purpose and actual local floors instead of one repeated tip (2.969848ms)
✔ occupational props retain hand attachment, cache geometry, and fit varied anatomical bodies (2.010856ms)
✔ real bus-bay residents stay outside the avenue and parked vehicles without adding population or fake boarding (71.61304ms)
✔ all natural floors name distinct functional areas without substituting furniture for rooms (9.160786ms)
✔ every natural-floor room threshold remain reachable through the central aisle and real door openings (5609.630853ms)
✔ distinct programmes contain their recognizable specialist equipment and real domestic subdivisions (220.831179ms)
✔ soft furniture batches share geometry and materials while snapshot exposes navigable room metadata (41.133934ms)
✔ domestic room dimensions reflect furnished homes rather than unused public halls (3.245426ms)
✔ eight hospital rooms have clean bounded interiors and medical furniture within real walls (1.588526ms)
✔ hospital visitors can reach counters, seats, beds, handwashing and rehabilitation equipment and return (12.20714ms)
✔ all enclosed occupied rooms have human-scale enclosures and furnishings within their walls (242.457586ms)
✔ public arrival and corridor spaces contain legible orientation, seating and programme-specific displays (248.771144ms)
✔ metro: enter, wait, board, travel and disembark at the next station (31.098204ms)
✔ light-rail: enter, wait, board, travel and disembark at the next station (2.848454ms)
✔ high-speed: enter, wait, board, travel and disembark at the next station (2.827152ms)
✔ ferry: enter, wait, board, travel and disembark at the next station (2.245441ms)
✔ all ten stations have an initial visible service and maximum waiting time under 25 seconds (14.206609ms)
✔ underground platforms preserve their own floor height and cannot activate from the street (0.660801ms)
✔ leave and reset return a platform or moving passenger to a safe street entrance (1.426331ms)
✔ large or invalid frame increments preserve deterministic finite vehicle poses (6.962546ms)
✔ boarding requires reaching the marked platform area and an open stationary vehicle (1.336345ms)
✔ station architecture and fleet share instanced resources and cull remote underground vehicles (55.913581ms)
✔ underground and elevated station roofs clip a steep camera boom without altering walking collision (3.899056ms)
✔ ferry entrance signage supports stay above an approaching pedestrian camera (29.476402ms)
✔ every station returns the player to rendered street ground clear of all world obstacles (659.483032ms)
✔ the ferry passenger stands on the forward deck clear of furniture with an unobstructed forward view (18.602226ms)
✔ ferry entrance sign planes retract the default chase boom on both landward exits (17.778659ms)
✔ all three metro stations can be walked down and back up with the real player capsule and no teleport (109.639258ms)
✔ metro upper streets, lower platforms and switchback stairs keep their independent heights (0.341537ms)
✔ metro gate turns remain walkable in both directions throughout the bounded endpoint margin (44.411298ms)
✔ rendered metro treads match the physical walking slope within one riser, with clear headroom (425.029315ms)
✔ upper metro stairs see a solid retaining wall above the covered landing instead of the world underside (118.010327ms)
✔ every animated train-door batch has a stable conservative envelope for both open and closed poses (17.87801ms)
✔ offscreen above-ground train doors cull for a metro viewer while doors inside the view remain (19.747051ms)
✔ west mountains form one bounded connected ridge within the original union envelope (240.674976ms)
✔ northern backdrop replaces twelve cones with a bounded continuous surface and separate standard material (140.132966ms)
✔ western connected ridge uses metre-scaled UVs and owned standard dry-mineral normal/roughness maps (96.996028ms)
✔ permanent mountain ownership survives interior/quality switches and disposes geometry/material once (76.308753ms)
✔ changed source batches are rejected rather than rewriting another cone or terrain family (81.914504ms)
✔ 48 permanent addresses have unique identity, continuous natural storeys, and distinct programmes (2.954605ms)
✔ every south entrance has a physical street approach and a door opening (1.562787ms)
✔ permanent road lanes remain free of building collision with unloaded districts (9.41416ms)
✔ bridge deck joins both shores continuously, with no abrupt end slope (0.301897ms)
✔ north ferry, metro, light rail and high-speed station approaches stay open (0.268327ms)
✔ export contains twelve real validated chunks with independent detailed geometry (27.962305ms)
✔ entering one address hides just its shell and exiting restores it (37.581774ms)
✔ runtime fetches nearby JSON and actually disposes detail after moving away (152.152282ms)
✔ streaming startup retains no authored detail transforms before any fetch (85.659717ms)
✔ paving keeps every doorway covered while an occupied lobby has exactly one visible y=0 floor (1502.618511ms)
✔ distance LOD preserves the hero car and reduces distant geometry without changing its collision envelope (220.070536ms)
✔ distant pedestrians retain animated joints and original human dimensions (84.043333ms)
✔ removing a car disposes owned paint and lights while preserving shared LOD geometry (107.266244ms)
✔ eight real room clients coalesce rapid atlas, entry and lift travel into the latest bounded position (169.691664ms)
✔ the real service still rejects rapid direct travel, excessive movement and out-of-world positions (20.212154ms)
✔ an acknowledged travel cannot clear a newer revision queued during the actual HTTP request (10.983196ms)
✔ a throttled HTTP acknowledgement preserves the unsent travel until an actual accepted update (12.942575ms)
✔ leaving discards the queued travel and ignores an old session acknowledgement (8.093158ms)
✔ a rapid travel-to-car claim waits for the actual latest pose before requesting ownership (118.400839ms)
✔ a claim awaits an existing actual HTTP state request without duplicating it (7.642986ms)
✔ a failed actual state update aborts the claim without silently retrying HTTP (5.892826ms)
✔ leaving during a queued claim prevents any later ownership request (105.741975ms)
✔ a claim without a session fails before making an HTTP request (0.445485ms)
✔ an old session acknowledgement cannot clear a new session state request or complete its old claim (19.179881ms)
✔ a claim waiting on a hung state RPC has a 6500 ms bound and cannot claim after timeout (2.43607ms)
✔ real room service joins two clients, streams movement/chat, isolates rooms and rejects invalid packets (376.096285ms)
✔ vehicle claims are exclusive and leaving releases ownership (26.394117ms)
✔ room capacity is enforced and peer interpolation follows shortest angles without interpolating travel (25.399771ms)
✔ traffic follows the same street route while the player uses an indoor collision context (2400.574541ms)
✔ background traffic restores indoor data after an invalid road update throws (2.261876ms)
✔ precision input crosses a 1.6 metre doorway at four rendered frames per second (15.935919ms)
✔ normal and sprint speeds stay intact; precision overrides sprint without draining stamina (5.389774ms)
✔ double-decker hull blocks feet above sedan height and preserves its actual span (1.524469ms)
✔ licensed core GLB preserves source geometry, budgets, sole height, UVs, normalized normals and four skin influences (104.179925ms)
✔ actual 71-bone GLTF parses, inverse binds preserve standing geometry, and original FK walk/stair clips deform real limbs (110.986479ms)
✔ near factory requests once at near tier, clones isolated bones, keeps far LOD and handles disposal and load failure (70.250577ms)
✔ late loading cannot resurrect released residents and shared cache is bounded to twelve (80.970895ms)
✔ selected original assets and licences are inspectable, hash verified, and eye alpha is preserved (126.766942ms)
✔ High/Balanced share the formal asset while Low disposes shared data and late generations cannot restore it (96.835263ms)
✔ hidden or first-person/dead player cannot request a near asset and legacy held props follow the real new hand (52.533251ms)
✔ daily renderer selects at most twelve by viewer WORLD position, exposes only CPU asset stats, and disposes its presentation (5.907628ms)
✔ actual worker idle supports both soles while breathing and weight shift preserve the actor transform (303.614969ms)
✔ actual worker level walk plants real ankles, lifts swing feet, and keeps skin finite without world edits (242.021442ms)
✔ actual commuter idle supports both soles while breathing and weight shift preserve the actor transform (167.81084ms)
✔ actual commuter level walk plants real ankles, lifts swing feet, and keeps skin finite without world edits (145.734926ms)
✔ actual shopkeeper idle supports both soles while breathing and weight shift preserve the actor transform (140.463271ms)
✔ actual shopkeeper level walk plants real ankles, lifts swing feet, and keeps skin finite without world edits (121.394473ms)
✔ the actual working reach raises a bent forearm; repeated presentation synchronization does not accumulate offsets (140.551621ms)
✔ stairs, high speed and discontinuous arrivals preserve original caller limb rotations and never move the actor (219.775819ms)
✔ actual scaled citizen builds and ordinary curved movement support real ankles without distorting actor scale (139.304742ms)
✔ the real near factory presents the new pose through existing LOD synchronization and releases its original skeleton once (322.605499ms)
✔ stopping ordinary level walking keeps real foot positions and settles the lifted sole instead of snapping to bind pose (221.549276ms)
✔ the original presentation bob does not count as stairs, while a real grounded rise still retains legacy animation (129.396475ms)
✔ actual occupational book/phone/cup keep private callbacks and object identities, migrate to real wrist, and restore old LOD (209.683194ms)
✔ minimal four-address north renderer joins the same twelve slots and preserves logical identities, dialogue and pool lifetime (429.901111ms)
✔ owner probe counts actual shared template references and closes one bitmap only after final instance + unpaused cooldown (190.397081ms)
✔ actual original North book phone cup and explicit cargo report same objects at real hands; probe is read-only through near/far/Low (189.660215ms)
✔ late GLB completion after Low is actually closed and cannot refill owners or resurrect actors (48.561295ms)
✔ three actual core wardrobes obey per-role budgets and embedded texture MIME, preserve smooth skin normals, eyes and all fingers (153.744704ms)
✔ commuter and female shopkeeper parse real skinning and original walk/stair clips without invalid inverse binds or missing eyes (200.165827ms)
✔ one world-camera pool includes visible player, peers and residents in twelve slots; hidden/first-person subjects never fetch (148.238824ms)
✔ role residency counts actual instances, holds brief far/paused gaps, evicts each role after cooldown and reloads lazily (163.967843ms)
✔ superseded pending role releases late geometry and cannot repopulate a newly requested role generation (109.811469ms)
✔ candidate actually wires shared library into player/peers/walkers/daily life while preserving gameplay and avoiding GPU queries (5.093415ms)
✔ actual legacy factory retains API and both held props through near FK, Low return, death and late leave (134.629169ms)
✔ managed role eviction and return never attach an old pending generation or resurrect a disposed actor (98.140261ms)
✔ fresh saves have bounded values; corrupt and incompatible saves recover safely (2.443181ms)
✔ walking respects camera orientation, bounds and solid buildings (29.802521ms)
✔ diagonal movement is normalized and sprint consumes stamina (18.15514ms)
✔ strafe-right follows the rendered camera right vector in both directions (6.428547ms)
✔ jump lands, and holding jump does not repeatedly bounce (7.933166ms)
✔ entering requires proximity; exiting needs low speed and an unobstructed location (3.542646ms)
✔ fast vehicles cannot tunnel through a thin wall (16.561665ms)
✔ braking reduces speed, reversing and steering remain bounded (27.803163ms)
✔ courier checkpoints require a vehicle and correct order (2.339834ms)
✔ first clear pays exactly once, including after save/reload and replay (3.898515ms)
✔ expired missions fail without rewards and cancellation permits retry (1.229472ms)
✔ escape mission waits for wanted to clear before permitting the finish (142.648897ms)
✔ shots consume ammunition, hit cars only along clear sightlines, and trigger pursuit (15.526277ms)
✔ empty magazine reloads without negative ammunition (63.69018ms)
✔ wanted decays outside patrol sight and stays active inside sight (307.245608ms)
✔ police movement remains on roads and cannot cross buildings (143.97866ms)
✔ traffic moves on its route and a vehicle collision raises wanted (10.605254ms)
✔ recovery clears transient state and charges only available funds (1.730952ms)
✔ repair charges only when needed and disallows repairs during pursuit (2.431873ms)
✔ repair never charges a healthy pedestrian with no nearby vehicle (0.905221ms)
✔ reset restores a fresh game and discarded runtime state is absent from saves (1.72964ms)
✔ vehicle bumpers remain solid during a damage cooldown without oscillating while throttle is held (110.827037ms)
✔ parked cars block a walking character with their full bumper footprint (9.234572ms)
✔ walking ignores a destroyed invisible vehicle (4.515639ms)
✔ entering a nearby car cannot teleport through a thin wall (2.639087ms)
✔ an exit destination beyond a thin wall is rejected even if the destination itself is clear (2.35046ms)
✔ unsafe saved positions use a validated fallback, including when the default spawn is blocked (2.065538ms)
✔ oncoming NPC traffic stops at contact instead of passing through other traffic (63.270049ms)
✔ jumping beneath a canopy clamps upward motion without horizontal ejection (7.159875ms)
✔ a jump can land on a low solid, remain supported and jump again without being ejected (9.169299ms)
✔ an entirely obstructed world fails explicitly instead of placing the player inside a wall (30.419656ms)
✔ boarding respects the road level when a vehicle is directly below the player (0.908005ms)
✔ exiting an elevated vehicle sweeps the door at deck height and stays on the deck (2.927345ms)
✔ a driver cannot exit onto a different road level beyond the bridge edge (1.779024ms)
✔ stair opening removes the terrain itself and retains adjacent sloped surface and UVs (5.405798ms)
✔ all three real world metro stair apertures are open to the sky while adjacent pavement remains (715.291129ms)
✔ traffic uses opposite separated lanes and follows rounded corners without getting stuck (1387.458936ms)
✔ drivers brake for a queue before collision, let another lane pass and do not enter a blocked junction (0.391453ms)
✔ each junction has mutually exclusive green phases and an all-red clearance interval (0.540599ms)
✔ the complete southern fleet keeps moving past parked intersection cars for three simulated minutes (10490.535311ms)
✔ generated-city courier is completable with walking and real driving before its deadline (984.368467ms)
ℹ {"seconds":13.783333333333685,"reached":2,"minimumHealth":100,"maximumWanted":0,"maximumPatrols":0}
✔ generated-city timed circuit is completable through every checkpoint with real steering (5572.826382ms)
ℹ {"seconds":46.59999999999854,"reached":4,"minimumHealth":76.17862340525166,"maximumWanted":1,"maximumPatrols":2}
✔ generated-city getaway can trigger pursuit, lose real patrols and return without teleporting (9082.03399ms)
ℹ {"seconds":74.69999999999695,"reached":5,"minimumHealth":100,"maximumWanted":2,"maximumPatrols":3}
✔ asphalt surfaces tile the real road grid at one height without overlapping intersections (11.187285ms)
✔ ground-height query agrees with rendered triangles at ramps, pavement, park paths and promenade (8.83391ms)
✔ all registered obstacles have finite height and cover their actual instance geometry (18.513633ms)
✔ Node and browser texture paths emit identical physical and camera geometry (339.708876ms)
✔ shared vehicle and character dimensions enclose actual rendered geometry including mirrors and police lights (313.244622ms)
✔ all decorative sidewalk routes remain clear of grounded obstacles and sample the real pavement (232.340177ms)
✔ world finish composes existing hooks, preserves physical values and runs once in real instance metres (2.540487ms)
✔ southern street and eastern shore retain checkpoint mineral and metal coverage without modifying glazing shaders (344.832843ms)
✔ browser facade texture projection survives the added world grain shader (265.101335ms)
ℹ tests 429
ℹ suites 0
ℹ pass 429
ℹ fail 0
ℹ cancelled 0
ℹ skipped 0
ℹ todo 0
ℹ duration_ms 180301.879218
