node:internal/modules/run_main:107
    triggerUncaughtException(
    ^

AssertionError [ERR_ASSERTION]: Values have same structure but are not reference-equal:

... Skipped lines
[
  {
    elapsedExplicitCPUWallMs: 35190,
    failure: null,
    finalLocal: {
      x: -0.024999999999999627,
      y: 0.44,
      yaw: 1.5707963267948966,
      z: 3.74
    },
    frames: 7,
    heightGap: 0,
    horizontalGap: 0.024999999999999627,
    motion: {
      failureDiagnostic: null,
      firstError: null,
      initialLocal: {
        x: -0.55,
        y: 0.44,
        yaw: 0,
        z: 3.74
      },
      lastObservedLocal: {
        x: -0.024999999999999627,
        y: 0.44,
        yaw: 1.5707963267948966,
        z: 3.74
      },
      localBudget: 150000,
      maxIterations: 1800,
      precision: true,
      precisionModifier: {
        downAttempted: true,
        downConfirmed: true,
        inputs: [
          {
            action: 'down',
            key: 'z'
          },
          {
            action: 'up',
            confirmed: true,
            key: 'z'
          }
        ],
        key: 'z',
        releaseConfirmed: true,
        scope: 'precision-local-leg-only'
      },
      samples: [
...}

    at file:///workspace/neon-candidates/ferry-source-axis-and-long-hall-finite-candidate-20261005/verify-actual-source-axis-and-longhall-cpu.mjs:28:167 {
  generatedMessage: true,
  code: 'ERR_ASSERTION',
  actual: [
    {
      name: 'upper-0',
      target: { x: 0, z: 3.74, y: 0.44 },
      precision: true,
      failure: null,
      frames: 7,
      elapsedExplicitCPUWallMs: 35190,
      horizontalGap: 0.024999999999999627,
      heightGap: 0,
      finalLocal: {
        x: -0.024999999999999627,
        y: 0.44,
        z: 3.74,
        yaw: 1.5707963267948966
      },
      motion: {
        stage: 'upper-0',
        target: { x: 0, z: 3.74, y: 0.44 },
        precision: true,
        localBudget: 150000,
        maxIterations: 1800,
        initialLocal: { x: -0.55, y: 0.44, z: 3.74, yaw: 0 },
        lastObservedLocal: {
          x: -0.024999999999999627,
          y: 0.44,
          z: 3.74,
          yaw: 1.5707963267948966
        },
        samples: [
          {
            ready: true,
            started: true,
            paused: false,
            teleportRevision: 3,
            simulationTime: 0,
            position: [Object],
            camera: [Object],
            timing: [Object],
            city: [Object]
          },
          {
            n: 0,
            before: [Object],
            key: 'a',
            slow: true,
            desired: 0,
            inputs: [Array],
            waits: [],
            releaseConfirmed: true,
            guardBaseline: [Object],
            publicHeldControl: 'ordinary slow key through actual RAF observations, then original near correction',
            actualHeldObservation: [Object],
            after: [Object],
            heldSeconds: 1.0000000000000013,
            geometricMetres: 0.30000000000000027
          },
          {
            n: 1,
            before: [Object],
            key: 'a',
            slow: true,
            desired: 0,
            inputs: [Array],
            waits: [],
            releaseConfirmed: true,
            guardBaseline: [Object],
            slowModifierAlreadyHeld: true,
            after: [Object],
            heldSeconds: 1.2500000000000004,
            geometricMetres: 0.37500000000000033
          },
          {
            n: 2,
            before: [Object],
            key: 'a',
            slow: true,
            desired: 0,
            inputs: [Array],
            waits: [],
            releaseConfirmed: true,
            guardBaseline: [Object],
            slowModifierAlreadyHeld: true,
            after: [Object],
            heldSeconds: 1.4999999999999996,
            geometricMetres: 0.4500000000000004
          },
          {
            n: 3,
            before: [Object],
            key: 'a',
            slow: true,
            desired: 0,
            inputs: [Array],
            waits: [],
            releaseConfirmed: true,
            guardBaseline: [Object],
            slowModifierAlreadyHeld: true,
            after: [Object],
            heldSeconds: 1.7499999999999987,
            geometricMetres: 0.5250000000000004
          }
        ],
        precisionModifier: {
          key: 'z',
          scope: 'precision-local-leg-only',
          downAttempted: true,
          downConfirmed: true,
          releaseConfirmed: true,
          inputs: [ [Object], [Object] ]
        },
        failureDiagnostic: null,
        firstError: null
      }
    },
    {
      name: 'upper-1',
      target: { x: 0, z: 3.07, y: 0.44 },
      precision: true,
      failure: null,
      frames: 9,
      elapsedExplicitCPUWallMs: 45230,
      horizontalGap: 0.004533744324137709,
      heightGap: 0,
      finalLocal: {
        x: 0.00016905192042730298,
        y: 0.44,
        z: 3.0654694085325587,
        yaw: 3.1042965233701265
      },
      motion: {
        stage: 'upper-1',
        target: { x: 0, z: 3.07, y: 0.44 },
        precision: true,
        localBudget: 150000,
        maxIterations: 1800,
        initialLocal: {
          x: -0.024999999999999627,
          y: 0.44,
          z: 3.74,
          yaw: 1.5707963267948966
        },
        lastObservedLocal: {
          x: 0.00016905192042730298,
          y: 0.44,
          z: 3.0654694085325587,
          yaw: 3.1042965233701265
        },
        samples: [
          {
            ready: true,
            started: true,
            paused: false,
            teleportRevision: 3,
            simulationTime: 1.7499999999999987,
            position: [Object],
            camera: [Object],
            timing: [Object],
            city: [Object]
          },
          {
            n: 0,
            before: [Object],
            key: 's',
            slow: true,
            desired: -0.0372961302196666,
            inputs: [Array],
            waits: [],
            releaseConfirmed: true,
            guardBaseline: [Object],
            publicHeldControl: 'ordinary slow key through actual RAF observations, then original near correction',
            actualHeldObservation: [Object],
            after: [Object],
            heldSeconds: 1.2499999999999956,
            geometricMetres: 0.3749999999999957
          },
          {
            n: 1,
            before: [Object],
            key: 's',
            slow: true,
            desired: -0.03729613021966571,
            inputs: [Array],
            waits: [],
            releaseConfirmed: true,
            guardBaseline: [Object],
            slowModifierAlreadyHeld: true,
            after: [Object],
            heldSeconds: 1.4999999999999947,
            geometricMetres: 0.44999999999999485
          },
          {
            n: 2,
            before: [Object],
            key: 's',
            slow: true,
            desired: -0.03729613021966527,
            inputs: [Array],
            waits: [],
            releaseConfirmed: true,
            guardBaseline: [Object],
            slowModifierAlreadyHeld: true,
            after: [Object],
            heldSeconds: 1.7499999999999938,
            geometricMetres: 0.524999999999994
          },
          {
            n: 3,
            before: [Object],
            key: 's',
            slow: true,
            desired: -0.03729613021966438,
            inputs: [Array],
            waits: [],
            releaseConfirmed: true,
            guardBaseline: [Object],
            slowModifierAlreadyHeld: true,
            after: [Object],
            heldSeconds: 1.999999999999993,
            geometricMetres: 0.5999999999999932
          },
          {
            n: 4,
            before: [Object],
            key: 's',
            slow: true,
            desired: -0.03729613021966127,
            inputs: [Array],
            waits: [],
            releaseConfirmed: true,
            guardBaseline: [Object],
            slowModifierAlreadyHeld: true,
            after: [Object],
            heldSeconds: 2.249999999999992,
            geometricMetres: 0.6749999999999924
          }
        ],
        precisionModifier: {
          key: 'z',
          scope: 'precision-local-leg-only',
          downAttempted: true,
          downConfirmed: true,
          releaseConfirmed: true,
          inputs: [ [Object], [Object] ]
        },
        failureDiagnostic: null,
        firstError: null
      }
    },
    {
      name: 'upper-2',
      target: { x: -0.77, y: 0.44, z: 3.07 },
      precision: true,
      failure: null,
      frames: 10,
      elapsedExplicitCPUWallMs: 50190,
      horizontalGap: 0.020182377619130266,
      heightGap: 0,
      finalLocal: {
        x: -0.7498179715764515,
        y: 0.44,
        z: 3.0698812773305186,
        yaw: -1.5649138011377075
      },
      motion: {
        stage: 'upper-2',
        target: { x: -0.77, y: 0.44, z: 3.07 },
        precision: true,
        localBudget: 150000,
        maxIterations: 1800,
        initialLocal: {
          x: 0.00016905192042730298,
          y: 0.44,
          z: 3.0654694085325587,
          yaw: 3.1042965233701265
        },
        lastObservedLocal: {
          x: -0.7498179715764515,
          y: 0.44,
          z: 3.0698812773305186,
          yaw: -1.5649138011377075
        },
        samples: [
          {
            ready: true,
            started: true,
            paused: false,
            teleportRevision: 3,
            simulationTime: 3.9999999999999907,
            position: [Object],
            camera: [Object],
            timing: [Object],
            city: [Object]
          },
          {
            n: 0,
            before: [Object],
            key: 'd',
            slow: true,
            desired: 0.005882525657189053,
            inputs: [Array],
            waits: [],
            releaseConfirmed: true,
            guardBaseline: [Object],
            publicHeldControl: 'ordinary slow key through actual RAF observations, then original near correction',
            actualHeldObservation: [Object],
            after: [Object],
            heldSeconds: 1.7499999999999942,
            geometricMetres: 0.5249999999999991
          },
          {
            n: 1,
            before: [Object],
            key: 'd',
            slow: true,
            desired: 0.005882525657279647,
            inputs: [Array],
            waits: [],
            releaseConfirmed: true,
            guardBaseline: [Object],
            slowModifierAlreadyHeld: true,
            after: [Object],
            heldSeconds: 1.9999999999999933,
            geometricMetres: 0.599999999999999
          },
          {
            n: 2,
            before: [Object],
            key: 'd',
            slow: true,
            desired: 0.005882525657338045,
            inputs: [Array],
            waits: [],
            releaseConfirmed: true,
            guardBaseline: [Object],
            slowModifierAlreadyHeld: true,
            after: [Object],
            heldSeconds: 2.2499999999999925,
            geometricMetres: 0.6749999999999988
          },
          {
            n: 3,
            before: [Object],
            key: 'd',
            slow: true,
            desired: 0.005882525657488813,
            inputs: [Array],
            waits: [],
            releaseConfirmed: true,
            guardBaseline: [Object],
            slowModifierAlreadyHeld: true,
            after: [Object],
            heldSeconds: 2.4999999999999916,
            geometricMetres: 0.7499999999999987
          }
        ],
        precisionModifier: {
          key: 'z',
          scope: 'precision-local-leg-only',
          downAttempted: true,
          downConfirmed: true,
          releaseConfirmed: true,
          inputs: [ [Object], [Object] ]
        },
        failureDiagnostic: null,
        firstError: null
      }
    },
    {
      name: 'upper-3',
      target: { x: -0.77, z: 1.06, y: 1.42 },
      precision: true,
      failure: null,
      frames: 7,
      elapsedExplicitCPUWallMs: 35230,
      horizontalGap: 0.022573535346402464,
      heightGap: 0.013906215055611737,
      finalLocal: {
        x: -0.769282337560155,
        y: 1.4060937849443882,
        z: 1.082562124426962,
        yaw: -3.10979509156053
      },
      motion: {
        stage: 'upper-3',
        target: { x: -0.77, z: 1.06, y: 1.42 },
        precision: true,
        localBudget: 150000,
        maxIterations: 1800,
        initialLocal: {
          x: -0.7498179715764515,
          y: 0.44,
          z: 3.0698812773305186,
          yaw: -1.5649138011377075
        },
        lastObservedLocal: {
          x: -0.769282337560155,
          y: 1.4060937849443882,
          z: 1.082562124426962,
          yaw: -3.10979509156053
        },
        samples: [
          {
            ready: true,
            started: true,
            paused: false,
            teleportRevision: 3,
            simulationTime: 6.499999999999982,
            position: [Object],
            camera: [Object],
            timing: [Object],
            city: [Object]
          },
          {
            n: 0,
            before: [Object],
            key: 's',
            slow: false,
            desired: -6.273144241383454,
            inputs: [Array],
            waits: [],
            releaseConfirmed: true,
            guardBaseline: [Object],
            publicHeldControl: 'ordinary public gait to .7m, then original slow near correction',
            actualHeldObservation: [Object],
            after: [Object],
            heldSeconds: 0.7499999999999973,
            geometricMetres: 1.6874999999999962
          },
          {
            n: 1,
            before: [Object],
            key: 's',
            slow: true,
            desired: -6.251387745150323,
            inputs: [Array],
            waits: [],
            releaseConfirmed: true,
            guardBaseline: [Object],
            publicHeldControl: 'ordinary slow key through actual RAF observations, then original near correction',
            actualHeldObservation: [Object],
            after: [Object],
            heldSeconds: 0.9999999999999964,
            geometricMetres: 1.7624999999999968
          },
          {
            n: 2,
            before: [Object],
            key: 's',
            slow: true,
            desired: -6.251387745150325,
            inputs: [Array],
            waits: [],
            releaseConfirmed: true,
            guardBaseline: [Object],
            slowModifierAlreadyHeld: true,
            after: [Object],
            heldSeconds: 1.2499999999999956,
            geometricMetres: 1.8374999999999975
          },
          {
            n: 3,
            before: [Object],
            key: 's',
            slow: true,
            desired: -6.25138774515033,
            inputs: [Array],
            waits: [],
            releaseConfirmed: true,
            guardBaseline: [Object],
            slowModifierAlreadyHeld: true,
            after: [Object],
            heldSeconds: 1.4999999999999947,
            geometricMetres: 1.912499999999998
          },
          {
            n: 4,
            before: [Object],
            key: 's',
            slow: true,
            desired: -6.251387745150343,
            inputs: [Array],
            waits: [],
            releaseConfirmed: true,
            guardBaseline: [Object],
            slowModifierAlreadyHeld: true,
            after: [Object],
            heldSeconds: 1.750000000000007,
            geometricMetres: 1.9874999999999987
          }
        ],
        precisionModifier: {
          key: 'z',
          scope: 'precision-local-leg-only',
          downAttempted: true,
          downConfirmed: true,
          releaseConfirmed: true,
          inputs: [ [Object], [Object] ]
        },
        failureDiagnostic: null,
        firstError: null
      }
    },
    {
      name: 'upper-4',
      target: { x: -0.77, y: 2.4, z: -0.95 },
      precision: true,
      failure: null,
      frames: 7,
      elapsedExplicitCPUWallMs: 35230,
      horizontalGap: 0.04506225112403794,
      heightGap: 0,
      finalLocal: {
        x: -0.7699840893015348,
        y: 2.4,
        z: -0.9049377516848578,
        yaw: -3.1412395709452845
      },
      motion: {
        stage: 'upper-4',
        target: { x: -0.77, y: 2.4, z: -0.95 },
        precision: true,
        localBudget: 150000,
        maxIterations: 1800,
        initialLocal: {
          x: -0.769282337560155,
          y: 1.4060937849443882,
          z: 1.082562124426962,
          yaw: -3.10979509156053
        },
        lastObservedLocal: {
          x: -0.7699840893015348,
          y: 2.4,
          z: -0.9049377516848578,
          yaw: -3.1412395709452845
        },
        samples: [
          {
            ready: true,
            started: true,
            paused: false,
            teleportRevision: 3,
            simulationTime: 8.24999999999999,
            position: [Object],
            camera: [Object],
            timing: [Object],
            city: [Object]
          },
          {
            n: 0,
            before: [Object],
            key: 's',
            slow: false,
            desired: -6.282832224535078,
            inputs: [Array],
            waits: [],
            releaseConfirmed: true,
            guardBaseline: [Object],
            publicHeldControl: 'ordinary public gait to .7m, then original slow near correction',
            actualHeldObservation: [Object],
            after: [Object],
            heldSeconds: 0.7500000000000373,
            geometricMetres: 1.6875
          },
          {
            n: 1,
            before: [Object],
            key: 's',
            slow: true,
            desired: -6.282832224535074,
            inputs: [Array],
            waits: [],
            releaseConfirmed: true,
            guardBaseline: [Object],
            publicHeldControl: 'ordinary slow key through actual RAF observations, then original near correction',
            actualHeldObservation: [Object],
            after: [Object],
            heldSeconds: 1.0000000000000497,
            geometricMetres: 1.7625000000000004
          },
          {
            n: 2,
            before: [Object],
            key: 's',
            slow: true,
            desired: -6.282832224535072,
            inputs: [Array],
            waits: [],
            releaseConfirmed: true,
            guardBaseline: [Object],
            slowModifierAlreadyHeld: true,
            after: [Object],
            heldSeconds: 1.2500000000000622,
            geometricMetres: 1.8375000000000008
          },
          {
            n: 3,
            before: [Object],
            key: 's',
            slow: true,
            desired: -6.2828322245350705,
            inputs: [Array],
            waits: [],
            releaseConfirmed: true,
            guardBaseline: [Object],
            slowModifierAlreadyHeld: true,
            after: [Object],
            heldSeconds: 1.5000000000000746,
            geometricMetres: 1.9125000000000012
          },
          {
            n: 4,
            before: [Object],
            key: 's',
            slow: true,
            desired: -6.282832224535066,
            inputs: [Array],
            waits: [],
            releaseConfirmed: true,
            guardBaseline: [Object],
            slowModifierAlreadyHeld: true,
            after: [Object],
            heldSeconds: 1.750000000000087,
            geometricMetres: 1.9875000000000016
          }
        ],
        precisionModifier: {
          key: 'z',
          scope: 'precision-local-leg-only',
          downAttempted: true,
          downConfirmed: true,
          releaseConfirmed: true,
          inputs: [ [Object], [Object] ]
        },
        failureDiagnostic: null,
        firstError: null
      }
    },
    {
      name: 'upper-5',
      target: { x: 0, z: -0.95, y: 2.4 },
      precision: true,
      failure: null,
      frames: 10,
      elapsedExplicitCPUWallMs: 50190,
      horizontalGap: 0.021303891984224846,
      heightGap: 0,
      finalLocal: {
        x: -0.021247692760765147,
        y: 2.4,
        z: -0.9484535957774087,
        yaw: 1.6272819182067593
      },
      motion: {
        stage: 'upper-5',
        target: { x: 0, z: -0.95, y: 2.4 },
        precision: true,
        localBudget: 150000,
        maxIterations: 1800,
        initialLocal: {
          x: -0.7699840893015348,
          y: 2.4,
          z: -0.9049377516848578,
          yaw: -3.1412395709452845
        },
        lastObservedLocal: {
          x: -0.021247692760765147,
          y: 2.4,
          z: -0.9484535957774087,
          yaw: 1.6272819182067593
        },
        samples: [
          {
            ready: true,
            started: true,
            paused: false,
            teleportRevision: 3,
            simulationTime: 10.000000000000076,
            position: [Object],
            camera: [Object],
            timing: [Object],
            city: [Object]
          },
          {
            n: 0,
            before: [Object],
            key: 'a',
            slow: true,
            desired: 0.05845693196077062,
            inputs: [Array],
            waits: [],
            releaseConfirmed: true,
            guardBaseline: [Object],
            publicHeldControl: 'ordinary slow key through actual RAF observations, then original near correction',
            actualHeldObservation: [Object],
            after: [Object],
            heldSeconds: 1.750000000000087,
            geometricMetres: 0.5249999954807565
          },
          {
            n: 1,
            before: [Object],
            key: 'a',
            slow: true,
            desired: 0.05911420938296574,
            inputs: [Array],
            waits: [],
            releaseConfirmed: true,
            guardBaseline: [Object],
            slowModifierAlreadyHeld: true,
            after: [Object],
            heldSeconds: 2.0000000000000995,
            geometricMetres: 0.5999999950156479
          },
          {
            n: 2,
            before: [Object],
            key: 'a',
            slow: true,
            desired: 0.05987023031362115,
            inputs: [Array],
            waits: [],
            releaseConfirmed: true,
            guardBaseline: [Object],
            slowModifierAlreadyHeld: true,
            after: [Object],
            heldSeconds: 2.250000000000112,
            geometricMetres: 0.6749999942541858
          },
          {
            n: 3,
            before: [Object],
            key: 'a',
            slow: true,
            desired: 0.06165877072126591,
            inputs: [Array],
            waits: [],
            releaseConfirmed: true,
            guardBaseline: [Object],
            slowModifierAlreadyHeld: true,
            after: [Object],
            heldSeconds: 2.5000000000001243,
            geometricMetres: 0.7499999931240247
          }
        ],
        precisionModifier: {
          key: 'z',
          scope: 'precision-local-leg-only',
          downAttempted: true,
          downConfirmed: true,
          releaseConfirmed: true,
          inputs: [ [Object], [Object] ]
        },
        failureDiagnostic: null,
        firstError: null
      }
    },
    {
      name: 'lower-0',
      target: { x: -0.77, y: 2.4, z: -0.95 },
      precision: true,
      failure: null,
      frames: 10,
      elapsedExplicitCPUWallMs: 50230,
      horizontalGap: 0.0011776551452934204,
      heightGap: 0,
      finalLocal: {
        x: -0.7711774660389659,
        y: 2.4,
        z: -0.9500211037512813,
        yaw: -1.534003145955403
      },
      motion: {
        stage: 'lower-0',
        target: { x: -0.77, y: 2.4, z: -0.95 },
        precision: true,
        localBudget: 150000,
        maxIterations: 1800,
        initialLocal: {
          x: -0.021247692760765147,
          y: 2.4,
          z: -0.9484535957774087,
          yaw: 1.6272819182067593
        },
        lastObservedLocal: {
          x: -0.7711774660389659,
          y: 2.4,
          z: -0.9500211037512813,
          yaw: -1.534003145955403
        },
        samples: [
          {
            ready: true,
            started: true,
            paused: false,
            teleportRevision: 3,
            simulationTime: 12.5000000000002,
            position: [Object],
            camera: [Object],
            timing: [Object],
            city: [Object]
          },
          {
            n: 0,
            before: [Object],
            key: 'd',
            slow: true,
            desired: -0.00009396463802469057,
            inputs: [Array],
            waits: [],
            releaseConfirmed: true,
            guardBaseline: [Object],
            publicHeldControl: 'ordinary slow key through actual RAF observations, then original near correction',
            actualHeldObservation: [Object],
            after: [Object],
            heldSeconds: 1.5000000000000746,
            geometricMetres: 0.44999934693074073
          },
          {
            n: 1,
            before: [Object],
            key: 'd',
            slow: true,
            desired: 0.009739578594949672,
            inputs: [Array],
            waits: [],
            releaseConfirmed: true,
            guardBaseline: [Object],
            slowModifierAlreadyHeld: true,
            after: [Object],
            heldSeconds: 1.750000000000087,
            geometricMetres: 0.5249993412000425
          },
          {
            n: 2,
            before: [Object],
            key: 'd',
            slow: true,
            desired: 0.014627989405657571,
            inputs: [Array],
            waits: [],
            releaseConfirmed: true,
            guardBaseline: [Object],
            slowModifierAlreadyHeld: true,
            after: [Object],
            heldSeconds: 2.0000000000000995,
            geometricMetres: 0.5999993345255363
          },
          {
            n: 3,
            before: [Object],
            key: 'd',
            slow: true,
            desired: 0.02389858510524534,
            inputs: [Array],
            waits: [],
            releaseConfirmed: true,
            guardBaseline: [Object],
            slowModifierAlreadyHeld: true,
            after: [Object],
            heldSeconds: 2.250000000000112,
            geometricMetres: 0.6749993268352629
          },
          {
            n: 4,
            before: [Object],
            key: 'd',
            slow: true,
            desired: 0.05068275687060142,
            inputs: [Array],
            waits: [],
            releaseConfirmed: true,
            guardBaseline: [Object],
            slowModifierAlreadyHeld: true,
            after: [Object],
            heldSeconds: 2.5000000000001243,
            geometricMetres: 0.7499993180578256
          }
        ],
        precisionModifier: {
          key: 'z',
          scope: 'precision-local-leg-only',
          downAttempted: true,
          downConfirmed: true,
          releaseConfirmed: true,
          inputs: [ [Object], [Object] ]
        },
        failureDiagnostic: null,
        firstError: null
      }
    },
    {
      name: 'lower-1',
      target: { x: -0.77, z: 1.06, y: 1.42 },
      precision: true,
      failure: null,
      frames: 7,
      elapsedExplicitCPUWallMs: 35230,
      horizontalGap: 0.02258055845693595,
      heightGap: 0.013910709962765555,
      finalLocal: {
        x: -0.7707092447953238,
        y: 1.4339107099627655,
        z: 1.0374305828155133,
        yaw: 0.01865518053600574
      },
      motion: {
        stage: 'lower-1',
        target: { x: -0.77, z: 1.06, y: 1.42 },
        precision: true,
        localBudget: 150000,
        maxIterations: 1800,
        initialLocal: {
          x: -0.7711774660389659,
          y: 2.4,
          z: -0.9500211037512813,
          yaw: -1.534003145955403
        },
        lastObservedLocal: {
          x: -0.7707092447953238,
          y: 1.4339107099627655,
          z: 1.0374305828155133,
          yaw: 0.01865518053600574
        },
        samples: [
          {
            ready: true,
            started: true,
            paused: false,
            teleportRevision: 3,
            simulationTime: 15.000000000000325,
            position: [Object],
            camera: [Object],
            timing: [Object],
            city: [Object]
          },
          {
            n: 0,
            before: [Object],
            key: 'w',
            slow: false,
            desired: 0.01447537381307272,
            inputs: [Array],
            waits: [],
            releaseConfirmed: true,
            guardBaseline: [Object],
            publicHeldControl: 'ordinary public gait to .7m, then original slow near correction',
            actualHeldObservation: [Object],
            after: [Object],
            heldSeconds: 0.7500000000000373,
            geometricMetres: 1.687498206958963
          },
          {
            n: 1,
            before: [Object],
            key: 'w',
            slow: true,
            desired: 0.03335899595972819,
            inputs: [Array],
            waits: [],
            releaseConfirmed: true,
            guardBaseline: [Object],
            publicHeldControl: 'ordinary slow key through actual RAF observations, then original near correction',
            actualHeldObservation: [Object],
            after: [Object],
            heldSeconds: 1.000000000000048,
            geometricMetres: 1.762498202428029
          },
          {
            n: 2,
            before: [Object],
            key: 'w',
            slow: true,
            desired: 0.04049844044788602,
            inputs: [Array],
            waits: [],
            releaseConfirmed: true,
            guardBaseline: [Object],
            slowModifierAlreadyHeld: true,
            after: [Object],
            heldSeconds: 1.2500000000000338,
            geometricMetres: 1.8374981999703073
          },
          {
            n: 3,
            before: [Object],
            key: 'w',
            slow: true,
            desired: 0.04161715187872658,
            inputs: [Array],
            waits: [],
            releaseConfirmed: true,
            guardBaseline: [Object],
            slowModifierAlreadyHeld: true,
            after: [Object],
            heldSeconds: 1.5000000000000195,
            geometricMetres: 1.9124981990603358
          },
          {
            n: 4,
            before: [Object],
            key: 'w',
            slow: true,
            desired: 0.043276139059718596,
            inputs: [Array],
            waits: [],
            releaseConfirmed: true,
            guardBaseline: [Object],
            slowModifierAlreadyHeld: true,
            after: [Object],
            heldSeconds: 1.7500000000000053,
            geometricMetres: 1.9874981988971234
          }
        ],
        precisionModifier: {
          key: 'z',
          scope: 'precision-local-leg-only',
          downAttempted: true,
          downConfirmed: true,
          releaseConfirmed: true,
          inputs: [ [Object], [Object] ]
        },
        failureDiagnostic: null,
        firstError: null
      }
    },
    {
      name: 'lower-2',
      target: { x: -0.77, y: 0.44, z: 3.07 },
      precision: true,
      failure: null,
      frames: 7,
      elapsedExplicitCPUWallMs: 35230,
      horizontalGap: 0.04559720881738058,
      heightGap: 0,
      finalLocal: {
        x: -0.7732695514060941,
        y: 0.44,
        z: 3.024520163967548,
        yaw: -0.0721411248186516
      },
      motion: {
        stage: 'lower-2',
        target: { x: -0.77, y: 0.44, z: 3.07 },
        precision: true,
        localBudget: 150000,
        maxIterations: 1800,
        initialLocal: {
          x: -0.7707092447953238,
          y: 1.4339107099627655,
          z: 1.0374305828155133,
          yaw: 0.01865518053600574
        },
        lastObservedLocal: {
          x: -0.7732695514060941,
          y: 0.44,
          z: 3.024520163967548,
          yaw: -0.0721411248186516
        },
        samples: [
          {
            ready: true,
            started: true,
            paused: false,
            teleportRevision: 3,
            simulationTime: 16.75000000000033,
            position: [Object],
            camera: [Object],
            timing: [Object],
            city: [Object]
          },
          {
            n: 0,
            before: [Object],
            key: 'w',
            slow: false,
            desired: 0.02219219990898036,
            inputs: [Array],
            waits: [],
            releaseConfirmed: true,
            guardBaseline: [Object],
            publicHeldControl: 'ordinary public gait to .7m, then original slow near correction',
            actualHeldObservation: [Object],
            after: [Object],
            heldSeconds: 0.7499999999999574,
            geometricMetres: 1.6874105782335844
          },
          {
            n: 1,
            before: [Object],
            key: 'w',
            slow: true,
            desired: 0.031151290373044448,
            inputs: [Array],
            waits: [],
            releaseConfirmed: true,
            guardBaseline: [Object],
            publicHeldControl: 'ordinary slow key through actual RAF observations, then original near correction',
            actualHeldObservation: [Object],
            after: [Object],
            heldSeconds: 0.9999999999999432,
            geometricMetres: 1.762408842498683
          },
          {
            n: 2,
            before: [Object],
            key: 'w',
            slow: true,
            desired: 0.055293257319707065,
            inputs: [Array],
            waits: [],
            releaseConfirmed: true,
            guardBaseline: [Object],
            slowModifierAlreadyHeld: true,
            after: [Object],
            heldSeconds: 1.249999999999929,
            geometricMetres: 1.8374034785521216
          },
          {
            n: 3,
            before: [Object],
            key: 'w',
            slow: true,
            desired: 0.1077493075037417,
            inputs: [Array],
            waits: [],
            releaseConfirmed: true,
            guardBaseline: [Object],
            slowModifierAlreadyHeld: true,
            after: [Object],
            heldSeconds: 1.4999999999999147,
            geometricMetres: 1.9123929526676133
          },
          {
            n: 4,
            before: [Object],
            key: 'w',
            slow: true,
            desired: 0.1842771126984083,
            inputs: [Array],
            waits: [],
            releaseConfirmed: true,
            guardBaseline: [Object],
            slowModifierAlreadyHeld: true,
            after: [Object],
            heldSeconds: 1.7499999999999005,
            geometricMetres: 1.9873722582808901
          }
        ],
        precisionModifier: {
          key: 'z',
          scope: 'precision-local-leg-only',
          downAttempted: true,
          downConfirmed: true,
          releaseConfirmed: true,
          inputs: [ [Object], [Object] ]
        },
        failureDiagnostic: null,
        firstError: null
      }
    },
    {
      name: 'lower-3',
      target: { x: 0, z: 3.07, y: 0.44 },
      precision: true,
      failure: null,
      frames: 10,
      elapsedExplicitCPUWallMs: 50430,
      horizontalGap: 0.027482921622287163,
      heightGap: 0,
      finalLocal: {
        x: -0.02689683849896711,
        y: 0.44,
        z: 3.0756454459219142,
        yaw: 1.5984724137408823
      },
      motion: {
        stage: 'lower-3',
        target: { x: 0, z: 3.07, y: 0.44 },
        precision: true,
        localBudget: 150000,
        maxIterations: 1800,
        initialLocal: {
          x: -0.7732695514060941,
          y: 0.44,
          z: 3.024520163967548,
          yaw: -0.0721411248186516
        },
        lastObservedLocal: {
          x: -0.02689683849896711,
          y: 0.44,
          z: 3.0756454459219142,
          yaw: 1.5984724137408823
        },
        samples: [
          {
            ready: true,
            started: true,
            paused: false,
            teleportRevision: 3,
            simulationTime: 18.50000000000023,
            position: [Object],
            camera: [Object],
            timing: [Object],
            city: [Object]
          },
          {
            n: 0,
            before: [Object],
            key: 'a',
            slow: true,
            desired: 0.19767093108703282,
            inputs: [Array],
            waits: [],
            releaseConfirmed: true,
            guardBaseline: [Object],
            publicHeldControl: 'ordinary slow key through actual RAF observations, then original near correction',
            actualHeldObservation: [Object],
            after: [Object],
            heldSeconds: 0.2499999999999858,
            geometricMetres: 0.07496689485983463
          },
          {
            n: 1,
            before: [Object],
            key: 'a',
            slow: true,
            desired: 0.30822715340718476,
            inputs: [Array],
            waits: [],
            releaseConfirmed: true,
            guardBaseline: [Object],
            slowModifierAlreadyHeld: true,
            publicHeldControl: 'ordinary slow key through actual RAF observations, then original near correction',
            actualHeldObservation: [Object],
            after: [Object],
            heldSeconds: 0.4999999999999716,
            geometricMetres: 0.14991386699918624
          },
          {
            n: 2,
            before: [Object],
            key: 'a',
            slow: true,
            desired: 0.4480691831960173,
            inputs: [Array],
            waits: [],
            releaseConfirmed: true,
            guardBaseline: [Object],
            slowModifierAlreadyHeld: true,
            publicHeldControl: 'ordinary slow key through actual RAF observations, then original near correction',
            actualHeldObservation: [Object],
            after: [Object],
            heldSeconds: 0.7499999999999574,
            geometricMetres: 0.22484456273096748
          },
          {
            n: 3,
            before: [Object],
            key: 'a',
            slow: true,
            desired: 0.6088494335470083,
            inputs: [Array],
            waits: [],
            releaseConfirmed: true,
            guardBaseline: [Object],
            slowModifierAlreadyHeld: true,
            publicHeldControl: 'ordinary slow key through actual RAF observations, then original near correction',
            actualHeldObservation: [Object],
            after: [Object],
            heldSeconds: 0.9999999999999432,
            geometricMetres: 0.29976437985088195
          },
          {
            n: 4,
            before: [Object],
            key: 'a',
            slow: true,
            desired: 0.7828829938073136,
            inputs: [Array],
            waits: [],
            releaseConfirmed: true,
            guardBaseline: [Object],
            slowModifierAlreadyHeld: true,
            publicHeldControl: 'ordinary slow key through actual RAF observations, then original near correction',
            actualHeldObservation: [Object],
            after: [Object],
            heldSeconds: 1.249999999999929,
            geometricMetres: 0.3746846305662449
          },
          {
            n: 5,
            before: [Object],
            key: 'a',
            slow: true,
            desired: 0.9584067210253351,
            inputs: [Array],
            waits: [],
            releaseConfirmed: true,
            guardBaseline: [Object],
            slowModifierAlreadyHeld: true,
            publicHeldControl: 'ordinary slow key through actual RAF observations, then original near correction',
            actualHeldObservation: [Object],
            after: [Object],
            heldSeconds: 1.4999999999999147,
            geometricMetres: 0.4496163035595504
          },
          {
            n: 6,
            before: [Object],
            key: 'a',
            slow: true,
            desired: 1.1243472597834403,
            inputs: [Array],
            waits: [],
            releaseConfirmed: true,
            guardBaseline: [Object],
            slowModifierAlreadyHeld: true,
            publicHeldControl: 'ordinary slow key through actual RAF observations, then original near correction',
            actualHeldObservation: [Object],
            after: [Object],
            heldSeconds: 1.7499999999999005,
            geometricMetres: 0.5245650864960483
          },
          {
            n: 7,
            before: [Object],
            key: 'a',
            slow: true,
            desired: 1.2730197105531742,
            inputs: [Array],
            waits: [],
            releaseConfirmed: true,
            guardBaseline: [Object],
            slowModifierAlreadyHeld: true,
            after: [Object],
            heldSeconds: 1.9999999999998863,
            geometricMetres: 0.5995304501742362
          },
          {
            n: 8,
            before: [Object],
            key: 'a',
            slow: true,
            desired: 1.4045961083436147,
            inputs: [Array],
            waits: [],
            releaseConfirmed: true,
            guardBaseline: [Object],
            slowModifierAlreadyHeld: true,
            after: [Object],
            heldSeconds: 2.249999999999872,
            geometricMetres: 0.674507113281578
          },
          {
            n: 9,
            before: [Object],
            key: 'a',
            slow: true,
            desired: 1.5303672608124175,
            inputs: [Array],
            waits: [],
            releaseConfirmed: true,
            guardBaseline: [Object],
            slowModifierAlreadyHeld: true,
            after: [Object],
            heldSeconds: 2.499999999999858,
            geometricMetres: 0.7494928921594118
          }
        ],
        precisionModifier: {
          key: 'z',
          scope: 'precision-local-leg-only',
          downAttempted: true,
          downConfirmed: true,
          releaseConfirmed: true,
          inputs: [ [Object], [Object] ]
        },
        failureDiagnostic: null,
        firstError: null
      }
    },
    {
      name: 'lower-4',
      target: { x: 0, z: 3.74, y: 0.44 },
      precision: true,
      failure: null,
      frames: 9,
      elapsedExplicitCPUWallMs: 45270,
      horizontalGap: 0.010055480621967611,
      heightGap: 0,
      finalLocal: {
        x: -0.00031137479218084566,
        y: 0.44,
        z: 3.7500506584996987,
        yaw: 0.041830377111698125
      },
      motion: {
        stage: 'lower-4',
        target: { x: 0, z: 3.74, y: 0.44 },
        precision: true,
        localBudget: 150000,
        maxIterations: 1800,
        initialLocal: {
          x: -0.02689683849896711,
          y: 0.44,
          z: 3.0756454459219142,
          yaw: 1.5984724137408823
        },
        lastObservedLocal: {
          x: -0.00031137479218084566,
          y: 0.44,
          z: 3.7500506584996987,
          yaw: 0.041830377111698125
        },
        samples: [
          {
            ready: true,
            started: true,
            paused: false,
            teleportRevision: 3,
            simulationTime: 21.00000000000009,
            position: [Object],
            camera: [Object],
            timing: [Object],
            city: [Object]
          },
          {
            n: 0,
            before: [Object],
            key: 'w',
            slow: true,
            desired: 1.5431547446036435,
            inputs: [Array],
            waits: [],
            releaseConfirmed: true,
            guardBaseline: [Object],
            publicHeldControl: 'ordinary slow key through actual RAF observations, then original near correction',
            actualHeldObservation: [Object],
            after: [Object],
            heldSeconds: 0.2499999999999858,
            geometricMetres: 0.07499248873732998
          },
          {
            n: 1,
            before: [Object],
            key: 'w',
            slow: true,
            desired: 1.594586994627836,
            inputs: [Array],
            waits: [],
            releaseConfirmed: true,
            guardBaseline: [Object],
            slowModifierAlreadyHeld: true,
            publicHeldControl: 'ordinary slow key through actual RAF observations, then original near correction',
            actualHeldObservation: [Object],
            after: [Object],
            heldSeconds: 1.249999999999929,
            geometricMetres: 0.3749924758310539
          },
          {
            n: 2,
            before: [Object],
            key: 'w',
            slow: true,
            desired: 1.5959281418204203,
            inputs: [Array],
            waits: [],
            releaseConfirmed: true,
            guardBaseline: [Object],
            slowModifierAlreadyHeld: true,
            after: [Object],
            heldSeconds: 1.4999999999999147,
            geometricMetres: 0.4499924749945003
          },
          {
            n: 3,
            before: [Object],
            key: 'w',
            slow: true,
            desired: 1.5970034505525448,
            inputs: [Array],
            waits: [],
            releaseConfirmed: true,
            guardBaseline: [Object],
            slowModifierAlreadyHeld: true,
            after: [Object],
            heldSeconds: 1.7499999999999005,
            geometricMetres: 0.5249924737730752
          },
          {
            n: 4,
            before: [Object],
            key: 'w',
            slow: true,
            desired: 1.599094222769472,
            inputs: [Array],
            waits: [],
            releaseConfirmed: true,
            guardBaseline: [Object],
            slowModifierAlreadyHeld: true,
            after: [Object],
            heldSeconds: 1.9999999999998863,
            geometricMetres: 0.5999924720944221
          },
          {
            n: 5,
            before: [Object],
            key: 'w',
            slow: true,
            desired: 1.6054672135697332,
            inputs: [Array],
            waits: [],
            releaseConfirmed: true,
            guardBaseline: [Object],
            slowModifierAlreadyHeld: true,
            after: [Object],
            heldSeconds: 2.249999999999872,
            geometricMetres: 0.6749924698862514
          }
        ],
        precisionModifier: {
          key: 'z',
          scope: 'precision-local-leg-only',
          downAttempted: true,
          downConfirmed: true,
          releaseConfirmed: true,
          inputs: [ [Object], [Object] ]
        },
        failureDiagnostic: null,
        firstError: null
      }
    },
    {
      name: 'lower-5',
      target: { x: -0.55, y: 0.44, z: 3.74 },
      precision: true,
      failure: null,
      frames: 7,
      elapsedExplicitCPUWallMs: 35190,
      horizontalGap: 0.024877396228563744,
      heightGap: 0,
      finalLocal: {
        x: -0.5251787641842252,
        y: 0.44,
        z: 3.7383293427369293,
        yaw: -1.5979642944322172
      },
      motion: {
        stage: 'lower-5',
        target: { x: -0.55, y: 0.44, z: 3.74 },
        precision: true,
        localBudget: 150000,
        maxIterations: 1800,
        initialLocal: {
          x: -0.00031137479218084566,
          y: 0.44,
          z: 3.7500506584996987,
          yaw: 0.041830377111698125
        },
        lastObservedLocal: {
          x: -0.5251787641842252,
          y: 0.44,
          z: 3.7383293427369293,
          yaw: -1.5979642944322172
        },
        samples: [
          {
            ready: true,
            started: true,
            paused: false,
            teleportRevision: 3,
            simulationTime: 23.24999999999996,
            position: [Object],
            camera: [Object],
            timing: [Object],
            city: [Object]
          },
          {
            n: 0,
            before: [Object],
            key: 'd',
            slow: true,
            desired: 1.5344743787437267,
            inputs: [Array],
            waits: [],
            releaseConfirmed: true,
            guardBaseline: [Object],
            publicHeldControl: 'ordinary slow key through actual RAF observations, then original near correction',
            actualHeldObservation: [Object],
            after: [Object],
            heldSeconds: 0.9999999999999432,
            geometricMetres: 0.2999997522994028
          },
          {
            n: 1,
            before: [Object],
            key: 'd',
            slow: true,
            desired: 1.5414403329314417,
            inputs: [Array],
            waits: [],
            releaseConfirmed: true,
            guardBaseline: [Object],
            slowModifierAlreadyHeld: true,
            after: [Object],
            heldSeconds: 1.249999999999929,
            geometricMetres: 0.3749997463691066
          },
          {
            n: 2,
            before: [Object],
            key: 'd',
            slow: true,
            desired: 1.5461176605143299,
            inputs: [Array],
            waits: [],
            releaseConfirmed: true,
            guardBaseline: [Object],
            slowModifierAlreadyHeld: true,
            after: [Object],
            heldSeconds: 1.4999999999999147,
            geometricMetres: 0.44999973947878164
          },
          {
            n: 3,
            before: [Object],
            key: 'd',
            slow: true,
            desired: 1.556940784255862,
            inputs: [Array],
            waits: [],
            releaseConfirmed: true,
            guardBaseline: [Object],
            slowModifierAlreadyHeld: true,
            after: [Object],
            heldSeconds: 1.7499999999999005,
            geometricMetres: 0.524999731557724
          }
        ],
        precisionModifier: {
          key: 'z',
          scope: 'precision-local-leg-only',
          downAttempted: true,
          downConfirmed: true,
          releaseConfirmed: true,
          inputs: [ [Object], [Object] ]
        },
        failureDiagnostic: null,
        firstError: null
      }
    }
  ],
  expected: [
    {
      name: 'upper-0',
      target: { x: 0, z: 3.74, y: 0.44 },
      precision: true,
      failure: null,
      frames: 7,
      elapsedExplicitCPUWallMs: 35190,
      horizontalGap: 0.024999999999999627,
      heightGap: 0,
      finalLocal: {
        x: -0.024999999999999627,
        y: 0.44,
        z: 3.74,
        yaw: 1.5707963267948966
      },
      motion: {
        stage: 'upper-0',
        target: { x: 0, z: 3.74, y: 0.44 },
        precision: true,
        localBudget: 150000,
        maxIterations: 1800,
        initialLocal: { x: -0.55, y: 0.44, z: 3.74, yaw: 0 },
        lastObservedLocal: {
          x: -0.024999999999999627,
          y: 0.44,
          z: 3.74,
          yaw: 1.5707963267948966
        },
        samples: [
          {
            ready: true,
            started: true,
            paused: false,
            teleportRevision: 3,
            simulationTime: 0,
            position: [Object],
            camera: [Object],
            timing: [Object],
            city: [Object]
          },
          {
            n: 0,
            before: [Object],
            key: 'a',
            slow: true,
            desired: 0,
            inputs: [Array],
            waits: [],
            releaseConfirmed: true,
            guardBaseline: [Object],
            publicHeldControl: 'ordinary slow key through actual RAF observations, then original near correction',
            actualHeldObservation: [Object],
            after: [Object],
            heldSeconds: 1.0000000000000013,
            geometricMetres: 0.30000000000000027
          },
          {
            n: 1,
            before: [Object],
            key: 'a',
            slow: true,
            desired: 0,
            inputs: [Array],
            waits: [],
            releaseConfirmed: true,
            guardBaseline: [Object],
            slowModifierAlreadyHeld: true,
            after: [Object],
            heldSeconds: 1.2500000000000004,
            geometricMetres: 0.37500000000000033
          },
          {
            n: 2,
            before: [Object],
            key: 'a',
            slow: true,
            desired: 0,
            inputs: [Array],
            waits: [],
            releaseConfirmed: true,
            guardBaseline: [Object],
            slowModifierAlreadyHeld: true,
            after: [Object],
            heldSeconds: 1.4999999999999996,
            geometricMetres: 0.4500000000000004
          },
          {
            n: 3,
            before: [Object],
            key: 'a',
            slow: true,
            desired: 0,
            inputs: [Array],
            waits: [],
            releaseConfirmed: true,
            guardBaseline: [Object],
            slowModifierAlreadyHeld: true,
            after: [Object],
            heldSeconds: 1.7499999999999987,
            geometricMetres: 0.5250000000000004
          }
        ],
        precisionModifier: {
          key: 'z',
          scope: 'precision-local-leg-only',
          downAttempted: true,
          downConfirmed: true,
          releaseConfirmed: true,
          inputs: [ [Object], [Object] ]
        },
        failureDiagnostic: null,
        firstError: null
      }
    },
    {
      name: 'upper-1',
      target: { x: 0, z: 3.07, y: 0.44 },
      precision: true,
      failure: null,
      frames: 9,
      elapsedExplicitCPUWallMs: 45230,
      horizontalGap: 0.004533744324137709,
      heightGap: 0,
      finalLocal: {
        x: 0.00016905192042730298,
        y: 0.44,
        z: 3.0654694085325587,
        yaw: 3.1042965233701265
      },
      motion: {
        stage: 'upper-1',
        target: { x: 0, z: 3.07, y: 0.44 },
        precision: true,
        localBudget: 150000,
        maxIterations: 1800,
        initialLocal: {
          x: -0.024999999999999627,
          y: 0.44,
          z: 3.74,
          yaw: 1.5707963267948966
        },
        lastObservedLocal: {
          x: 0.00016905192042730298,
          y: 0.44,
          z: 3.0654694085325587,
          yaw: 3.1042965233701265
        },
        samples: [
          {
            ready: true,
            started: true,
            paused: false,
            teleportRevision: 3,
            simulationTime: 1.7499999999999987,
            position: [Object],
            camera: [Object],
            timing: [Object],
            city: [Object]
          },
          {
            n: 0,
            before: [Object],
            key: 's',
            slow: true,
            desired: -0.0372961302196666,
            inputs: [Array],
            waits: [],
            releaseConfirmed: true,
            guardBaseline: [Object],
            publicHeldControl: 'ordinary slow key through actual RAF observations, then original near correction',
            actualHeldObservation: [Object],
            after: [Object],
            heldSeconds: 1.2499999999999956,
            geometricMetres: 0.3749999999999957
          },
          {
            n: 1,
            before: [Object],
            key: 's',
            slow: true,
            desired: -0.03729613021966571,
            inputs: [Array],
            waits: [],
            releaseConfirmed: true,
            guardBaseline: [Object],
            slowModifierAlreadyHeld: true,
            after: [Object],
            heldSeconds: 1.4999999999999947,
            geometricMetres: 0.44999999999999485
          },
          {
            n: 2,
            before: [Object],
            key: 's',
            slow: true,
            desired: -0.03729613021966527,
            inputs: [Array],
            waits: [],
            releaseConfirmed: true,
            guardBaseline: [Object],
            slowModifierAlreadyHeld: true,
            after: [Object],
            heldSeconds: 1.7499999999999938,
            geometricMetres: 0.524999999999994
          },
          {
            n: 3,
            before: [Object],
            key: 's',
            slow: true,
            desired: -0.03729613021966438,
            inputs: [Array],
            waits: [],
            releaseConfirmed: true,
            guardBaseline: [Object],
            slowModifierAlreadyHeld: true,
            after: [Object],
            heldSeconds: 1.999999999999993,
            geometricMetres: 0.5999999999999932
          },
          {
            n: 4,
            before: [Object],
            key: 's',
            slow: true,
            desired: -0.03729613021966127,
            inputs: [Array],
            waits: [],
            releaseConfirmed: true,
            guardBaseline: [Object],
            slowModifierAlreadyHeld: true,
            after: [Object],
            heldSeconds: 2.249999999999992,
            geometricMetres: 0.6749999999999924
          }
        ],
        precisionModifier: {
          key: 'z',
          scope: 'precision-local-leg-only',
          downAttempted: true,
          downConfirmed: true,
          releaseConfirmed: true,
          inputs: [ [Object], [Object] ]
        },
        failureDiagnostic: null,
        firstError: null
      }
    },
    {
      name: 'upper-2',
      target: { x: -0.77, y: 0.44, z: 3.07 },
      precision: true,
      failure: null,
      frames: 10,
      elapsedExplicitCPUWallMs: 50190,
      horizontalGap: 0.020182377619130266,
      heightGap: 0,
      finalLocal: {
        x: -0.7498179715764515,
        y: 0.44,
        z: 3.0698812773305186,
        yaw: -1.5649138011377075
      },
      motion: {
        stage: 'upper-2',
        target: { x: -0.77, y: 0.44, z: 3.07 },
        precision: true,
        localBudget: 150000,
        maxIterations: 1800,
        initialLocal: {
          x: 0.00016905192042730298,
          y: 0.44,
          z: 3.0654694085325587,
          yaw: 3.1042965233701265
        },
        lastObservedLocal: {
          x: -0.7498179715764515,
          y: 0.44,
          z: 3.0698812773305186,
          yaw: -1.5649138011377075
        },
        samples: [
          {
            ready: true,
            started: true,
            paused: false,
            teleportRevision: 3,
            simulationTime: 3.9999999999999907,
            position: [Object],
            camera: [Object],
            timing: [Object],
            city: [Object]
          },
          {
            n: 0,
            before: [Object],
            key: 'd',
            slow: true,
            desired: 0.005882525657189053,
            inputs: [Array],
            waits: [],
            releaseConfirmed: true,
            guardBaseline: [Object],
            publicHeldControl: 'ordinary slow key through actual RAF observations, then original near correction',
            actualHeldObservation: [Object],
            after: [Object],
            heldSeconds: 1.7499999999999942,
            geometricMetres: 0.5249999999999991
          },
          {
            n: 1,
            before: [Object],
            key: 'd',
            slow: true,
            desired: 0.005882525657279647,
            inputs: [Array],
            waits: [],
            releaseConfirmed: true,
            guardBaseline: [Object],
            slowModifierAlreadyHeld: true,
            after: [Object],
            heldSeconds: 1.9999999999999933,
            geometricMetres: 0.599999999999999
          },
          {
            n: 2,
            before: [Object],
            key: 'd',
            slow: true,
            desired: 0.005882525657338045,
            inputs: [Array],
            waits: [],
            releaseConfirmed: true,
            guardBaseline: [Object],
            slowModifierAlreadyHeld: true,
            after: [Object],
            heldSeconds: 2.2499999999999925,
            geometricMetres: 0.6749999999999988
          },
          {
            n: 3,
            before: [Object],
            key: 'd',
            slow: true,
            desired: 0.005882525657488813,
            inputs: [Array],
            waits: [],
            releaseConfirmed: true,
            guardBaseline: [Object],
            slowModifierAlreadyHeld: true,
            after: [Object],
            heldSeconds: 2.4999999999999916,
            geometricMetres: 0.7499999999999987
          }
        ],
        precisionModifier: {
          key: 'z',
          scope: 'precision-local-leg-only',
          downAttempted: true,
          downConfirmed: true,
          releaseConfirmed: true,
          inputs: [ [Object], [Object] ]
        },
        failureDiagnostic: null,
        firstError: null
      }
    },
    {
      name: 'upper-3',
      target: { x: -0.77, z: 1.06, y: 1.42 },
      precision: true,
      failure: null,
      frames: 7,
      elapsedExplicitCPUWallMs: 35230,
      horizontalGap: 0.022573535346402464,
      heightGap: 0.013906215055611737,
      finalLocal: {
        x: -0.769282337560155,
        y: 1.4060937849443882,
        z: 1.082562124426962,
        yaw: -3.10979509156053
      },
      motion: {
        stage: 'upper-3',
        target: { x: -0.77, z: 1.06, y: 1.42 },
        precision: true,
        localBudget: 150000,
        maxIterations: 1800,
        initialLocal: {
          x: -0.7498179715764515,
          y: 0.44,
          z: 3.0698812773305186,
          yaw: -1.5649138011377075
        },
        lastObservedLocal: {
          x: -0.769282337560155,
          y: 1.4060937849443882,
          z: 1.082562124426962,
          yaw: -3.10979509156053
        },
        samples: [
          {
            ready: true,
            started: true,
            paused: false,
            teleportRevision: 3,
            simulationTime: 6.499999999999982,
            position: [Object],
            camera: [Object],
            timing: [Object],
            city: [Object]
          },
          {
            n: 0,
            before: [Object],
            key: 's',
            slow: false,
            desired: -6.273144241383454,
            inputs: [Array],
            waits: [],
            releaseConfirmed: true,
            guardBaseline: [Object],
            publicHeldControl: 'ordinary public gait to .7m, then original slow near correction',
            actualHeldObservation: [Object],
            after: [Object],
            heldSeconds: 0.7499999999999973,
            geometricMetres: 1.6874999999999962
          },
          {
            n: 1,
            before: [Object],
            key: 's',
            slow: true,
            desired: -6.251387745150323,
            inputs: [Array],
            waits: [],
            releaseConfirmed: true,
            guardBaseline: [Object],
            publicHeldControl: 'ordinary slow key through actual RAF observations, then original near correction',
            actualHeldObservation: [Object],
            after: [Object],
            heldSeconds: 0.9999999999999964,
            geometricMetres: 1.7624999999999968
          },
          {
            n: 2,
            before: [Object],
            key: 's',
            slow: true,
            desired: -6.251387745150325,
            inputs: [Array],
            waits: [],
            releaseConfirmed: true,
            guardBaseline: [Object],
            slowModifierAlreadyHeld: true,
            after: [Object],
            heldSeconds: 1.2499999999999956,
            geometricMetres: 1.8374999999999975
          },
          {
            n: 3,
            before: [Object],
            key: 's',
            slow: true,
            desired: -6.25138774515033,
            inputs: [Array],
            waits: [],
            releaseConfirmed: true,
            guardBaseline: [Object],
            slowModifierAlreadyHeld: true,
            after: [Object],
            heldSeconds: 1.4999999999999947,
            geometricMetres: 1.912499999999998
          },
          {
            n: 4,
            before: [Object],
            key: 's',
            slow: true,
            desired: -6.251387745150343,
            inputs: [Array],
            waits: [],
            releaseConfirmed: true,
            guardBaseline: [Object],
            slowModifierAlreadyHeld: true,
            after: [Object],
            heldSeconds: 1.750000000000007,
            geometricMetres: 1.9874999999999987
          }
        ],
        precisionModifier: {
          key: 'z',
          scope: 'precision-local-leg-only',
          downAttempted: true,
          downConfirmed: true,
          releaseConfirmed: true,
          inputs: [ [Object], [Object] ]
        },
        failureDiagnostic: null,
        firstError: null
      }
    },
    {
      name: 'upper-4',
      target: { x: -0.77, y: 2.4, z: -0.95 },
      precision: true,
      failure: null,
      frames: 7,
      elapsedExplicitCPUWallMs: 35230,
      horizontalGap: 0.04506225112403794,
      heightGap: 0,
      finalLocal: {
        x: -0.7699840893015348,
        y: 2.4,
        z: -0.9049377516848578,
        yaw: -3.1412395709452845
      },
      motion: {
        stage: 'upper-4',
        target: { x: -0.77, y: 2.4, z: -0.95 },
        precision: true,
        localBudget: 150000,
        maxIterations: 1800,
        initialLocal: {
          x: -0.769282337560155,
          y: 1.4060937849443882,
          z: 1.082562124426962,
          yaw: -3.10979509156053
        },
        lastObservedLocal: {
          x: -0.7699840893015348,
          y: 2.4,
          z: -0.9049377516848578,
          yaw: -3.1412395709452845
        },
        samples: [
          {
            ready: true,
            started: true,
            paused: false,
            teleportRevision: 3,
            simulationTime: 8.24999999999999,
            position: [Object],
            camera: [Object],
            timing: [Object],
            city: [Object]
          },
          {
            n: 0,
            before: [Object],
            key: 's',
            slow: false,
            desired: -6.282832224535078,
            inputs: [Array],
            waits: [],
            releaseConfirmed: true,
            guardBaseline: [Object],
            publicHeldControl: 'ordinary public gait to .7m, then original slow near correction',
            actualHeldObservation: [Object],
            after: [Object],
            heldSeconds: 0.7500000000000373,
            geometricMetres: 1.6875
          },
          {
            n: 1,
            before: [Object],
            key: 's',
            slow: true,
            desired: -6.282832224535074,
            inputs: [Array],
            waits: [],
            releaseConfirmed: true,
            guardBaseline: [Object],
            publicHeldControl: 'ordinary slow key through actual RAF observations, then original near correction',
            actualHeldObservation: [Object],
            after: [Object],
            heldSeconds: 1.0000000000000497,
            geometricMetres: 1.7625000000000004
          },
          {
            n: 2,
            before: [Object],
            key: 's',
            slow: true,
            desired: -6.282832224535072,
            inputs: [Array],
            waits: [],
            releaseConfirmed: true,
            guardBaseline: [Object],
            slowModifierAlreadyHeld: true,
            after: [Object],
            heldSeconds: 1.2500000000000622,
            geometricMetres: 1.8375000000000008
          },
          {
            n: 3,
            before: [Object],
            key: 's',
            slow: true,
            desired: -6.2828322245350705,
            inputs: [Array],
            waits: [],
            releaseConfirmed: true,
            guardBaseline: [Object],
            slowModifierAlreadyHeld: true,
            after: [Object],
            heldSeconds: 1.5000000000000746,
            geometricMetres: 1.9125000000000012
          },
          {
            n: 4,
            before: [Object],
            key: 's',
            slow: true,
            desired: -6.282832224535066,
            inputs: [Array],
            waits: [],
            releaseConfirmed: true,
            guardBaseline: [Object],
            slowModifierAlreadyHeld: true,
            after: [Object],
            heldSeconds: 1.750000000000087,
            geometricMetres: 1.9875000000000016
          }
        ],
        precisionModifier: {
          key: 'z',
          scope: 'precision-local-leg-only',
          downAttempted: true,
          downConfirmed: true,
          releaseConfirmed: true,
          inputs: [ [Object], [Object] ]
        },
        failureDiagnostic: null,
        firstError: null
      }
    },
    {
      name: 'upper-5',
      target: { x: 0, z: -0.95, y: 2.4 },
      precision: true,
      failure: null,
      frames: 10,
      elapsedExplicitCPUWallMs: 50190,
      horizontalGap: 0.021303891984224846,
      heightGap: 0,
      finalLocal: {
        x: -0.021247692760765147,
        y: 2.4,
        z: -0.9484535957774087,
        yaw: 1.6272819182067593
      },
      motion: {
        stage: 'upper-5',
        target: { x: 0, z: -0.95, y: 2.4 },
        precision: true,
        localBudget: 150000,
        maxIterations: 1800,
        initialLocal: {
          x: -0.7699840893015348,
          y: 2.4,
          z: -0.9049377516848578,
          yaw: -3.1412395709452845
        },
        lastObservedLocal: {
          x: -0.021247692760765147,
          y: 2.4,
          z: -0.9484535957774087,
          yaw: 1.6272819182067593
        },
        samples: [
          {
            ready: true,
            started: true,
            paused: false,
            teleportRevision: 3,
            simulationTime: 10.000000000000076,
            position: [Object],
            camera: [Object],
            timing: [Object],
            city: [Object]
          },
          {
            n: 0,
            before: [Object],
            key: 'a',
            slow: true,
            desired: 0.05845693196077062,
            inputs: [Array],
            waits: [],
            releaseConfirmed: true,
            guardBaseline: [Object],
            publicHeldControl: 'ordinary slow key through actual RAF observations, then original near correction',
            actualHeldObservation: [Object],
            after: [Object],
            heldSeconds: 1.750000000000087,
            geometricMetres: 0.5249999954807565
          },
          {
            n: 1,
            before: [Object],
            key: 'a',
            slow: true,
            desired: 0.05911420938296574,
            inputs: [Array],
            waits: [],
            releaseConfirmed: true,
            guardBaseline: [Object],
            slowModifierAlreadyHeld: true,
            after: [Object],
            heldSeconds: 2.0000000000000995,
            geometricMetres: 0.5999999950156479
          },
          {
            n: 2,
            before: [Object],
            key: 'a',
            slow: true,
            desired: 0.05987023031362115,
            inputs: [Array],
            waits: [],
            releaseConfirmed: true,
            guardBaseline: [Object],
            slowModifierAlreadyHeld: true,
            after: [Object],
            heldSeconds: 2.250000000000112,
            geometricMetres: 0.6749999942541858
          },
          {
            n: 3,
            before: [Object],
            key: 'a',
            slow: true,
            desired: 0.06165877072126591,
            inputs: [Array],
            waits: [],
            releaseConfirmed: true,
            guardBaseline: [Object],
            slowModifierAlreadyHeld: true,
            after: [Object],
            heldSeconds: 2.5000000000001243,
            geometricMetres: 0.7499999931240247
          }
        ],
        precisionModifier: {
          key: 'z',
          scope: 'precision-local-leg-only',
          downAttempted: true,
          downConfirmed: true,
          releaseConfirmed: true,
          inputs: [ [Object], [Object] ]
        },
        failureDiagnostic: null,
        firstError: null
      }
    },
    {
      name: 'lower-0',
      target: { x: -0.77, y: 2.4, z: -0.95 },
      precision: true,
      failure: null,
      frames: 10,
      elapsedExplicitCPUWallMs: 50230,
      horizontalGap: 0.0011776551452934204,
      heightGap: 0,
      finalLocal: {
        x: -0.7711774660389659,
        y: 2.4,
        z: -0.9500211037512813,
        yaw: -1.534003145955403
      },
      motion: {
        stage: 'lower-0',
        target: { x: -0.77, y: 2.4, z: -0.95 },
        precision: true,
        localBudget: 150000,
        maxIterations: 1800,
        initialLocal: {
          x: -0.021247692760765147,
          y: 2.4,
          z: -0.9484535957774087,
          yaw: 1.6272819182067593
        },
        lastObservedLocal: {
          x: -0.7711774660389659,
          y: 2.4,
          z: -0.9500211037512813,
          yaw: -1.534003145955403
        },
        samples: [
          {
            ready: true,
            started: true,
            paused: false,
            teleportRevision: 3,
            simulationTime: 12.5000000000002,
            position: [Object],
            camera: [Object],
            timing: [Object],
            city: [Object]
          },
          {
            n: 0,
            before: [Object],
            key: 'd',
            slow: true,
            desired: -0.00009396463802469057,
            inputs: [Array],
            waits: [],
            releaseConfirmed: true,
            guardBaseline: [Object],
            publicHeldControl: 'ordinary slow key through actual RAF observations, then original near correction',
            actualHeldObservation: [Object],
            after: [Object],
            heldSeconds: 1.5000000000000746,
            geometricMetres: 0.44999934693074073
          },
          {
            n: 1,
            before: [Object],
            key: 'd',
            slow: true,
            desired: 0.009739578594949672,
            inputs: [Array],
            waits: [],
            releaseConfirmed: true,
            guardBaseline: [Object],
            slowModifierAlreadyHeld: true,
            after: [Object],
            heldSeconds: 1.750000000000087,
            geometricMetres: 0.5249993412000425
          },
          {
            n: 2,
            before: [Object],
            key: 'd',
            slow: true,
            desired: 0.014627989405657571,
            inputs: [Array],
            waits: [],
            releaseConfirmed: true,
            guardBaseline: [Object],
            slowModifierAlreadyHeld: true,
            after: [Object],
            heldSeconds: 2.0000000000000995,
            geometricMetres: 0.5999993345255363
          },
          {
            n: 3,
            before: [Object],
            key: 'd',
            slow: true,
            desired: 0.02389858510524534,
            inputs: [Array],
            waits: [],
            releaseConfirmed: true,
            guardBaseline: [Object],
            slowModifierAlreadyHeld: true,
            after: [Object],
            heldSeconds: 2.250000000000112,
            geometricMetres: 0.6749993268352629
          },
          {
            n: 4,
            before: [Object],
            key: 'd',
            slow: true,
            desired: 0.05068275687060142,
            inputs: [Array],
            waits: [],
            releaseConfirmed: true,
            guardBaseline: [Object],
            slowModifierAlreadyHeld: true,
            after: [Object],
            heldSeconds: 2.5000000000001243,
            geometricMetres: 0.7499993180578256
          }
        ],
        precisionModifier: {
          key: 'z',
          scope: 'precision-local-leg-only',
          downAttempted: true,
          downConfirmed: true,
          releaseConfirmed: true,
          inputs: [ [Object], [Object] ]
        },
        failureDiagnostic: null,
        firstError: null
      }
    },
    {
      name: 'lower-1',
      target: { x: -0.77, z: 1.06, y: 1.42 },
      precision: true,
      failure: null,
      frames: 7,
      elapsedExplicitCPUWallMs: 35230,
      horizontalGap: 0.02258055845693595,
      heightGap: 0.013910709962765555,
      finalLocal: {
        x: -0.7707092447953238,
        y: 1.4339107099627655,
        z: 1.0374305828155133,
        yaw: 0.01865518053600574
      },
      motion: {
        stage: 'lower-1',
        target: { x: -0.77, z: 1.06, y: 1.42 },
        precision: true,
        localBudget: 150000,
        maxIterations: 1800,
        initialLocal: {
          x: -0.7711774660389659,
          y: 2.4,
          z: -0.9500211037512813,
          yaw: -1.534003145955403
        },
        lastObservedLocal: {
          x: -0.7707092447953238,
          y: 1.4339107099627655,
          z: 1.0374305828155133,
          yaw: 0.01865518053600574
        },
        samples: [
          {
            ready: true,
            started: true,
            paused: false,
            teleportRevision: 3,
            simulationTime: 15.000000000000325,
            position: [Object],
            camera: [Object],
            timing: [Object],
            city: [Object]
          },
          {
            n: 0,
            before: [Object],
            key: 'w',
            slow: false,
            desired: 0.01447537381307272,
            inputs: [Array],
            waits: [],
            releaseConfirmed: true,
            guardBaseline: [Object],
            publicHeldControl: 'ordinary public gait to .7m, then original slow near correction',
            actualHeldObservation: [Object],
            after: [Object],
            heldSeconds: 0.7500000000000373,
            geometricMetres: 1.687498206958963
          },
          {
            n: 1,
            before: [Object],
            key: 'w',
            slow: true,
            desired: 0.03335899595972819,
            inputs: [Array],
            waits: [],
            releaseConfirmed: true,
            guardBaseline: [Object],
            publicHeldControl: 'ordinary slow key through actual RAF observations, then original near correction',
            actualHeldObservation: [Object],
            after: [Object],
            heldSeconds: 1.000000000000048,
            geometricMetres: 1.762498202428029
          },
          {
            n: 2,
            before: [Object],
            key: 'w',
            slow: true,
            desired: 0.04049844044788602,
            inputs: [Array],
            waits: [],
            releaseConfirmed: true,
            guardBaseline: [Object],
            slowModifierAlreadyHeld: true,
            after: [Object],
            heldSeconds: 1.2500000000000338,
            geometricMetres: 1.8374981999703073
          },
          {
            n: 3,
            before: [Object],
            key: 'w',
            slow: true,
            desired: 0.04161715187872658,
            inputs: [Array],
            waits: [],
            releaseConfirmed: true,
            guardBaseline: [Object],
            slowModifierAlreadyHeld: true,
            after: [Object],
            heldSeconds: 1.5000000000000195,
            geometricMetres: 1.9124981990603358
          },
          {
            n: 4,
            before: [Object],
            key: 'w',
            slow: true,
            desired: 0.043276139059718596,
            inputs: [Array],
            waits: [],
            releaseConfirmed: true,
            guardBaseline: [Object],
            slowModifierAlreadyHeld: true,
            after: [Object],
            heldSeconds: 1.7500000000000053,
            geometricMetres: 1.9874981988971234
          }
        ],
        precisionModifier: {
          key: 'z',
          scope: 'precision-local-leg-only',
          downAttempted: true,
          downConfirmed: true,
          releaseConfirmed: true,
          inputs: [ [Object], [Object] ]
        },
        failureDiagnostic: null,
        firstError: null
      }
    },
    {
      name: 'lower-2',
      target: { x: -0.77, y: 0.44, z: 3.07 },
      precision: true,
      failure: null,
      frames: 7,
      elapsedExplicitCPUWallMs: 35230,
      horizontalGap: 0.04559720881738058,
      heightGap: 0,
      finalLocal: {
        x: -0.7732695514060941,
        y: 0.44,
        z: 3.024520163967548,
        yaw: -0.0721411248186516
      },
      motion: {
        stage: 'lower-2',
        target: { x: -0.77, y: 0.44, z: 3.07 },
        precision: true,
        localBudget: 150000,
        maxIterations: 1800,
        initialLocal: {
          x: -0.7707092447953238,
          y: 1.4339107099627655,
          z: 1.0374305828155133,
          yaw: 0.01865518053600574
        },
        lastObservedLocal: {
          x: -0.7732695514060941,
          y: 0.44,
          z: 3.024520163967548,
          yaw: -0.0721411248186516
        },
        samples: [
          {
            ready: true,
            started: true,
            paused: false,
            teleportRevision: 3,
            simulationTime: 16.75000000000033,
            position: [Object],
            camera: [Object],
            timing: [Object],
            city: [Object]
          },
          {
            n: 0,
            before: [Object],
            key: 'w',
            slow: false,
            desired: 0.02219219990898036,
            inputs: [Array],
            waits: [],
            releaseConfirmed: true,
            guardBaseline: [Object],
            publicHeldControl: 'ordinary public gait to .7m, then original slow near correction',
            actualHeldObservation: [Object],
            after: [Object],
            heldSeconds: 0.7499999999999574,
            geometricMetres: 1.6874105782335844
          },
          {
            n: 1,
            before: [Object],
            key: 'w',
            slow: true,
            desired: 0.031151290373044448,
            inputs: [Array],
            waits: [],
            releaseConfirmed: true,
            guardBaseline: [Object],
            publicHeldControl: 'ordinary slow key through actual RAF observations, then original near correction',
            actualHeldObservation: [Object],
            after: [Object],
            heldSeconds: 0.9999999999999432,
            geometricMetres: 1.762408842498683
          },
          {
            n: 2,
            before: [Object],
            key: 'w',
            slow: true,
            desired: 0.055293257319707065,
            inputs: [Array],
            waits: [],
            releaseConfirmed: true,
            guardBaseline: [Object],
            slowModifierAlreadyHeld: true,
            after: [Object],
            heldSeconds: 1.249999999999929,
            geometricMetres: 1.8374034785521216
          },
          {
            n: 3,
            before: [Object],
            key: 'w',
            slow: true,
            desired: 0.1077493075037417,
            inputs: [Array],
            waits: [],
            releaseConfirmed: true,
            guardBaseline: [Object],
            slowModifierAlreadyHeld: true,
            after: [Object],
            heldSeconds: 1.4999999999999147,
            geometricMetres: 1.9123929526676133
          },
          {
            n: 4,
            before: [Object],
            key: 'w',
            slow: true,
            desired: 0.1842771126984083,
            inputs: [Array],
            waits: [],
            releaseConfirmed: true,
            guardBaseline: [Object],
            slowModifierAlreadyHeld: true,
            after: [Object],
            heldSeconds: 1.7499999999999005,
            geometricMetres: 1.9873722582808901
          }
        ],
        precisionModifier: {
          key: 'z',
          scope: 'precision-local-leg-only',
          downAttempted: true,
          downConfirmed: true,
          releaseConfirmed: true,
          inputs: [ [Object], [Object] ]
        },
        failureDiagnostic: null,
        firstError: null
      }
    },
    {
      name: 'lower-3',
      target: { x: 0, z: 3.07, y: 0.44 },
      precision: true,
      failure: null,
      frames: 10,
      elapsedExplicitCPUWallMs: 50430,
      horizontalGap: 0.027482921622287163,
      heightGap: 0,
      finalLocal: {
        x: -0.02689683849896711,
        y: 0.44,
        z: 3.0756454459219142,
        yaw: 1.5984724137408823
      },
      motion: {
        stage: 'lower-3',
        target: { x: 0, z: 3.07, y: 0.44 },
        precision: true,
        localBudget: 150000,
        maxIterations: 1800,
        initialLocal: {
          x: -0.7732695514060941,
          y: 0.44,
          z: 3.024520163967548,
          yaw: -0.0721411248186516
        },
        lastObservedLocal: {
          x: -0.02689683849896711,
          y: 0.44,
          z: 3.0756454459219142,
          yaw: 1.5984724137408823
        },
        samples: [
          {
            ready: true,
            started: true,
            paused: false,
            teleportRevision: 3,
            simulationTime: 18.50000000000023,
            position: [Object],
            camera: [Object],
            timing: [Object],
            city: [Object]
          },
          {
            n: 0,
            before: [Object],
            key: 'a',
            slow: true,
            desired: 0.19767093108703282,
            inputs: [Array],
            waits: [],
            releaseConfirmed: true,
            guardBaseline: [Object],
            publicHeldControl: 'ordinary slow key through actual RAF observations, then original near correction',
            actualHeldObservation: [Object],
            after: [Object],
            heldSeconds: 0.2499999999999858,
            geometricMetres: 0.07496689485983463
          },
          {
            n: 1,
            before: [Object],
            key: 'a',
            slow: true,
            desired: 0.30822715340718476,
            inputs: [Array],
            waits: [],
            releaseConfirmed: true,
            guardBaseline: [Object],
            slowModifierAlreadyHeld: true,
            publicHeldControl: 'ordinary slow key through actual RAF observations, then original near correction',
            actualHeldObservation: [Object],
            after: [Object],
            heldSeconds: 0.4999999999999716,
            geometricMetres: 0.14991386699918624
          },
          {
            n: 2,
            before: [Object],
            key: 'a',
            slow: true,
            desired: 0.4480691831960173,
            inputs: [Array],
            waits: [],
            releaseConfirmed: true,
            guardBaseline: [Object],
            slowModifierAlreadyHeld: true,
            publicHeldControl: 'ordinary slow key through actual RAF observations, then original near correction',
            actualHeldObservation: [Object],
            after: [Object],
            heldSeconds: 0.7499999999999574,
            geometricMetres: 0.22484456273096748
          },
          {
            n: 3,
            before: [Object],
            key: 'a',
            slow: true,
            desired: 0.6088494335470083,
            inputs: [Array],
            waits: [],
            releaseConfirmed: true,
            guardBaseline: [Object],
            slowModifierAlreadyHeld: true,
            publicHeldControl: 'ordinary slow key through actual RAF observations, then original near correction',
            actualHeldObservation: [Object],
            after: [Object],
            heldSeconds: 0.9999999999999432,
            geometricMetres: 0.29976437985088195
          },
          {
            n: 4,
            before: [Object],
            key: 'a',
            slow: true,
            desired: 0.7828829938073136,
            inputs: [Array],
            waits: [],
            releaseConfirmed: true,
            guardBaseline: [Object],
            slowModifierAlreadyHeld: true,
            publicHeldControl: 'ordinary slow key through actual RAF observations, then original near correction',
            actualHeldObservation: [Object],
            after: [Object],
            heldSeconds: 1.249999999999929,
            geometricMetres: 0.3746846305662449
          },
          {
            n: 5,
            before: [Object],
            key: 'a',
            slow: true,
            desired: 0.9584067210253351,
            inputs: [Array],
            waits: [],
            releaseConfirmed: true,
            guardBaseline: [Object],
            slowModifierAlreadyHeld: true,
            publicHeldControl: 'ordinary slow key through actual RAF observations, then original near correction',
            actualHeldObservation: [Object],
            after: [Object],
            heldSeconds: 1.4999999999999147,
            geometricMetres: 0.4496163035595504
          },
          {
            n: 6,
            before: [Object],
            key: 'a',
            slow: true,
            desired: 1.1243472597834403,
            inputs: [Array],
            waits: [],
            releaseConfirmed: true,
            guardBaseline: [Object],
            slowModifierAlreadyHeld: true,
            publicHeldControl: 'ordinary slow key through actual RAF observations, then original near correction',
            actualHeldObservation: [Object],
            after: [Object],
            heldSeconds: 1.7499999999999005,
            geometricMetres: 0.5245650864960483
          },
          {
            n: 7,
            before: [Object],
            key: 'a',
            slow: true,
            desired: 1.2730197105531742,
            inputs: [Array],
            waits: [],
            releaseConfirmed: true,
            guardBaseline: [Object],
            slowModifierAlreadyHeld: true,
            after: [Object],
            heldSeconds: 1.9999999999998863,
            geometricMetres: 0.5995304501742362
          },
          {
            n: 8,
            before: [Object],
            key: 'a',
            slow: true,
            desired: 1.4045961083436147,
            inputs: [Array],
            waits: [],
            releaseConfirmed: true,
            guardBaseline: [Object],
            slowModifierAlreadyHeld: true,
            after: [Object],
            heldSeconds: 2.249999999999872,
            geometricMetres: 0.674507113281578
          },
          {
            n: 9,
            before: [Object],
            key: 'a',
            slow: true,
            desired: 1.5303672608124175,
            inputs: [Array],
            waits: [],
            releaseConfirmed: true,
            guardBaseline: [Object],
            slowModifierAlreadyHeld: true,
            after: [Object],
            heldSeconds: 2.499999999999858,
            geometricMetres: 0.7494928921594118
          }
        ],
        precisionModifier: {
          key: 'z',
          scope: 'precision-local-leg-only',
          downAttempted: true,
          downConfirmed: true,
          releaseConfirmed: true,
          inputs: [ [Object], [Object] ]
        },
        failureDiagnostic: null,
        firstError: null
      }
    },
    {
      name: 'lower-4',
      target: { x: 0, z: 3.74, y: 0.44 },
      precision: true,
      failure: null,
      frames: 9,
      elapsedExplicitCPUWallMs: 45270,
      horizontalGap: 0.010055480621967611,
      heightGap: 0,
      finalLocal: {
        x: -0.00031137479218084566,
        y: 0.44,
        z: 3.7500506584996987,
        yaw: 0.041830377111698125
      },
      motion: {
        stage: 'lower-4',
        target: { x: 0, z: 3.74, y: 0.44 },
        precision: true,
        localBudget: 150000,
        maxIterations: 1800,
        initialLocal: {
          x: -0.02689683849896711,
          y: 0.44,
          z: 3.0756454459219142,
          yaw: 1.5984724137408823
        },
        lastObservedLocal: {
          x: -0.00031137479218084566,
          y: 0.44,
          z: 3.7500506584996987,
          yaw: 0.041830377111698125
        },
        samples: [
          {
            ready: true,
            started: true,
            paused: false,
            teleportRevision: 3,
            simulationTime: 21.00000000000009,
            position: [Object],
            camera: [Object],
            timing: [Object],
            city: [Object]
          },
          {
            n: 0,
            before: [Object],
            key: 'w',
            slow: true,
            desired: 1.5431547446036435,
            inputs: [Array],
            waits: [],
            releaseConfirmed: true,
            guardBaseline: [Object],
            publicHeldControl: 'ordinary slow key through actual RAF observations, then original near correction',
            actualHeldObservation: [Object],
            after: [Object],
            heldSeconds: 0.2499999999999858,
            geometricMetres: 0.07499248873732998
          },
          {
            n: 1,
            before: [Object],
            key: 'w',
            slow: true,
            desired: 1.594586994627836,
            inputs: [Array],
            waits: [],
            releaseConfirmed: true,
            guardBaseline: [Object],
            slowModifierAlreadyHeld: true,
            publicHeldControl: 'ordinary slow key through actual RAF observations, then original near correction',
            actualHeldObservation: [Object],
            after: [Object],
            heldSeconds: 1.249999999999929,
            geometricMetres: 0.3749924758310539
          },
          {
            n: 2,
            before: [Object],
            key: 'w',
            slow: true,
            desired: 1.5959281418204203,
            inputs: [Array],
            waits: [],
            releaseConfirmed: true,
            guardBaseline: [Object],
            slowModifierAlreadyHeld: true,
            after: [Object],
            heldSeconds: 1.4999999999999147,
            geometricMetres: 0.4499924749945003
          },
          {
            n: 3,
            before: [Object],
            key: 'w',
            slow: true,
            desired: 1.5970034505525448,
            inputs: [Array],
            waits: [],
            releaseConfirmed: true,
            guardBaseline: [Object],
            slowModifierAlreadyHeld: true,
            after: [Object],
            heldSeconds: 1.7499999999999005,
            geometricMetres: 0.5249924737730752
          },
          {
            n: 4,
            before: [Object],
            key: 'w',
            slow: true,
            desired: 1.599094222769472,
            inputs: [Array],
            waits: [],
            releaseConfirmed: true,
            guardBaseline: [Object],
            slowModifierAlreadyHeld: true,
            after: [Object],
            heldSeconds: 1.9999999999998863,
            geometricMetres: 0.5999924720944221
          },
          {
            n: 5,
            before: [Object],
            key: 'w',
            slow: true,
            desired: 1.6054672135697332,
            inputs: [Array],
            waits: [],
            releaseConfirmed: true,
            guardBaseline: [Object],
            slowModifierAlreadyHeld: true,
            after: [Object],
            heldSeconds: 2.249999999999872,
            geometricMetres: 0.6749924698862514
          }
        ],
        precisionModifier: {
          key: 'z',
          scope: 'precision-local-leg-only',
          downAttempted: true,
          downConfirmed: true,
          releaseConfirmed: true,
          inputs: [ [Object], [Object] ]
        },
        failureDiagnostic: null,
        firstError: null
      }
    },
    {
      name: 'lower-5',
      target: { x: -0.55, y: 0.44, z: 3.74 },
      precision: true,
      failure: null,
      frames: 7,
      elapsedExplicitCPUWallMs: 35190,
      horizontalGap: 0.024877396228563744,
      heightGap: 0,
      finalLocal: {
        x: -0.5251787641842252,
        y: 0.44,
        z: 3.7383293427369293,
        yaw: -1.5979642944322172
      },
      motion: {
        stage: 'lower-5',
        target: { x: -0.55, y: 0.44, z: 3.74 },
        precision: true,
        localBudget: 150000,
        maxIterations: 1800,
        initialLocal: {
          x: -0.00031137479218084566,
          y: 0.44,
          z: 3.7500506584996987,
          yaw: 0.041830377111698125
        },
        lastObservedLocal: {
          x: -0.5251787641842252,
          y: 0.44,
          z: 3.7383293427369293,
          yaw: -1.5979642944322172
        },
        samples: [
          {
            ready: true,
            started: true,
            paused: false,
            teleportRevision: 3,
            simulationTime: 23.24999999999996,
            position: [Object],
            camera: [Object],
            timing: [Object],
            city: [Object]
          },
          {
            n: 0,
            before: [Object],
            key: 'd',
            slow: true,
            desired: 1.5344743787437267,
            inputs: [Array],
            waits: [],
            releaseConfirmed: true,
            guardBaseline: [Object],
            publicHeldControl: 'ordinary slow key through actual RAF observations, then original near correction',
            actualHeldObservation: [Object],
            after: [Object],
            heldSeconds: 0.9999999999999432,
            geometricMetres: 0.2999997522994028
          },
          {
            n: 1,
            before: [Object],
            key: 'd',
            slow: true,
            desired: 1.5414403329314417,
            inputs: [Array],
            waits: [],
            releaseConfirmed: true,
            guardBaseline: [Object],
            slowModifierAlreadyHeld: true,
            after: [Object],
            heldSeconds: 1.249999999999929,
            geometricMetres: 0.3749997463691066
          },
          {
            n: 2,
            before: [Object],
            key: 'd',
            slow: true,
            desired: 1.5461176605143299,
            inputs: [Array],
            waits: [],
            releaseConfirmed: true,
            guardBaseline: [Object],
            slowModifierAlreadyHeld: true,
            after: [Object],
            heldSeconds: 1.4999999999999147,
            geometricMetres: 0.44999973947878164
          },
          {
            n: 3,
            before: [Object],
            key: 'd',
            slow: true,
            desired: 1.556940784255862,
            inputs: [Array],
            waits: [],
            releaseConfirmed: true,
            guardBaseline: [Object],
            slowModifierAlreadyHeld: true,
            after: [Object],
            heldSeconds: 1.7499999999999005,
            geometricMetres: 0.524999731557724
          }
        ],
        precisionModifier: {
          key: 'z',
          scope: 'precision-local-leg-only',
          downAttempted: true,
          downConfirmed: true,
          releaseConfirmed: true,
          inputs: [ [Object], [Object] ]
        },
        failureDiagnostic: null,
        firstError: null
      }
    }
  ],
  operator: 'deepStrictEqual',
  diff: 'simple'
}

Node.js v24.19.0
