✔ original fittings distinguish MIT geometry/prints from CC0 maps and embed exact checked texture bytes (46.752286ms)
✔ new official desk and shelf retain indexed geometry and complete PBR references (39.496484ms)
✔ authored five-model owner switches three tiers, shares three shelves and releases every unique resource once (43.759465ms)
✔ authored owner rejects partial/corrupt new models and never attaches five late results after floor release (88.921714ms)
✔ GLBs contain exact official acquired BIN and 1K JPEG bytes, original scenes/skins/PBR and proven hashes (87.204458ms)
✔ matching local r185 loader dependencies and source snapshot hashes are complete and local (4.843484ms)
✔ actual indexed geometry, retained vice skin, default-pose bounds and PBR references fit the two-model budget (20.150694ms)
✔ single workshop preserves original routes/unaffected colliders and >2m main passage; chest stays on its owner crate (99.694397ms)
✔ distance hysteresis loads once, releases owned resource callbacks and releases again on building exit (84.955418ms)
✔ late asynchronous loads cannot attach to released floor, and missing/corrupt PBR keeps the primitive fallback (29.860347ms)
✔ old pending generation cannot clear or replace a successful new near generation (42.954636ms)
✔ cold synchronous disposal counters separate owned rendered objects from never-rendered decoded resources (19.86424ms)
✔ throwing optional renderer diagnostics cannot prevent real GLB cleanup and snapshots do not alias read errors (23.642972ms)
ℹ tests 13
ℹ suites 0
ℹ pass 13
ℹ fail 0
ℹ cancelled 0
ℹ skipped 0
ℹ todo 0
ℹ duration_ms 783.505083
