{"home":"south-079","north":"sail-club","colliders":4178,"paths":{"homeToBus":{"metres":18.91575228121131,"waypoints":2},"busToProduce":{"metres":36.29082177126779,"waypoints":2},"produceCounterToDoor":{"metres":25.261777254287153,"waypoints":2},"produceToPier":{"metres":501.5559554830194,"waypoints":17},"northPierToAddress":{"metres":77,"waypoints":3},"northAddressToPier":{"metres":73.80000000000001,"waypoints":3},"southPierToTram":{"metres":135.6,"waypoints":5},"tramToHome":{"metres":134.64924771878867,"waypoints":5}}}
Tour entered-south-079: {"position":{"x":133,"y":0.215,"z":114.34924771878869,"yaw":3.141592653589793},"time":1.1500000000000008,"revision":3,"ride":null,"deck":null,"cash":1200}
Tour continuous-route-start-real-home-2F-room: {"position":{"x":130.89703453852587,"y":4.153408014029265,"z":107.63685054035105,"yaw":-1.5707963267948968},"time":23.583333333333275,"revision":5,"ride":null,"deck":null,"cash":1200}
Tour progress: {"wallMs":30018,"position":{"x":132.69703453475125,"y":4.153408014029265,"z":107.63680946396417,"yaw":1.5707964793827944},"scene":"south-079","time":30.516666666666215}
Tour home-stair-down: {"position":{"x":135.29703407698386,"y":4.153408014029265,"z":104.63680906723401,"yaw":1.5707964793827873},"time":37.51666666666582,"revision":5,"ride":null,"deck":null,"cash":1200}
Tour progress: {"wallMs":60011,"position":{"x":135.29703407698386,"y":4.153408014029265,"z":104.63680906723401,"yaw":1.5707964793827873},"scene":"south-079","time":37.51666666666582}
Tour home-stair-down: {"position":{"x":135.29703480940705,"y":2.3483043409325184,"z":109.43680906723434,"yaw":1.5258789064464386e-7},"time":40.51666666666565,"revision":5,"ride":null,"deck":null,"cash":1200}
Tour home-stair-down: {"position":{"x":135.29703557234748,"y":0.215,"z":114.43680906723448,"yaw":1.5258789064464386e-7},"time":42.26666666666555,"revision":5,"ride":null,"deck":null,"cash":1200}
Tour progress: {"wallMs":90014,"position":{"x":133.91036890568208,"y":0.215,"z":114.43680927882365,"yaw":-1.570796174207006},"scene":"south-079","time":43.999999999998785}
Tour exited-south-079: {"position":{"x":133,"y":0.18,"z":119.54924771878868,"yaw":0},"time":44.99999999999873,"revision":6,"ride":null,"deck":null,"cash":1200}
Tour progress: {"wallMs":120011,"position":{"x":147.45333322781713,"y":0.18,"z":119.548675645772,"yaw":1.5707963856074472},"scene":"street","time":50.116666666665104}
Tour walk-home-to-bus-waypoint-0: {"position":{"x":147.65333322781694,"y":0.18,"z":119.54867563400946,"yaw":1.5707963856074467},"time":50.36666666666509,"revision":6,"ride":null,"deck":null,"cash":1200}
Tour walk-home-to-bus-waypoint-1: {"position":{"x":147.65333347404416,"y":0.18,"z":123.73534230067635,"yaw":5.8812550507776764e-8},"time":52.599999999998296,"revision":6,"ride":null,"deck":null,"cash":1200}
Tour walk-home-to-bus: {"position":{"x":147.65333347404416,"y":0.18,"z":123.73534230067635,"yaw":5.8812550507776764e-8},"time":52.599999999998296,"revision":6,"ride":null,"deck":null,"cash":1200}
Tour progress: {"wallMs":150010,"position":{"x":147.65333347404416,"y":0.18,"z":123.73534230067635,"yaw":5.8812550507776764e-8},"scene":"street","time":57.09999999999804}
Tour progress: {"wallMs":180011,"position":{"x":147.65333347404416,"y":0.18,"z":123.73534230067635,"yaw":5.8812550507776764e-8},"scene":"street","time":63.349999999997685}
Tour progress: {"wallMs":210013,"position":{"x":147.65333347404416,"y":0.18,"z":123.73534230067635,"yaw":5.8812550507776764e-8},"scene":"street","time":70.2499999999973}
Tour progress: {"wallMs":240016,"position":{"x":147.65333347404416,"y":0.18,"z":123.73534230067635,"yaw":5.8812550507776764e-8},"scene":"street","time":76.98333333333025}
Tour progress: {"wallMs":270119,"position":{"x":147.65333347404416,"y":0.18,"z":123.73534230067635,"yaw":5.8812550507776764e-8},"scene":"street","time":83.98333333332985}
Tour progress: {"wallMs":300018,"position":{"x":147.65333347404416,"y":0.18,"z":123.73534230067635,"yaw":5.8812550507776764e-8},"scene":"street","time":91.23333333332944}
Tour progress: {"wallMs":330017,"position":{"x":147.65333347404416,"y":0.18,"z":123.73534230067635,"yaw":5.8812550507776764e-8},"scene":"street","time":97.2333333333291}
Tour progress: {"wallMs":360021,"position":{"x":147.65333347404416,"y":0.18,"z":123.73534230067635,"yaw":5.8812550507776764e-8},"scene":"street","time":104.11666666666204}
Tour progress: {"wallMs":390017,"position":{"x":147.65333347404416,"y":0.18,"z":123.73534230067635,"yaw":5.8812550507776764e-8},"scene":"street","time":110.61666666666167}
Tour bus-boarded: {"position":{"x":151.45,"y":0.44,"z":123.74,"yaw":0},"time":111.61666666666162,"revision":7,"ride":"harbor-bus-2","deck":"lower","cash":1200}
Tour progress: {"wallMs":420183,"position":{"x":151.2496694994343,"y":0.44,"z":123.07002074209478,"yaw":-1.5778866283085713},"scene":"harbor-bus-2","time":119.09999999999452}
Tour progress: {"wallMs":450017,"position":{"x":151.39144071589155,"y":1.586315065424079,"z":157.8394281898665,"yaw":3.1852129052210074},"scene":"harbor-bus-2","time":129.36666666666176}
Tour progress: {"wallMs":480017,"position":{"x":199.02719250770483,"y":2.3653589173846914,"z":168.73853520008709,"yaw":-1.5085958911982227},"scene":"harbor-bus-2","time":138.16666666666876}
Tour bus-upper-deck: {"position":{"x":199.04937970201522,"y":2.4,"z":168.03095748055387,"yaw":3.1220920388808535},"time":143.26666666667282,"revision":7,"ride":"harbor-bus-2","deck":"upper","cash":1200}
Tour bus-upper-deck-at-real-open-berth: {"position":{"x":199.04937970201522,"y":2.4,"z":168.03095748055387,"yaw":3.1220920388808535},"time":145.7666666666748,"revision":7,"ride":"harbor-bus-2","deck":"upper","cash":1200}
Tour bus-upper-landing-E-keeps-rider-on-board: {"position":{"x":199.04937970201522,"y":2.4,"z":168.03095748055387,"yaw":3.1220920388808535},"time":145.7666666666748,"revision":7,"ride":"harbor-bus-2","deck":"upper","cash":1200}
Tour progress: {"wallMs":510025,"position":{"x":199.05018671315003,"y":2.4,"z":168.63095645925412,"yaw":0.000839450370331063},"scene":"harbor-bus-2","time":148.516666666677}
Tour progress: {"wallMs":540021,"position":{"x":221.88784488877846,"y":1.1765773162828705,"z":168.75163657736056,"yaw":1.5809494368158064},"scene":"harbor-bus-2","time":159.4666666666857}
Tour progress: {"wallMs":570021,"position":{"x":248.8470097306658,"y":0.44,"z":147.60077062058497,"yaw":3.2500592541414615},"scene":"harbor-bus-2","time":168.40000000002615}
Tour progress: {"wallMs":600020,"position":{"x":248.031351153778,"y":0.44,"z":83.33892146976208,"yaw":3.1775012036917363},"scene":"harbor-bus-2","time":174.81666666669793}
Tour bus-lower-door-ready: {"position":{"x":248.52496925081255,"y":0.44,"z":56.2975734708588,"yaw":1.5672511157649849},"time":178.76666666670107,"revision":7,"ride":"harbor-bus-2","deck":"lower","cash":1200}
Tour progress: {"wallMs":630023,"position":{"x":248.52493707830686,"y":0.44,"z":56.25993810308995,"yaw":1.5672597179020635},"scene":"harbor-bus-2","time":184.01666666670525}
Tour progress: {"wallMs":660022,"position":{"x":248.52493707830686,"y":0.44,"z":19.660365031085977,"yaw":1.5672597179020635},"scene":"harbor-bus-2","time":195.90000000004804}
Tour progress: {"wallMs":690095,"position":{"x":248.52493707830686,"y":0.44,"z":-39.77368340570325,"yaw":1.5672597179020635},"scene":"harbor-bus-2","time":210.7166666667265}
Tour progress: {"wallMs":720131,"position":{"x":248.52493707830686,"y":0.44,"z":-83.74006189691005,"yaw":1.5672597179020635},"scene":"harbor-bus-2","time":222.5833333334026}
Tour progress: {"wallMs":750063,"position":{"x":248.44893073404754,"y":0.44,"z":-153.84814024938092,"yaw":1.587554423221098},"scene":"harbor-bus-2","time":236.7833333334139}
Tour progress: {"wallMs":780032,"position":{"x":222.19310379802596,"y":0.44,"z":-168.5849826076553,"yaw":-3.161202773795247},"scene":"harbor-bus-2","time":245.30000000008735}
Tour progress: {"wallMs":810060,"position":{"x":196.25993810308995,"y":0.44,"z":-168.52493707830686,"yaw":-3.145129262482626},"scene":"harbor-bus-2","time":253.18333333342696}
Tour progress: {"wallMs":840062,"position":{"x":191.85670285151812,"y":0.44,"z":-168.51472773058106,"yaw":-3.142400054874903},"scene":"harbor-bus-2","time":261.2666666667577}
Tour progress: {"wallMs":870133,"position":{"x":176.84981056564595,"y":0.44,"z":-168.47990390038836,"yaw":-3.1330983724111814},"scene":"harbor-bus-2","time":268.7333333334176}
Tour progress: {"wallMs":900045,"position":{"x":176.84981056564595,"y":0.44,"z":-168.47990390038836,"yaw":-3.1330983724111814},"scene":"harbor-bus-2","time":276.2500000000774}
Tour progress: {"wallMs":930037,"position":{"x":157.4114597179179,"y":0.44,"z":-167.4782735478304,"yaw":-2.9559014197969122},"scene":"harbor-bus-2","time":284.35000000007005}
Tour progress: {"wallMs":960048,"position":{"x":151.4310906204402,"y":0.44,"z":-116.91008021018658,"yaw":-1.586100029453229},"scene":"harbor-bus-2","time":292.25000000006287}
Tour progress: {"wallMs":990037,"position":{"x":151.47506292169314,"y":0.44,"z":-76.25993810308995,"yaw":-1.5743329356877296},"scene":"harbor-bus-2","time":298.5000000000572}
Tour progress: {"wallMs":1020040,"position":{"x":151.47506292169314,"y":0.44,"z":-76.25993810308995,"yaw":-1.5743329356877296},"scene":"harbor-bus-2","time":306.83333333338294}
Tour progress: {"wallMs":1050078,"position":{"x":151.47506292169314,"y":0.44,"z":-52.12013100616096,"yaw":-1.5743329356877296},"scene":"harbor-bus-2","time":313.5166666667102}
Tour progress: {"wallMs":1080042,"position":{"x":151.47506292169314,"y":0.44,"z":-7.501579368723566,"yaw":-1.5743329356877296},"scene":"harbor-bus-2","time":320.5666666667038}
Tour progress: {"wallMs":1110065,"position":{"x":151.47506292169314,"y":0.44,"z":68.0603287772602,"yaw":-1.5743329356877296},"scene":"harbor-bus-2","time":326.96666666669796}
Tour progress: {"wallMs":1140061,"position":{"x":151.47506292169314,"y":0.44,"z":119.18308851459145,"yaw":-1.5743329356877296},"scene":"harbor-bus-2","time":333.183333333359}
Tour progress: {"wallMs":1170042,"position":{"x":151.47506292169314,"y":0.44,"z":123.74006189691005,"yaw":-1.5743329356877296},"scene":"harbor-bus-2","time":340.3500000000191}
Tour progress: {"wallMs":1200042,"position":{"x":151.47815327305992,"y":0.44,"z":125.07309278673226,"yaw":-1.5735067000196177},"scene":"harbor-bus-2","time":347.48333333334597}
Tour progress: {"wallMs":1230059,"position":{"x":158.7291524580996,"y":0.44,"z":168.21137479633677,"yaw":-0.6673866764882442},"scene":"harbor-bus-2","time":355.18333333333896}
Tour bus-arrived: {"position":{"x":203.74006189691005,"y":0.44,"z":168.52493707830686,"yaw":-0.0035366088928330264},"time":362.4833333333323,"revision":7,"ride":"harbor-bus-2","deck":"lower","cash":1200}
Tour bus-alighted: {"position":{"x":203.74,"y":0.18,"z":172.275,"yaw":3.141592653589793},"time":362.4833333333323,"revision":8,"ride":null,"deck":null,"cash":1200}
Tour progress: {"wallMs":1260043,"position":{"x":209.34000000000003,"y":0.18,"z":172.275,"yaw":1.5707963267948966},"scene":"street","time":363.4833333333314}
Tour walk-bus-to-produce-waypoint-0: {"position":{"x":225.13999999999845,"y":0.18,"z":172.275,"yaw":1.5707963267948966},"time":368.2333333333271,"revision":8,"ride":null,"deck":null,"cash":1200}
Tour progress: {"wallMs":1290061,"position":{"x":225.13999999999845,"y":0.18,"z":181.79500000000004,"yaw":-1.2246467991473532e-16},"scene":"street","time":369.93333333332555}
Tour walk-bus-to-produce-waypoint-1: {"position":{"x":225.13999999999845,"y":0.18,"z":186.84833333333194,"yaw":-1.2246467991473532e-16},"time":372.54999999998984,"revision":8,"ride":null,"deck":null,"cash":1200}
Tour walk-bus-to-produce: {"position":{"x":225.13999999999845,"y":0.18,"z":186.84833333333194,"yaw":-1.2246467991473532e-16},"time":372.54999999998984,"revision":8,"ride":null,"deck":null,"cash":1200}
Tour before-real-counter-purchase: {"position":{"x":225.13999999999845,"y":0.18,"z":186.84833333333194,"yaw":-1.2246467991473532e-16},"time":372.54999999998984,"revision":8,"ride":null,"deck":null,"cash":1200}
Tour after-real-counter-purchase: {"position":{"x":225.13999999999845,"y":0.18,"z":186.84833333333194,"yaw":-1.2246467991473532e-16},"time":372.54999999998984,"revision":8,"ride":null,"deck":null,"cash":1194}
Tour purchase-public-save: {"position":{"x":225.13999999999845,"y":0.18,"z":186.84833333333194,"yaw":-1.2246467991473532e-16},"time":372.54999999998984,"revision":8,"ride":null,"deck":null,"cash":1194}
Tour progress: {"wallMs":1320093,"position":{"x":225.13999999999845,"y":0.18,"z":199.4749999999983,"yaw":-1.2246467991473532e-16},"scene":"street","time":375.2833333333207}
Tour walk-produce-counter-to-real-shop-door-waypoint-0: {"position":{"x":225.13999999999845,"y":0.18,"z":199.87499999999793,"yaw":-1.2246467991473532e-16},"time":375.78333333332023,"revision":8,"ride":null,"deck":null,"cash":1194}
Tour walk-produce-counter-to-real-shop-door-waypoint-1: {"position":{"x":213.13999999999913,"y":0.18,"z":199.87499999999793,"yaw":-1.5707963267948968},"time":378.7833333333175,"revision":8,"ride":null,"deck":null,"cash":1194}
Tour walk-produce-counter-to-real-shop-door: {"position":{"x":213.13999999999913,"y":0.18,"z":199.87499999999793,"yaw":-1.5707963267948968},"time":378.7833333333175,"revision":8,"ride":null,"deck":null,"cash":1194}
Tour entered-south-095: {"position":{"x":213,"y":0.215,"z":195.35595548301936,"yaw":3.141592653589793},"time":378.7833333333175,"revision":9,"ride":null,"deck":null,"cash":1194}
Tour progress: {"wallMs":1350067,"position":{"x":213,"y":0.215,"z":194.55595548302009,"yaw":3.141592653589793},"scene":"south-095","time":380.1833333333162}
Tour produce-grocery-room-physically-entered: {"position":{"x":210.800000000002,"y":0.215,"z":193.35595548302118,"yaw":-1.5707963267948968},"time":384.43333333331236,"revision":9,"ride":null,"deck":null,"cash":1194}
Tour progress: {"wallMs":1380071,"position":{"x":210.800000000002,"y":0.215,"z":193.35595548302118,"yaw":-1.5707963267948968},"scene":"south-095","time":385.6833333333112}
Tour progress: {"wallMs":1410061,"position":{"x":213,"y":0.215,"z":194.55595548302009,"yaw":-1.2246467991473532e-16},"scene":"south-095","time":391.1833333333062}
Tour exited-south-095: {"position":{"x":213,"y":0.18,"z":200.55595548301935,"yaw":0},"time":392.1833333333053,"revision":10,"ride":null,"deck":null,"cash":1194}
Tour walk-produce-to-south-pier-waypoint-0: {"position":{"x":226.9999998944836,"y":0.18,"z":200.5553834354205,"yaw":1.5707963856074472},"time":397.18333333330077,"revision":10,"ride":null,"deck":null,"cash":1194}
Tour progress: {"wallMs":1440047,"position":{"x":226.99999981214606,"y":0.18,"z":199.1553834354205,"yaw":-3.141592594777243},"scene":"street","time":397.43333333330054}
Tour progress: {"wallMs":1470074,"position":{"x":226.9999979771953,"y":0,"z":167.95538343542074,"yaw":-3.141592594777243},"scene":"street","time":403.4333333332951}
Tour walk-produce-to-south-pier-waypoint-1: {"position":{"x":226.9999978830967,"y":0,"z":166.3553834354222,"yaw":-3.141592594777243},"time":405.43333333329326,"revision":10,"ride":null,"deck":null,"cash":1194}
Tour progress: {"wallMs":1500072,"position":{"x":226.99999629672658,"y":0.18,"z":139.38205010208875,"yaw":-3.1415925947772427},"scene":"street","time":410.24999999995555}
Tour walk-produce-to-south-pier-waypoint-2: {"position":{"x":226.99999587327778,"y":0.18,"z":132.1820501020902,"yaw":-3.1415925947772427},"time":413.2499999999528,"revision":10,"ride":null,"deck":null,"cash":1194}
Tour progress: {"wallMs":1530068,"position":{"x":226.99999472055208,"y":0.18,"z":112.58205010209011,"yaw":-3.1415925947772427},"scene":"street","time":416.74999999994964}
Tour walk-produce-to-south-pier-waypoint-3: {"position":{"x":226.99999385953765,"y":0.18,"z":97.94205010208987,"yaw":-3.141592594777243},"time":420.6499999999461,"revision":10,"ride":null,"deck":null,"cash":1194}
Tour progress: {"wallMs":1560068,"position":{"x":226.99999267387693,"y":0,"z":77.78205010208978,"yaw":-3.141592594777243},"scene":"street","time":424.2499999999428}
Tour walk-produce-to-south-pier-waypoint-4: {"position":{"x":226.99999184971873,"y":0.18,"z":63.76871676875615,"yaw":-3.1415925947772427},"time":428.46666666660565,"revision":10,"ride":null,"deck":null,"cash":1194}
Tour progress: {"wallMs":1590076,"position":{"x":226.99999077933057,"y":0.18,"z":45.568716768756076,"yaw":-3.141592594777243},"scene":"street","time":431.7166666666027}
Tour walk-produce-to-south-pier-waypoint-5: {"position":{"x":226.99998983676258,"y":0.18,"z":29.54205010208946,"yaw":-3.1415925947772427},"time":435.64999999993245,"revision":10,"ride":null,"deck":null,"cash":1194}
Tour progress: {"wallMs":1620088,"position":{"x":226.99998865110186,"y":0,"z":9.382050102089377,"yaw":-3.1415925947772427},"scene":"street","time":439.2499999999292}
Tour walk-produce-to-south-pier-waypoint-6: {"position":{"x":226.99998782223855,"y":0,"z":-4.711283231243941,"yaw":-3.141592594777243},"time":443.3666666665921,"revision":10,"ride":null,"deck":null,"cash":1194}
Tour progress: {"wallMs":1650107,"position":{"x":226.9999866804912,"y":0.18,"z":-24.12461656457732,"yaw":-3.1415925947772427},"scene":"street","time":446.8333333332556}
Tour walk-produce-to-south-pier-waypoint-7: {"position":{"x":226.99998580222527,"y":0.18,"z":-39.05794989791092,"yaw":-3.141592594777243},"time":450.9999999999185,"revision":10,"ride":null,"deck":null,"cash":1194}
Tour progress: {"wallMs":1680071,"position":{"x":226.99998481966384,"y":0.18,"z":-55.76461656457766,"yaw":-3.1415925947772427},"scene":"street","time":453.9833333332491}
Tour walk-produce-to-south-pier-waypoint-8: {"position":{"x":226.9999837939743,"y":0,"z":-73.2046165645779,"yaw":-3.1415925947772427},"time":458.3833333332451,"revision":10,"ride":null,"deck":null,"cash":1194}
Tour progress: {"wallMs":1710068,"position":{"x":226.99998256440023,"y":0.18,"z":-94.11128323124466,"yaw":-3.141592594777243},"scene":"street","time":462.11666666657504}
Tour walk-produce-to-south-pier-waypoint-9: {"position":{"x":226.99998177631298,"y":0.18,"z":-107.51128323124483,"yaw":-3.1415925947772427},"time":465.3666666665721,"revision":10,"ride":null,"deck":null,"cash":1194}
Tour progress: {"wallMs":1740075,"position":{"x":226.99998046989052,"y":0.18,"z":-129.72461656457824,"yaw":-3.1415925947772427},"scene":"street","time":469.33333333323515}
Tour walk-produce-to-south-pier-waypoint-10: {"position":{"x":226.99997976492608,"y":0.18,"z":-141.71128323124313,"yaw":-3.1415925947772427},"time":473.6166666665646,"revision":10,"ride":null,"deck":null,"cash":1194}
Tour progress: {"wallMs":1770144,"position":{"x":226.99997817306678,"y":0,"z":-168.7779498979099,"yaw":-3.1415925947772427},"scene":"street","time":478.4499999998935}
Tour walk-produce-to-south-pier-waypoint-11: {"position":{"x":226.9999777543229,"y":0.18,"z":-175.89794989790855,"yaw":-3.141592594777243},"time":481.3499999998909,"revision":10,"ride":null,"deck":null,"cash":1194}
Tour progress: {"wallMs":1800088,"position":{"x":226.99997629890956,"y":0.18,"z":-200.64461656457445,"yaw":-3.141592594777243},"scene":"street","time":486.7833333332193}
Tour walk-produce-to-south-pier-waypoint-12: {"position":{"x":226.99997628714723,"y":0.18,"z":-200.84461656457427,"yaw":-3.1415925947772427},"time":487.03333333321905,"revision":10,"ride":null,"deck":null,"cash":1194}
Tour walk-produce-to-south-pier-waypoint-13: {"position":{"x":226.99997481761892,"y":0.18,"z":-225.83128323124012,"yaw":-3.1415925947772427},"time":492.56666666654735,"revision":10,"ride":null,"deck":null,"cash":1194}
Tour progress: {"wallMs":1830075,"position":{"x":226.99997440593117,"y":0,"z":-232.83128323124015,"yaw":-3.141592594777243},"scene":"street","time":493.8166666665462}
Tour walk-produce-to-south-pier-waypoint-14: {"position":{"x":226.99997334730713,"y":0,"z":-250.83128323123861,"yaw":-3.1415925947772427},"time":498.9166666665416,"revision":10,"ride":null,"deck":null,"cash":1194}
Tour progress: {"wallMs":1860074,"position":{"x":221.4799733473073,"y":0,"z":-250.8312829065936,"yaw":-1.5707962679823466},"scene":"street","time":500.1166666665405}
Tour walk-produce-to-south-pier-waypoint-15: {"position":{"x":220.11997334730853,"y":0,"z":-250.8312828266098,"yaw":-1.5707962679823462},"time":501.94999999987215,"revision":10,"ride":null,"deck":null,"cash":1194}
Tour progress: {"wallMs":1890079,"position":{"x":220.1199720353969,"y":-0.03,"z":-273.1379494932713,"yaw":-3.1415925947772427},"scene":"street","time":505.93333333320186}
Tour walk-produce-to-south-pier-waypoint-16: {"position":{"x":220.11997163547275,"y":-0.03,"z":-279.93794949326855,"yaw":-3.1415925947772427},"time":508.4333333331996,"revision":10,"ride":null,"deck":null,"cash":1194}
Tour walk-produce-to-south-pier: {"position":{"x":220.11997163547275,"y":-0.03,"z":-279.93794949326855,"yaw":-3.1415925947772427},"time":508.4333333331996,"revision":10,"ride":null,"deck":null,"cash":1194}
Tour pier-south-boarding: {"position":{"x":220.1199714002237,"y":0.639830125989128,"z":-283.9379494932666,"yaw":-3.1415925947772427},"time":510.43333333319777,"revision":10,"ride":null,"deck":null,"cash":1194}
Tour progress: {"wallMs":1920110,"position":{"x":220.11997117673698,"y":1.2573301259888436,"z":-287.73794949326486,"yaw":-3.141592594777243},"scene":"street","time":512.1833333331962}
Tour pier-south-boarding: {"position":{"x":220.11997115948557,"y":1.3,"z":-288.03128282659793,"yaw":-3.141592594777243},"time":512.5499999998625,"revision":10,"ride":null,"deck":null,"cash":1194}
Tour pier-south-boarding: {"position":{"x":220.11997022240692,"y":1.3,"z":-303.96461615992575,"yaw":-3.141592594777243},"time":516.6666666665254,"revision":10,"ride":null,"deck":null,"cash":1194}
Tour progress: {"wallMs":1950080,"position":{"x":220.11997022240692,"y":1.3,"z":-303.96461615992575,"yaw":-3.141592594777243},"scene":"street","time":519.5666666665228}
Tour progress: {"wallMs":1980081,"position":{"x":220.11997022240692,"y":1.3,"z":-303.96461615992575,"yaw":-3.141592594777243},"scene":"street","time":525.4333333331841}
Tour progress: {"wallMs":2010093,"position":{"x":220.11997022240692,"y":1.3,"z":-303.96461615992575,"yaw":-3.141592594777243},"scene":"street","time":532.8333333331774}
Tour progress: {"wallMs":2040085,"position":{"x":220.11997022240692,"y":1.3,"z":-303.96461615992575,"yaw":-3.141592594777243},"scene":"street","time":538.8333333331719}
Tour progress: {"wallMs":2070080,"position":{"x":220.11997022240692,"y":1.3,"z":-303.96461615992575,"yaw":-3.141592594777243},"scene":"street","time":545.6333333331658}
Tour progress: {"wallMs":2100080,"position":{"x":220.11997022240692,"y":1.3,"z":-303.96461615992575,"yaw":-3.141592594777243},"scene":"street","time":552.1666666664931}
Tour progress: {"wallMs":2130111,"position":{"x":220.11997022240692,"y":1.3,"z":-303.96461615992575,"yaw":-3.141592594777243},"scene":"street","time":559.4166666664865}
Tour progress: {"wallMs":2160083,"position":{"x":220.11997022240692,"y":1.3,"z":-303.96461615992575,"yaw":-3.141592594777243},"scene":"street","time":566.9666666664797}
Tour ferry-outbound-boarded: {"position":{"x":220,"y":1.3,"z":-306.8,"yaw":1.5707963267948966},"time":569.2166666664776,"revision":11,"ride":"harbor-ferry-1","deck":"lower","cash":1194}
Tour progress: {"wallMs":2190081,"position":{"x":220,"y":1.3,"z":-309.2825,"yaw":3.141592653589793},"scene":"harbor-ferry-1","time":572.883333333141}
Tour progress: {"wallMs":2220105,"position":{"x":231.92499400284046,"y":1.3,"z":-309.50189001173516,"yaw":1.5686349194575766},"scene":"harbor-ferry-1","time":579.7833333331347}
Tour progress: {"wallMs":2250083,"position":{"x":251.47755867204225,"y":1.3,"z":-311.0496958561041,"yaw":3.1546677106700014},"scene":"harbor-ferry-1","time":588.9333333331264}
Tour progress: {"wallMs":2280087,"position":{"x":267.17618797384654,"y":1.4607515960680784,"z":-344.5675092679067,"yaw":6.236500565970811},"scene":"harbor-ferry-1","time":595.7666666664535}
Tour progress: {"wallMs":2310095,"position":{"x":245.12449379116651,"y":1.983626248275161,"z":-372.5590091820467,"yaw":0.937130417492309},"scene":"harbor-ferry-1","time":601.9166666664479}
Tour progress: {"wallMs":2340095,"position":{"x":210.2478815484419,"y":2.7233166084891893,"z":-373.2210407607803,"yaw":1.5694767660450832},"scene":"harbor-ferry-1","time":609.3333333331078}
Tour progress: {"wallMs":2370094,"position":{"x":211.83835894212376,"y":3.7,"z":-373.2197078411056,"yaw":-4.711582189394553},"scene":"harbor-ferry-1","time":615.5333333331022}
Tour ferry-outbound-upper-deck: {"position":{"x":212.18826036170483,"y":3.7,"z":-374.9442265638724,"yaw":-3.1726300392232574},"time":619.6499999997651,"revision":11,"ride":"harbor-ferry-1","deck":"upper","cash":1194}
Tour progress: {"wallMs":2400102,"position":{"x":212.18826036170483,"y":3.7,"z":-374.9442265638724,"yaw":-3.1726300392232574},"scene":"harbor-ferry-1","time":621.1499999997637}
Tour ferry-outbound-upper-deck-at-real-open-berth: {"position":{"x":212.18826036170483,"y":3.7,"z":-374.9442265638724,"yaw":-3.1726300392232574},"time":623.3166666664284,"revision":11,"ride":"harbor-ferry-1","deck":"upper","cash":1194}
Tour ferry-outbound-upper-landing-E-keeps-rider-on-board: {"position":{"x":212.18826036170483,"y":3.7,"z":-374.9442265638724,"yaw":-3.1726300392232574},"time":623.3166666664284,"revision":11,"ride":"harbor-ferry-1","deck":"upper","cash":1194}
Tour progress: {"wallMs":2430097,"position":{"x":205.63935495768118,"y":3.7,"z":-374.1156581881077,"yaw":0.0048496155667943075},"scene":"harbor-ferry-1","time":627.3166666664248}
Tour progress: {"wallMs":2460097,"position":{"x":180.93769478696092,"y":3.7,"z":-364.12137533693993,"yaw":1.2212261135927878},"scene":"harbor-ferry-1","time":632.6833333330866}
Tour progress: {"wallMs":2490390,"position":{"x":172.73916048388793,"y":3.594345950767692,"z":-341.3003116669859,"yaw":0.006768829962024971},"scene":"harbor-ferry-1","time":636.6666666664163}
Tour progress: {"wallMs":2520120,"position":{"x":182.0224211005638,"y":3.2462776920504233,"z":-321.49699783165437,"yaw":0.8819397636652425},"scene":"harbor-ferry-1","time":640.4166666664129}
Tour progress: {"wallMs":2550229,"position":{"x":215.06087002663168,"y":2.5930915124788383,"z":-311.23813997182026,"yaw":1.674188797994212},"scene":"harbor-ferry-1","time":647.0499999997402}
Tour progress: {"wallMs":2580116,"position":{"x":231.62923166508938,"y":1.719865049462484,"z":-311.279166654817,"yaw":1.571429561606825},"scene":"harbor-ferry-1","time":653.416666666401}
Tour progress: {"wallMs":2610104,"position":{"x":228.26931352113675,"y":1.3,"z":-309.5354477211489,"yaw":-1.5664935058011547},"scene":"harbor-ferry-1","time":662.2833333330597}
Tour progress: {"wallMs":2640110,"position":{"x":238.96048541545704,"y":1.3,"z":-309.3864518353807,"yaw":-1.5494128602301382},"scene":"harbor-ferry-1","time":670.2833333330524}
Tour progress: {"wallMs":2670125,"position":{"x":269.8327926016453,"y":1.3,"z":-330.56735593306615,"yaw":1.4462294709908836},"scene":"harbor-ferry-1","time":676.7833333330465}
Tour progress: {"wallMs":2700124,"position":{"x":268.98078570857837,"y":1.3,"z":-355.961830807002,"yaw":-3.937698308728757},"scene":"harbor-ferry-1","time":680.5333333330431}
Tour progress: {"wallMs":2730115,"position":{"x":259.24893392773726,"y":1.3,"z":-365.90758572161474,"yaw":-3.8279480775446513},"scene":"harbor-ferry-1","time":682.5166666663746}
Tour progress: {"wallMs":2760116,"position":{"x":249.61760258377777,"y":1.3,"z":-375.6247662486753,"yaw":-3.373286143501251},"scene":"harbor-ferry-1","time":684.5166666663728}
Tour progress: {"wallMs":2790126,"position":{"x":238.50641120782677,"y":1.3,"z":-377.5214204904579,"yaw":-3.028949035879619},"scene":"harbor-ferry-1","time":687.183333333037}
Tour progress: {"wallMs":2820113,"position":{"x":225.2212307635359,"y":1.3,"z":-377.5751188568052,"yaw":-3.0215224244893446},"scene":"harbor-ferry-1","time":689.1833333330352}
node:internal/modules/run_main:107
    triggerUncaughtException(
    ^

page.waitForFunction: Timeout 1ms exceeded.
    at walkLocal (/workspace/scratch/neon-harbor/tools/capture-harbor-tour.mjs:356:20)
    at async ride (/workspace/scratch/neon-harbor/tools/capture-harbor-tour.mjs:411:23)
    at async file:///workspace/scratch/neon-harbor/tools/capture-harbor-tour.mjs:539:3 {
  log: [],
  name: 'TimeoutError'
}

Node.js v24.19.0
