[
  {
    "time": 129.9999999999956,
    "x": 152,
    "z": 140.7459745308214,
    "yaw": 0.012862887687415945,
    "delay": 25.884943644205876,
    "control": {
      "distance": 0.000012229810191291546,
      "reason": "pedestrian",
      "red": false
    },
    "claims": [
      {
        "id": "harbor-resident-18",
        "x": 154.06700000000228,
        "z": 148,
        "crossingId": "harbor-crossing-z:160:146",
        "activity": "给车辆让行",
        "blockedFor": 46.100000000000385,
        "forward": 7.2800122298101915,
        "side": 1.9735238638828978,
        "collisions": [],
        "carCollisions": [
          {
            "id": "traffic-5",
            "x": 155.89247437031995,
            "z": 149.3791309080459,
            "yaw": 3.1412322878205847,
            "speed": 0,
            "trafficState": "pedestrian",
            "claim": 0
          }
        ]
      }
    ]
  },
  {
    "time": 140.00000000000355,
    "x": 152,
    "z": 140.7459745308214,
    "yaw": 0.012862887687415945,
    "delay": 35.88494364420531,
    "control": {
      "distance": 0.000012229810191291546,
      "reason": "pedestrian",
      "red": false
    },
    "claims": [
      {
        "id": "harbor-resident-18",
        "x": 154.06700000000228,
        "z": 148,
        "crossingId": "harbor-crossing-z:160:146",
        "activity": "给车辆让行",
        "blockedFor": 56.10000000000053,
        "forward": 7.2800122298101915,
        "side": 1.9735238638828978,
        "collisions": [],
        "carCollisions": [
          {
            "id": "traffic-5",
            "x": 155.89247437031995,
            "z": 149.3791309080459,
            "yaw": 3.1412322878205847,
            "speed": 0,
            "trafficState": "pedestrian",
            "claim": 0
          }
        ]
      }
    ]
  },
  {
    "time": 150.0000000000115,
    "x": 152,
    "z": 140.7459745308214,
    "yaw": 0.012862887687415945,
    "delay": 45.88494364420474,
    "control": {
      "distance": 0.000012229810191291546,
      "reason": "pedestrian",
      "red": false
    },
    "claims": [
      {
        "id": "harbor-resident-18",
        "x": 154.06700000000228,
        "z": 148,
        "crossingId": "harbor-crossing-z:160:146",
        "activity": "给车辆让行",
        "blockedFor": 66.10000000000052,
        "forward": 7.2800122298101915,
        "side": 1.9735238638828978,
        "collisions": [],
        "carCollisions": [
          {
            "id": "traffic-5",
            "x": 155.89247437031995,
            "z": 149.3791309080459,
            "yaw": 3.1412322878205847,
            "speed": 0,
            "trafficState": "pedestrian",
            "claim": 0
          }
        ]
      }
    ]
  }
]
