{"home":"south-079","north":"sail-club","colliders":4178,"paths":{"homeToBus":{"metres":18.91575228121131,"waypoints":2},"busToProduce":{"metres":36.29082177126779,"waypoints":2},"produceCounterToDoor":{"metres":25.261777254287153,"waypoints":2},"produceToPier":{"metres":501.5559554830194,"waypoints":17},"northPierToAddress":{"metres":77,"waypoints":3},"northAddressToPier":{"metres":73.80000000000001,"waypoints":3},"southPierToTram":{"metres":135.6,"waypoints":5},"tramToHome":{"metres":134.64924771878867,"waypoints":5}}}
Tour entered-south-079: {"position":{"x":133,"y":0.215,"z":114.34924771878869,"yaw":3.141592653589793},"time":1.483333333333333,"revision":3,"ride":null,"deck":null,"cash":1200}
Tour continuous-route-start-real-home-2F-room: {"position":{"x":130.800000000002,"y":4.153408014029265,"z":107.72258105212197,"yaw":-1.5707963267948968},"time":23.983333333333253,"revision":5,"ride":null,"deck":null,"cash":1200}
Tour progress: {"wallMs":30010,"position":{"x":132.99999999622702,"y":4.153408014029265,"z":107.72253991469975,"yaw":1.5707964793827873},"scene":"south-079","time":31.016666666666186}
Tour home-stair-down: {"position":{"x":135.19999950794275,"y":4.153408014029265,"z":104.52253957900511,"yaw":1.5707964793827873},"time":36.26666666666589,"revision":5,"ride":null,"deck":null,"cash":1200}
Tour progress: {"wallMs":60010,"position":{"x":135.20000005725993,"y":3.0047056766040625,"z":108.12253957900525,"yaw":1.5258789064464386e-7},"scene":"south-079","time":37.766666666665806}
Tour home-stair-down: {"position":{"x":135.20000024036594,"y":2.3483043409325184,"z":109.32253957900544,"yaw":1.5258789064464386e-7},"time":39.26666666666572,"revision":5,"ride":null,"deck":null,"cash":1200}
Tour home-stair-down: {"position":{"x":135.20000100330637,"y":0.215,"z":114.32253957900558,"yaw":1.5258789064464386e-7},"time":41.01666666666562,"revision":5,"ride":null,"deck":null,"cash":1200}
Tour exited-south-079: {"position":{"x":133,"y":0.18,"z":119.54924771878868,"yaw":0},"time":43.766666666665465,"revision":6,"ride":null,"deck":null,"cash":1200}
Tour progress: {"wallMs":91758,"position":{"x":133,"y":0.18,"z":119.54924771878868,"yaw":0},"scene":"street","time":43.766666666665465}
Tour walk-home-to-bus-waypoint-0: {"position":{"x":147.55999999356544,"y":0.18,"z":119.54910588758018,"yaw":1.5707963856074467},"time":49.96666666666511,"revision":6,"ride":null,"deck":null,"cash":1200}
Tour progress: {"wallMs":120010,"position":{"x":147.56000015824054,"y":0.18,"z":122.3491058875802,"yaw":5.8812550063687554e-8},"scene":"street","time":50.466666666665084}
Tour walk-home-to-bus-waypoint-1: {"position":{"x":147.5600002405768,"y":0.18,"z":123.74910588758041,"yaw":5.8812550507776764e-8},"time":52.34999999999831,"revision":6,"ride":null,"deck":null,"cash":1200}
Tour walk-home-to-bus: {"position":{"x":147.5600002405768,"y":0.18,"z":123.74910588758041,"yaw":5.8812550507776764e-8},"time":52.34999999999831,"revision":6,"ride":null,"deck":null,"cash":1200}
Tour progress: {"wallMs":150009,"position":{"x":147.5600002405768,"y":0.18,"z":123.74910588758041,"yaw":5.8812550507776764e-8},"scene":"street","time":57.09999999999804}
Tour progress: {"wallMs":180011,"position":{"x":147.5600002405768,"y":0.18,"z":123.74910588758041,"yaw":5.8812550507776764e-8},"scene":"street","time":63.349999999997685}
Tour progress: {"wallMs":210015,"position":{"x":147.5600002405768,"y":0.18,"z":123.74910588758041,"yaw":5.8812550507776764e-8},"scene":"street","time":69.78333333333066}
Tour progress: {"wallMs":240014,"position":{"x":147.5600002405768,"y":0.18,"z":123.74910588758041,"yaw":5.8812550507776764e-8},"scene":"street","time":76.78333333333026}
Tour progress: {"wallMs":270019,"position":{"x":147.5600002405768,"y":0.18,"z":123.74910588758041,"yaw":5.8812550507776764e-8},"scene":"street","time":83.28333333332989}
Tour progress: {"wallMs":300019,"position":{"x":147.5600002405768,"y":0.18,"z":123.74910588758041,"yaw":5.8812550507776764e-8},"scene":"street","time":90.53333333332948}
Tour progress: {"wallMs":330024,"position":{"x":147.5600002405768,"y":0.18,"z":123.74910588758041,"yaw":5.8812550507776764e-8},"scene":"street","time":97.03333333332911}
Tour progress: {"wallMs":360016,"position":{"x":147.5600002405768,"y":0.18,"z":123.74910588758041,"yaw":5.8812550507776764e-8},"scene":"street","time":103.66666666666207}
Tour progress: {"wallMs":390020,"position":{"x":147.5600002405768,"y":0.18,"z":123.74910588758041,"yaw":5.8812550507776764e-8},"scene":"street","time":110.1666666666617}
Tour bus-boarded: {"position":{"x":151.45,"y":0.44,"z":123.74,"yaw":0},"time":111.66666666666161,"revision":7,"ride":"harbor-bus-2","deck":"lower","cash":1200}
Tour progress: {"wallMs":420017,"position":{"x":151.92663897628506,"y":0.44,"z":123.02979382932466,"yaw":-1.5134063388062804},"scene":"harbor-bus-2","time":117.28333333332796}
Tour progress: {"wallMs":450019,"position":{"x":151.2485192929146,"y":1.060200641067339,"z":132.9289171562692,"yaw":-3.1252229996130922},"scene":"harbor-bus-2","time":125.36666666666083}
Tour progress: {"wallMs":480038,"position":{"x":151.22851737926487,"y":2.16036649821615,"z":140.61468002048213,"yaw":-3.1283309348397936},"scene":"harbor-bus-2","time":133.13333333333142}
Tour bus-upper-deck: {"position":{"x":151.96560473734834,"y":2.4,"z":139.79811345452103,"yaw":1.6627733659414399},"time":138.81666666666928,"revision":7,"ride":"harbor-bus-2","deck":"upper","cash":1200}
Tour progress: {"wallMs":510023,"position":{"x":151.96560473734834,"y":2.4,"z":139.79811345452103,"yaw":1.6627733659414399},"scene":"harbor-bus-2","time":140.81666666667087}
Tour progress: {"wallMs":540020,"position":{"x":151.96560473734834,"y":2.4,"z":139.79811345452103,"yaw":1.6627733659414399},"scene":"harbor-bus-2","time":149.5000000000111}
Tour progress: {"wallMs":570023,"position":{"x":151.96560473734834,"y":2.4,"z":139.79811345452103,"yaw":1.6627733659414399},"scene":"harbor-bus-2","time":158.60000000001835}
Tour progress: {"wallMs":600026,"position":{"x":151.96560473734834,"y":2.4,"z":139.79811345452103,"yaw":1.6627733659414399},"scene":"harbor-bus-2","time":168.00000000002584}
Tour progress: {"wallMs":630079,"position":{"x":151.96560473734834,"y":2.4,"z":139.79811345452103,"yaw":1.6627733659414399},"scene":"harbor-bus-2","time":176.63333333336604}
Tour progress: {"wallMs":660051,"position":{"x":151.96560473734834,"y":2.4,"z":139.79811345452103,"yaw":1.6627733659414399},"scene":"harbor-bus-2","time":185.58333333337316}
Tour progress: {"wallMs":690100,"position":{"x":151.96560473734834,"y":2.4,"z":139.79811345452103,"yaw":1.6627733659414399},"scene":"harbor-bus-2","time":194.86666666671388}
Tour progress: {"wallMs":720025,"position":{"x":151.96560473734834,"y":2.4,"z":139.79811345452103,"yaw":1.6627733659414399},"scene":"harbor-bus-2","time":203.76666666672097}
Tour progress: {"wallMs":750041,"position":{"x":151.96560473734834,"y":2.4,"z":139.79811345452103,"yaw":1.6627733659414399},"scene":"harbor-bus-2","time":213.18333333339513}
Tour progress: {"wallMs":780026,"position":{"x":151.96560473734834,"y":2.4,"z":139.79811345452103,"yaw":1.6627733659414399},"scene":"harbor-bus-2","time":222.21666666673565}
Tour progress: {"wallMs":810027,"position":{"x":151.96560473734834,"y":2.4,"z":139.79811345452103,"yaw":1.6627733659414399},"scene":"harbor-bus-2","time":231.51666666674305}
Tour progress: {"wallMs":840030,"position":{"x":151.96560473734834,"y":2.4,"z":139.79811345452103,"yaw":1.6627733659414399},"scene":"harbor-bus-2","time":240.21666666674997}
Tour progress: {"wallMs":870032,"position":{"x":151.96560473734834,"y":2.4,"z":139.79811345452103,"yaw":1.6627733659414399},"scene":"harbor-bus-2","time":248.95000000009026}
Tour progress: {"wallMs":900034,"position":{"x":151.96560473734834,"y":2.4,"z":139.79811345452103,"yaw":1.6627733659414399},"scene":"harbor-bus-2","time":256.85000000009506}
Tour progress: {"wallMs":930044,"position":{"x":151.96560473734834,"y":2.4,"z":139.79811345452103,"yaw":1.6627733659414399},"scene":"harbor-bus-2","time":264.38333333342155}
Tour progress: {"wallMs":960037,"position":{"x":151.96560473734834,"y":2.4,"z":139.79811345452103,"yaw":1.6627733659414399},"scene":"harbor-bus-2","time":272.15000000008115}
Tour progress: {"wallMs":990035,"position":{"x":151.96560473734834,"y":2.4,"z":139.79811345452103,"yaw":1.6627733659414399},"scene":"harbor-bus-2","time":279.85000000007415}
Tour progress: {"wallMs":1020141,"position":{"x":151.96560473734834,"y":2.4,"z":139.79811345452103,"yaw":1.6627733659414399},"scene":"harbor-bus-2","time":289.40000000006546}
Tour progress: {"wallMs":1050093,"position":{"x":151.96560473734834,"y":2.4,"z":139.79811345452103,"yaw":1.6627733659414399},"scene":"harbor-bus-2","time":298.16666666672415}
Tour progress: {"wallMs":1080048,"position":{"x":151.96560473734834,"y":2.4,"z":139.79811345452103,"yaw":1.6627733659414399},"scene":"harbor-bus-2","time":307.5333333333823}
Tour progress: {"wallMs":1110038,"position":{"x":151.96560473734834,"y":2.4,"z":139.79811345452103,"yaw":1.6627733659414399},"scene":"harbor-bus-2","time":316.18333333337443}
node:internal/modules/run_main:107
    triggerUncaughtException(
    ^

page.waitForFunction: Timeout 600000ms exceeded.
    at ride (/workspace/scratch/neon-harbor/tools/capture-harbor-tour.mjs:398:16)
    at async file:///workspace/scratch/neon-harbor/tools/capture-harbor-tour.mjs:511:58 {
  log: [],
  name: 'TimeoutError'
}

Node.js v24.19.0
