[WebServer] (node:26602) Warning: The 'NO_COLOR' env is ignored due to the 'FORCE_COLOR' env being set.
[WebServer] (Use `node --trace-warnings ...` to show where the warning was created)

Running 1 test using 1 worker

(node:26614) Warning: The 'NO_COLOR' env is ignored due to the 'FORCE_COLOR' env being set.
(Use `node --trace-warnings ...` to show where the warning was created)
{"stage":"ferry-boarded","vehicleId":"harbor-ferry-1","stopId":"harbor-ferry-south","time":5.816666666666651,"local":{"x":-2.7,"y":1.3,"z":-7.2,"yaw":0}}
{"stage":"ferry-upper-waypoint","target":{"x":0,"z":-7.2},"local":{"x":-0.03749999999999558,"y":1.3,"z":-7.2,"yaw":1.5707963267948966},"time":9.633333333333391}
{"stage":"ferry-upper-waypoint","target":{"x":0,"z":5.57},"local":{"x":-0.0005324124670035643,"y":1.3,"z":5.5124458687137965,"yaw":0.004272588902112462},"time":19.383333333333514}
{"stage":"ferry-upper-waypoint","target":{"x":1.78,"y":1.3,"z":5.57},"local":{"x":1.7861750193114738,"y":1.3,"z":5.568712822073278,"yaw":1.873906782089774},"time":30.88333333333286}
{"stage":"ferry-upper-waypoint","target":{"x":1.78,"z":3.0900000000000003,"y":2.5},"local":{"x":1.7801837427335017,"y":2.496245103307026,"z":3.0964459059896057,"yaw":-3.114521138585094},"time":43.13333333333217}
{"stage":"ferry-upper-waypoint","target":{"x":1.78,"y":3.7,"z":0.6100000000000001},"local":{"x":1.7798947203029265,"y":3.7,"z":0.6214459885105086,"yaw":-3.141518742238183},"time":51.633333333331684}
{"stage":"ferry-upper-waypoint","target":{"x":0,"z":0.6100000000000001,"y":3.7},"local":{"x":0.05492918631628635,"y":3.7,"z":0.610544560189539,"yaw":-1.5772269320448482},"time":54.38333333333153}
{"stage":"ferry-lower-waypoint","target":{"x":1.78,"y":3.7,"z":0.6100000000000001},"local":{"x":1.7750095396186445,"y":3.7,"z":0.6217277208823965,"yaw":1.661658106694017},"time":66.28333333333086}
{"stage":"ferry-lower-waypoint","target":{"x":1.78,"z":3.0900000000000003,"y":2.5},"local":{"x":1.7799372894848464,"y":2.50026351191619,"z":3.089547637877208,"yaw":0.07294208334191563},"time":81.28333333333}
{"stage":"ferry-lower-waypoint","target":{"x":1.78,"y":1.3,"z":5.57},"local":{"x":1.7800326491399687,"y":1.3,"z":5.564546707629404,"yaw":-0.0033652182686421347},"time":90.03333333332951}
{"stage":"ferry-lower-waypoint","target":{"x":0,"z":5.57,"y":1.3},"local":{"x":0.05504018014559796,"y":1.3,"z":5.5696373468993,"yaw":-1.5677327457481571},"time":92.78333333332935}
{"stage":"ferry-lower-waypoint","target":{"x":0,"z":-7.2,"y":1.3},"local":{"x":-0.002676937714117594,"y":1.3,"z":-7.2109103854432215,"yaw":-2.7819261305326024},"time":104.2833333333287}
{"stage":"ferry-lower-waypoint","target":{"x":-2.7,"y":1.3,"z":-7.2},"local":{"x":-2.6935824702915463,"y":1.3,"z":-7.200667893510094,"yaw":-1.4752957609969684},"time":121.53333333332772}
{"stage":"ferry-alighted","destination":"harbor-ferry-north","time":122.03333333332769,"position":{"x":220,"y":1.3,"z":-380.5,"yaw":0}}
  ✓  1 tests/e2e/harbor-sample.spec.js:136:3 › ferry: public boarding, physical upper-deck stairs, travel and lower-door alighting (9.9m)

  Slow test file: tests/e2e/harbor-sample.spec.js (9.9m)
  Consider running tests from slow files in parallel. See: https://playwright.dev/docs/test-parallel
  1 passed (10.0m)
