{"home":"south-079","north":"sail-club","colliders":4178,"paths":{"homeToBus":{"metres":18.91575228121131,"waypoints":2},"busToProduce":{"metres":36.29082177126779,"waypoints":2},"produceCounterToDoor":{"metres":25.261777254287153,"waypoints":2},"produceToPier":{"metres":501.5559554830194,"waypoints":17},"northPierToAddress":{"metres":77,"waypoints":3},"northAddressToPier":{"metres":73.80000000000001,"waypoints":3},"southPierToTram":{"metres":135.6,"waypoints":5},"tramToHome":{"metres":134.64924771878867,"waypoints":5}}}
Tour entered-south-079: {"position":{"x":133,"y":0.215,"z":114.34924771878869,"yaw":3.141592653589793},"time":1.2500000000000004,"revision":3,"ride":null,"deck":null,"cash":1200}
Tour continuous-route-start-real-home-2F-room: {"position":{"x":130.800000000002,"y":4.153408014029265,"z":107.69591438545538,"yaw":-1.5707963267948968},"time":24.06666666666658,"revision":5,"ride":null,"deck":null,"cash":1200}
Tour progress: {"wallMs":30012,"position":{"x":132.79999997217007,"y":4.153408014029265,"z":107.69580321404155,"yaw":1.5707964793827882},"scene":"south-079","time":31.11666666666618}
Tour progress: {"wallMs":60027,"position":{"x":134.99999948388538,"y":4.153408014029265,"z":104.4958028783467,"yaw":1.5707964793827873},"scene":"south-079","time":37.8666666666658}
Tour home-stair-down: {"position":{"x":135.1999994838852,"y":4.153408014029265,"z":104.49580284782903,"yaw":1.5707964793827873},"time":38.116666666665786,"revision":5,"ride":null,"deck":null,"cash":1200}
Tour home-stair-down: {"position":{"x":135.2000002366532,"y":2.3483043409325184,"z":109.42913618116256,"yaw":1.5258789064464386e-7},"time":40.28333333333233,"revision":5,"ride":null,"deck":null,"cash":1200}
Tour home-stair-down: {"position":{"x":135.20000098535206,"y":0.215,"z":114.33580284782936,"yaw":1.5258789064464386e-7},"time":41.91666666666557,"revision":5,"ride":null,"deck":null,"cash":1200}
Tour exited-south-079: {"position":{"x":133,"y":0.18,"z":119.54924771878868,"yaw":0},"time":44.666666666665414,"revision":6,"ride":null,"deck":null,"cash":1200}
Tour progress: {"wallMs":92431,"position":{"x":133,"y":0.18,"z":119.54924771878868,"yaw":0},"scene":"street","time":44.666666666665414}
Tour walk-home-to-bus-waypoint-0: {"position":{"x":147.63999989448413,"y":0.18,"z":119.54867605043745,"yaw":1.5707963856074472},"time":49.81666666666512,"revision":6,"ride":null,"deck":null,"cash":1200}
Tour progress: {"wallMs":120018,"position":{"x":147.64000008268388,"y":0.18,"z":122.74867605043752,"yaw":5.8812550507776764e-8},"scene":"street","time":50.816666666665064}
Tour walk-home-to-bus-waypoint-1: {"position":{"x":147.6400001414955,"y":0.18,"z":123.74867605043768,"yaw":5.8812550063687554e-8},"time":52.06666666666499,"revision":6,"ride":null,"deck":null,"cash":1200}
Tour walk-home-to-bus: {"position":{"x":147.6400001414955,"y":0.18,"z":123.74867605043768,"yaw":5.8812550063687554e-8},"time":52.06666666666499,"revision":6,"ride":null,"deck":null,"cash":1200}
Tour progress: {"wallMs":150015,"position":{"x":147.6400001414955,"y":0.18,"z":123.74867605043768,"yaw":5.8812550063687554e-8},"scene":"street","time":57.73333333333134}
Tour progress: {"wallMs":180016,"position":{"x":147.6400001414955,"y":0.18,"z":123.74867605043768,"yaw":5.8812550063687554e-8},"scene":"street","time":64.48333333333096}
Tour progress: {"wallMs":210016,"position":{"x":147.6400001414955,"y":0.18,"z":123.74867605043768,"yaw":5.8812550063687554e-8},"scene":"street","time":71.23333333333058}
Tour progress: {"wallMs":240019,"position":{"x":147.6400001414955,"y":0.18,"z":123.74867605043768,"yaw":5.8812550063687554e-8},"scene":"street","time":77.9833333333302}
Tour progress: {"wallMs":270022,"position":{"x":147.6400001414955,"y":0.18,"z":123.74867605043768,"yaw":5.8812550063687554e-8},"scene":"street","time":84.9833333333298}
Tour progress: {"wallMs":300020,"position":{"x":147.6400001414955,"y":0.18,"z":123.74867605043768,"yaw":5.8812550063687554e-8},"scene":"street","time":91.9833333333294}
Tour progress: {"wallMs":330021,"position":{"x":147.6400001414955,"y":0.18,"z":123.74867605043768,"yaw":5.8812550063687554e-8},"scene":"street","time":97.98333333332906}
Tour progress: {"wallMs":360023,"position":{"x":147.6400001414955,"y":0.18,"z":123.74867605043768,"yaw":5.8812550063687554e-8},"scene":"street","time":104.48333333332869}
Tour progress: {"wallMs":390023,"position":{"x":147.6400001414955,"y":0.18,"z":123.74867605043768,"yaw":5.8812550063687554e-8},"scene":"street","time":111.2333333333283}
Tour bus-boarded: {"position":{"x":151.45,"y":0.44,"z":123.74,"yaw":0},"time":111.73333333332828,"revision":7,"ride":"harbor-bus-2","deck":"lower","cash":1200}
Tour progress: {"wallMs":420026,"position":{"x":151.26199904716594,"y":0.44,"z":122.9216345365044,"yaw":-3.124695000253544},"scene":"harbor-bus-2","time":119.89999999999448}
Tour progress: {"wallMs":450024,"position":{"x":151.72825517257058,"y":1.4495602164907329,"z":159.71918932560664,"yaw":3.228076935963209},"scene":"harbor-bus-2","time":129.78333333332876}
Tour progress: {"wallMs":480041,"position":{"x":197.40408642022234,"y":2.08848113483881,"z":168.71968496456319,"yaw":-1.5231300792484208},"scene":"harbor-bus-2","time":137.75000000000176}
Tour bus-upper-deck: {"position":{"x":199.0518211943337,"y":2.4,"z":168.03876219517912,"yaw":3.189386872449195},"time":144.08333333334014,"revision":7,"ride":"harbor-bus-2","deck":"upper","cash":1200}
Tour progress: {"wallMs":510028,"position":{"x":199.0518211943337,"y":2.4,"z":168.03876219517912,"yaw":3.189386872449195},"scene":"harbor-bus-2","time":146.33333333334193}
Tour bus-upper-deck-at-real-open-berth: {"position":{"x":199.0518211943337,"y":2.4,"z":168.03876219517912,"yaw":3.189386872449195},"time":146.58333333334213,"revision":7,"ride":"harbor-bus-2","deck":"upper","cash":1200}
Tour bus-upper-landing-E-keeps-rider-on-board: {"position":{"x":199.0518211943337,"y":2.4,"z":168.03876219517912,"yaw":3.189386872449195},"time":146.58333333334213,"revision":7,"ride":"harbor-bus-2","deck":"upper","cash":1200}
Tour progress: {"wallMs":540028,"position":{"x":217.19611545539328,"y":1.7590506227399365,"z":168.76765897177074,"yaw":1.585864533582},"scene":"harbor-bus-2","time":156.55000000001672}
Tour progress: {"wallMs":570033,"position":{"x":248.8907394865555,"y":0.6844342644286896,"z":152.6964006364,"yaw":3.148096445788892},"scene":"harbor-bus-2","time":166.88333333335828}
Tour progress: {"wallMs":600036,"position":{"x":248.0715236568239,"y":0.44,"z":93.17460822020482,"yaw":4.691872563107244},"scene":"harbor-bus-2","time":174.0000000000306}
Tour progress: {"wallMs":630190,"position":{"x":248.5263803109723,"y":0.44,"z":56.261010801552665,"yaw":1.6110597797738029},"scene":"harbor-bus-2","time":180.41666666670238}
Tour progress: {"wallMs":660029,"position":{"x":248.5263803109723,"y":0.44,"z":28.807058693211125,"yaw":1.6110597797738029},"scene":"harbor-bus-2","time":194.8500000000472}
Tour progress: {"wallMs":690032,"position":{"x":248.5263803109723,"y":0.44,"z":-13.966767324810343,"yaw":1.6110597797738029},"scene":"harbor-bus-2","time":208.68333333339154}
Tour progress: {"wallMs":720037,"position":{"x":248.5263803109723,"y":0.44,"z":-83.73898919844734,"yaw":1.6110597797738029},"scene":"harbor-bus-2","time":220.30000000006746}
Tour progress: {"wallMs":750476,"position":{"x":248.47944614928628,"y":0.44,"z":-127.06516088634118,"yaw":1.6236016699948208},"scene":"harbor-bus-2","time":233.78333333341152}
Tour progress: {"wallMs":780031,"position":{"x":227.32950221965382,"y":0.44,"z":-168.59827746295687,"yaw":-3.1205855255666037},"scene":"harbor-bus-2","time":244.43333333342}
Tour progress: {"wallMs":810068,"position":{"x":196.26101080155266,"y":0.44,"z":-168.5263803109723,"yaw":-3.101329200610887},"scene":"harbor-bus-2","time":252.63333333342652}
Tour progress: {"wallMs":840030,"position":{"x":196.027724874541,"y":0.44,"z":-168.5258396684951,"yaw":-3.1011846061903725},"scene":"harbor-bus-2","time":259.9000000000923}
Tour progress: {"wallMs":870032,"position":{"x":176.8508658235225,"y":0.44,"z":-168.48135993381263,"yaw":-3.0892983105394416},"scene":"harbor-bus-2","time":267.6333333334186}
Tour progress: {"wallMs":900036,"position":{"x":176.8508658235225,"y":0.44,"z":-168.48135993381263,"yaw":-3.0892983105394416},"scene":"harbor-bus-2","time":275.51666666674475}
Tour progress: {"wallMs":930044,"position":{"x":160.5256851329141,"y":0.44,"z":-168.3287430226991,"yaw":-3.0564520623534386},"scene":"harbor-bus-2","time":283.4000000000709}
Tour progress: {"wallMs":960105,"position":{"x":151.41558725506945,"y":0.44,"z":-129.93986761517283,"yaw":-1.5460713826239791},"scene":"harbor-bus-2","time":291.1833333333972}
Tour progress: {"wallMs":990040,"position":{"x":151.4736196890277,"y":0.44,"z":-76.26101080155266,"yaw":-1.5305328738159902},"scene":"harbor-bus-2","time":297.4666666667248}
Tour progress: {"wallMs":1020036,"position":{"x":151.4736196890277,"y":0.44,"z":-76.26101080155266,"yaw":-1.5305328738159902},"scene":"harbor-bus-2","time":305.66666666671733}
Tour progress: {"wallMs":1050038,"position":{"x":151.4736196890277,"y":0.44,"z":-52.96221352894667,"yaw":-1.5305328738159902},"scene":"harbor-bus-2","time":313.4166666667103}
Tour progress: {"wallMs":1080037,"position":{"x":151.4736196890277,"y":0.44,"z":-10.363583890299372,"yaw":-1.5305328738159902},"scene":"harbor-bus-2","time":320.13333333337084}
Tour progress: {"wallMs":1110059,"position":{"x":151.4736196890277,"y":0.44,"z":63.138486309634025,"yaw":-1.5305328738159902},"scene":"harbor-bus-2","time":326.5500000000317}
Tour progress: {"wallMs":1140040,"position":{"x":151.4736196890277,"y":0.44,"z":118.65014188835445,"yaw":-1.5305328738159902},"scene":"harbor-bus-2","time":333.05000000002576}
Tour progress: {"wallMs":1170039,"position":{"x":151.4736196890277,"y":0.44,"z":123.73898919844734,"yaw":-1.5305328738159902},"scene":"harbor-bus-2","time":340.23333333335256}
Tour progress: {"wallMs":1200038,"position":{"x":151.47451750958572,"y":0.44,"z":124.12639396177099,"yaw":-1.5302927540017544},"scene":"harbor-bus-2","time":347.0333333333464}
Tour progress: {"wallMs":1230038,"position":{"x":155.80201374440372,"y":0.44,"z":166.77701867883337,"yaw":-0.9321429748267291},"scene":"harbor-bus-2","time":354.70000000000607}
node:internal/modules/run_main:107
    triggerUncaughtException(
    ^

page.waitForFunction: Timeout 600000ms exceeded.
    at ride (/workspace/scratch/neon-harbor/tools/capture-harbor-tour.mjs:417:14)
    at async file:///workspace/scratch/neon-harbor/tools/capture-harbor-tour.mjs:511:58 {
  log: [],
  name: 'TimeoutError'
}

Node.js v24.19.0
