2026-10-04T15:24:40.0552980Z Current runner version: '2.337.0'
2026-10-04T15:24:40.0572495Z ##[group]Runner Image Provisioner
2026-10-04T15:24:40.0573345Z Hosted Compute Agent
2026-10-04T15:24:40.0573822Z Version: 20260901.588
2026-10-04T15:24:40.0574377Z Commit: f88ec8081b781fac6c440065ac7ff9e710ce3d0b
2026-10-04T15:24:40.0574979Z Build Date: 2026-09-01T19:56:44Z
2026-10-04T15:24:40.0575520Z Worker ID: {0d3e8578-c157-49e1-9c14-cabb0eb8d665}
2026-10-04T15:24:40.0576190Z Azure Region: westus3
2026-10-04T15:24:40.0576681Z ##[endgroup]
2026-10-04T15:24:40.0577847Z ##[group]Operating System
2026-10-04T15:24:40.0578675Z Ubuntu
2026-10-04T15:24:40.0579113Z 24.04.5
2026-10-04T15:24:40.0579655Z LTS
2026-10-04T15:24:40.0580087Z ##[endgroup]
2026-10-04T15:24:40.0580557Z ##[group]Runner Image
2026-10-04T15:24:40.0581052Z Image: ubuntu-24.04
2026-10-04T15:24:40.0581518Z Version: 20260927.320.1
2026-10-04T15:24:40.0582616Z Included Software: https://github.com/actions/runner-images/blob/ubuntu24/20260927.320/images/ubuntu/Ubuntu2404-Readme.md
2026-10-04T15:24:40.0584158Z Image Release: https://github.com/actions/runner-images/releases/tag/ubuntu24%2F20260927.320
2026-10-04T15:24:40.0584963Z ##[endgroup]
2026-10-04T15:24:40.0585911Z ##[group]GITHUB_TOKEN Permissions
2026-10-04T15:24:40.0587634Z Contents: read
2026-10-04T15:24:40.0588251Z Metadata: read
2026-10-04T15:24:40.0588766Z ##[endgroup]
2026-10-04T15:24:40.0590393Z Secret source: Actions
2026-10-04T15:24:40.0591267Z Cache mode: write
2026-10-04T15:24:40.0591809Z Prepare workflow directory
2026-10-04T15:24:40.1469090Z Prepare all required actions
2026-10-04T15:24:40.1516543Z Getting action download info
2026-10-04T15:24:40.4694050Z Download action repository 'actions/checkout@v4' (SHA:11d5960a326750d5838078e36cf38b85af677262)
2026-10-04T15:24:40.8091813Z Download action repository 'actions/setup-node@v4' (SHA:49933ea5288caeca8642d1e84afbd3f7d6820020)
2026-10-04T15:24:41.3355662Z Download action repository 'actions/upload-artifact@v4' (SHA:ea165f8d65b6e75b540449e92b4886f43607fa02)
2026-10-04T15:24:42.3293292Z Complete job name: Multiplayer rooms in two browsers
2026-10-04T15:24:42.3989753Z ##[group]Run actions/checkout@v4
2026-10-04T15:24:42.3990799Z with:
2026-10-04T15:24:42.3991498Z   repository: qifalab/neon-harbor
2026-10-04T15:24:42.3996799Z   token: ***
2026-10-04T15:24:42.3997498Z   ssh-strict: true
2026-10-04T15:24:42.3998513Z   ssh-user: git
2026-10-04T15:24:42.3999235Z   persist-credentials: true
2026-10-04T15:24:42.4000031Z   clean: true
2026-10-04T15:24:42.4000749Z   sparse-checkout-cone-mode: true
2026-10-04T15:24:42.4001574Z   fetch-depth: 1
2026-10-04T15:24:42.4002260Z   fetch-tags: false
2026-10-04T15:24:42.4002969Z   show-progress: true
2026-10-04T15:24:42.4003694Z   lfs: false
2026-10-04T15:24:42.4004371Z   submodules: false
2026-10-04T15:24:42.4005094Z   set-safe-directory: true
2026-10-04T15:24:42.4005929Z   allow-unsafe-pr-checkout: false
2026-10-04T15:24:42.4006964Z ##[endgroup]
2026-10-04T15:24:42.4796985Z Syncing repository: qifalab/neon-harbor
2026-10-04T15:24:42.4800059Z ##[group]Getting Git version info
2026-10-04T15:24:42.4801381Z Working directory is '/home/runner/work/neon-harbor/neon-harbor'
2026-10-04T15:24:42.4803198Z [command]/usr/bin/git version
2026-10-04T15:24:42.4844544Z git version 2.55.0
2026-10-04T15:24:42.4862488Z ##[endgroup]
2026-10-04T15:24:42.4890063Z Temporarily overriding HOME='/home/runner/work/_temp/58593f2a-9b92-438b-a397-4de8afab32ef' before making global git config changes
2026-10-04T15:24:42.4892610Z Adding repository directory to the temporary git global config as a safe directory
2026-10-04T15:24:42.4899746Z [command]/usr/bin/git config --global --add safe.directory /home/runner/work/neon-harbor/neon-harbor
2026-10-04T15:24:42.4915391Z Deleting the contents of '/home/runner/work/neon-harbor/neon-harbor'
2026-10-04T15:24:42.4919871Z ##[group]Initializing the repository
2026-10-04T15:24:42.4923771Z [command]/usr/bin/git init /home/runner/work/neon-harbor/neon-harbor
2026-10-04T15:24:42.4998211Z hint: Using 'master' as the name for the initial branch. This default branch name
2026-10-04T15:24:42.5001209Z hint: will change to "main" in Git 3.0. To configure the initial branch name
2026-10-04T15:24:42.5003222Z hint: to use in all of your new repositories, which will suppress this warning,
2026-10-04T15:24:42.5005156Z hint: call:
2026-10-04T15:24:42.5006132Z hint:
2026-10-04T15:24:42.5007337Z hint: 	git config --global init.defaultBranch <name>
2026-10-04T15:24:42.5008957Z hint:
2026-10-04T15:24:42.5010310Z hint: Names commonly chosen instead of 'master' are 'main', 'trunk' and
2026-10-04T15:24:42.5011822Z hint: 'development'. The just-created branch can be renamed via this command:
2026-10-04T15:24:42.5013339Z hint:
2026-10-04T15:24:42.5014367Z hint: 	git branch -m <name>
2026-10-04T15:24:42.5015537Z hint:
2026-10-04T15:24:42.5016997Z hint: Disable this message with "git config set advice.defaultBranchName false"
2026-10-04T15:24:42.5019681Z Initialized empty Git repository in /home/runner/work/neon-harbor/neon-harbor/.git/
2026-10-04T15:24:42.5023264Z [command]/usr/bin/git remote add origin https://github.com/qifalab/neon-harbor
2026-10-04T15:24:42.5047632Z ##[endgroup]
2026-10-04T15:24:42.5049550Z ##[group]Disabling automatic garbage collection
2026-10-04T15:24:42.5051075Z [command]/usr/bin/git config --local gc.auto 0
2026-10-04T15:24:42.5077183Z ##[endgroup]
2026-10-04T15:24:42.5079410Z ##[group]Setting up auth
2026-10-04T15:24:42.5081579Z [command]/usr/bin/git config --local --name-only --get-regexp core\.sshCommand
2026-10-04T15:24:42.5109105Z [command]/usr/bin/git submodule foreach --recursive sh -c "git config --local --name-only --get-regexp 'core\.sshCommand' && git config --local --unset-all 'core.sshCommand' || :"
2026-10-04T15:24:42.5410053Z [command]/usr/bin/git config --local --name-only --get-regexp http\.https\:\/\/github\.com\/\.extraheader
2026-10-04T15:24:42.5434588Z [command]/usr/bin/git submodule foreach --recursive sh -c "git config --local --name-only --get-regexp 'http\.https\:\/\/github\.com\/\.extraheader' && git config --local --unset-all 'http.https://github.com/.extraheader' || :"
2026-10-04T15:24:42.5636041Z [command]/usr/bin/git config --local --name-only --get-regexp ^includeIf\.gitdir:
2026-10-04T15:24:42.5665440Z [command]/usr/bin/git submodule foreach --recursive git config --local --show-origin --name-only --get-regexp remote.origin.url
2026-10-04T15:24:42.5855655Z [command]/usr/bin/git config --local http.https://github.com/.extraheader AUTHORIZATION: basic ***
2026-10-04T15:24:42.5891033Z ##[endgroup]
2026-10-04T15:24:42.5892271Z ##[group]Fetching the repository
2026-10-04T15:24:42.5899609Z [command]/usr/bin/git -c protocol.version=2 fetch --no-tags --prune --no-recurse-submodules --depth=1 origin +0330df7ee1042d0f211304b042e01cdf6a0b4d44:refs/remotes/origin/main
2026-10-04T15:24:46.5564901Z From https://github.com/qifalab/neon-harbor
2026-10-04T15:24:46.5565445Z  * [new ref]         0330df7ee1042d0f211304b042e01cdf6a0b4d44 -> origin/main
2026-10-04T15:24:46.5577143Z ##[endgroup]
2026-10-04T15:24:46.5578304Z ##[group]Determining the checkout info
2026-10-04T15:24:46.5578957Z ##[endgroup]
2026-10-04T15:24:46.5579419Z [command]/usr/bin/git sparse-checkout disable
2026-10-04T15:24:46.5622431Z [command]/usr/bin/git config --local --unset-all extensions.worktreeConfig
2026-10-04T15:24:46.5670010Z ##[group]Checking out the ref
2026-10-04T15:24:46.5670572Z [command]/usr/bin/git checkout --progress --force -B main refs/remotes/origin/main
2026-10-04T15:24:46.7145776Z Switched to a new branch 'main'
2026-10-04T15:24:46.7148222Z branch 'main' set up to track 'origin/main'.
2026-10-04T15:24:46.7170939Z ##[endgroup]
2026-10-04T15:24:46.7209147Z [command]/usr/bin/git log -1 --format=%H
2026-10-04T15:24:46.7231825Z 0330df7ee1042d0f211304b042e01cdf6a0b4d44
2026-10-04T15:24:46.7445824Z ##[group]Run actions/setup-node@v4
2026-10-04T15:24:46.7446083Z with:
2026-10-04T15:24:46.7446248Z   node-version: 22
2026-10-04T15:24:46.7446424Z   cache: npm
2026-10-04T15:24:46.7446593Z   always-auth: false
2026-10-04T15:24:46.7446781Z   check-latest: false
2026-10-04T15:24:46.7449043Z   token: ***
2026-10-04T15:24:46.7449221Z ##[endgroup]
2026-10-04T15:24:46.8600325Z (node:2078) [DEP0040] DeprecationWarning: The `punycode` module is deprecated. Please use a userland alternative instead.
2026-10-04T15:24:46.8601211Z (Use `node --trace-deprecation ...` to show where the warning was created)
2026-10-04T15:24:46.8608228Z Found in cache @ /opt/hostedtoolcache/node/22.23.3/x64
2026-10-04T15:24:46.8608820Z ##[group]Environment details
2026-10-04T15:24:47.1480601Z node: v22.23.3
2026-10-04T15:24:47.1480978Z npm: 10.9.9
2026-10-04T15:24:47.1481153Z yarn: 1.22.22
2026-10-04T15:24:47.1481762Z ##[endgroup]
2026-10-04T15:24:47.1516883Z [command]/opt/hostedtoolcache/node/22.23.3/x64/bin/npm config get cache
2026-10-04T15:24:47.2859656Z /home/runner/.npm
2026-10-04T15:24:47.4890743Z Cache hit for: node-cache-Linux-x64-npm-6438cc70f01e36935f5c8c9cb620f6c972b229821dda55e94f5b735e54c263b7
2026-10-04T15:24:47.4969327Z (node:2078) [DEP0169] DeprecationWarning: `url.parse()` behavior is not standardized and prone to errors that have security implications. Use the WHATWG URL API instead. CVEs are not issued for `url.parse()` vulnerabilities.
2026-10-04T15:24:48.3340998Z Received 3980947 of 3980947 (100.0%), 5.9 MBs/sec
2026-10-04T15:24:48.3343081Z Cache Size: ~4 MB (3980947 B)
2026-10-04T15:24:48.3361230Z [command]/usr/bin/tar -xf /home/runner/work/_temp/9820ca42-50c9-4850-8ca7-93ded641dc15/cache.tzst -P -C /home/runner/work/neon-harbor/neon-harbor --use-compress-program unzstd
2026-10-04T15:24:48.3454657Z Cache restored successfully
2026-10-04T15:24:48.3459226Z Cache restored from key: node-cache-Linux-x64-npm-6438cc70f01e36935f5c8c9cb620f6c972b229821dda55e94f5b735e54c263b7
2026-10-04T15:24:48.3577568Z ##[group]Run npm ci
2026-10-04T15:24:48.3577833Z [36;1mnpm ci[0m
2026-10-04T15:24:48.3782340Z shell: /usr/bin/bash -e {0}
2026-10-04T15:24:48.3782623Z ##[endgroup]
2026-10-04T15:24:49.6309404Z 
2026-10-04T15:24:49.6314805Z added 3 packages, and audited 4 packages in 1s
2026-10-04T15:24:49.6319985Z 
2026-10-04T15:24:49.6320281Z found 0 vulnerabilities
2026-10-04T15:24:49.6652464Z ##[group]Run npm run build
2026-10-04T15:24:49.6652713Z [36;1mnpm run build[0m
2026-10-04T15:24:49.6708501Z shell: /usr/bin/bash -e {0}
2026-10-04T15:24:49.6708719Z ##[endgroup]
2026-10-04T15:24:49.7548213Z 
2026-10-04T15:24:49.7548838Z > neon-harbor@0.8.0 build
2026-10-04T15:24:49.7549199Z > node tools/build.mjs
2026-10-04T15:24:49.7549328Z 
2026-10-04T15:24:50.1364858Z Built 58 city districts (6888 KiB) at /home/runner/work/neon-harbor/neon-harbor/assets/city/chunks/
2026-10-04T15:24:50.3353689Z Built 12 north-shore districts (6603 KiB) at /home/runner/work/neon-harbor/neon-harbor/assets/metropolis/chunks/
2026-10-04T15:24:50.4732576Z Built static game at /home/runner/work/neon-harbor/neon-harbor/dist
2026-10-04T15:24:50.4958995Z ##[group]Run npx playwright install --with-deps chromium
2026-10-04T15:24:50.4959535Z [36;1mnpx playwright install --with-deps chromium[0m
2026-10-04T15:24:50.5015836Z shell: /usr/bin/bash -e {0}
2026-10-04T15:24:50.5016079Z ##[endgroup]
2026-10-04T15:24:51.1372223Z Installing dependencies...
2026-10-04T15:24:51.1427025Z Switching to root user to install dependencies...
2026-10-04T15:24:51.2109535Z Get:1 file:/etc/apt/apt-mirrors.txt Mirrorlist [144 B]
2026-10-04T15:24:51.2519623Z Hit:2 http://azure.archive.ubuntu.com/ubuntu noble InRelease
2026-10-04T15:24:51.2520894Z Get:6 https://packages.microsoft.com/ubuntu/24.04/prod noble InRelease [3600 B]
2026-10-04T15:24:51.2529122Z Get:3 http://azure.archive.ubuntu.com/ubuntu noble-updates InRelease [126 kB]
2026-10-04T15:24:51.2542968Z Get:4 http://azure.archive.ubuntu.com/ubuntu noble-backports InRelease [126 kB]
2026-10-04T15:24:51.2562610Z Get:5 http://azure.archive.ubuntu.com/ubuntu noble-security InRelease [126 kB]
2026-10-04T15:24:51.3536587Z Get:7 https://packages.microsoft.com/ubuntu/24.04/prod noble/main armhf Packages [12.6 kB]
2026-10-04T15:24:51.3623071Z Get:8 https://packages.microsoft.com/ubuntu/24.04/prod noble/main arm64 Packages [458 kB]
2026-10-04T15:24:51.3690640Z Get:9 https://packages.microsoft.com/ubuntu/24.04/prod noble/main amd64 Packages [511 kB]
2026-10-04T15:24:51.3926581Z Get:10 http://azure.archive.ubuntu.com/ubuntu noble-updates/main amd64 Packages [1364 kB]
2026-10-04T15:24:51.4018644Z Get:11 http://azure.archive.ubuntu.com/ubuntu noble-updates/main Translation-en [304 kB]
2026-10-04T15:24:51.4033132Z Get:12 http://azure.archive.ubuntu.com/ubuntu noble-updates/main amd64 Components [181 kB]
2026-10-04T15:24:51.4049161Z Get:13 http://azure.archive.ubuntu.com/ubuntu noble-updates/universe amd64 Packages [1699 kB]
2026-10-04T15:24:51.4110072Z Get:14 http://azure.archive.ubuntu.com/ubuntu noble-updates/universe Translation-en [341 kB]
2026-10-04T15:24:51.4129632Z Get:15 http://azure.archive.ubuntu.com/ubuntu noble-updates/universe amd64 Components [388 kB]
2026-10-04T15:24:51.4149309Z Get:16 http://azure.archive.ubuntu.com/ubuntu noble-updates/restricted amd64 Packages [1720 kB]
2026-10-04T15:24:51.4241440Z Get:17 http://azure.archive.ubuntu.com/ubuntu noble-updates/restricted Translation-en [394 kB]
2026-10-04T15:24:51.4242595Z Get:18 http://azure.archive.ubuntu.com/ubuntu noble-updates/multiverse amd64 Components [940 B]
2026-10-04T15:24:51.4399546Z Get:19 http://azure.archive.ubuntu.com/ubuntu noble-backports/main amd64 Components [5776 B]
2026-10-04T15:24:51.4806158Z Get:20 http://azure.archive.ubuntu.com/ubuntu noble-backports/universe amd64 Components [12.6 kB]
2026-10-04T15:24:51.4813888Z Get:21 http://azure.archive.ubuntu.com/ubuntu noble-security/main amd64 Packages [1069 kB]
2026-10-04T15:24:51.4859824Z Get:22 http://azure.archive.ubuntu.com/ubuntu noble-security/main Translation-en [221 kB]
2026-10-04T15:24:51.4873481Z Get:23 http://azure.archive.ubuntu.com/ubuntu noble-security/main amd64 Components [46.4 kB]
2026-10-04T15:24:51.4881149Z Get:24 http://azure.archive.ubuntu.com/ubuntu noble-security/universe amd64 Packages [1216 kB]
2026-10-04T15:24:51.4932418Z Get:25 http://azure.archive.ubuntu.com/ubuntu noble-security/universe Translation-en [244 kB]
2026-10-04T15:24:51.4946500Z Get:26 http://azure.archive.ubuntu.com/ubuntu noble-security/universe amd64 Components [76.4 kB]
2026-10-04T15:24:51.4958122Z Get:27 http://azure.archive.ubuntu.com/ubuntu noble-security/restricted amd64 Packages [1566 kB]
2026-10-04T15:24:51.5025444Z Get:28 http://azure.archive.ubuntu.com/ubuntu noble-security/restricted Translation-en [361 kB]
2026-10-04T15:24:58.8024146Z Fetched 12.6 MB in 1s (11.2 MB/s)
2026-10-04T15:24:59.4542959Z Reading package lists...
2026-10-04T15:24:59.4796324Z Reading package lists...
2026-10-04T15:24:59.6360681Z Building dependency tree...
2026-10-04T15:24:59.6366515Z Reading state information...
2026-10-04T15:24:59.7600470Z libasound2t64 is already the newest version (1.2.11-1ubuntu0.3).
2026-10-04T15:24:59.7601331Z libasound2t64 set to manually installed.
2026-10-04T15:24:59.7601713Z libatk-bridge2.0-0t64 is already the newest version (2.52.0-1build1).
2026-10-04T15:24:59.7602075Z libatk-bridge2.0-0t64 set to manually installed.
2026-10-04T15:24:59.7602458Z libatk1.0-0t64 is already the newest version (2.52.0-1build1).
2026-10-04T15:24:59.7602830Z libatk1.0-0t64 set to manually installed.
2026-10-04T15:24:59.7603339Z libatspi2.0-0t64 is already the newest version (2.52.0-1build1).
2026-10-04T15:24:59.7603710Z libatspi2.0-0t64 set to manually installed.
2026-10-04T15:24:59.7604052Z libcairo2 is already the newest version (1.18.0-3build1).
2026-10-04T15:24:59.7604352Z libcairo2 set to manually installed.
2026-10-04T15:24:59.7604821Z libcups2t64 is already the newest version (2.4.7-1.2ubuntu7.14).
2026-10-04T15:24:59.7605153Z libcups2t64 set to manually installed.
2026-10-04T15:24:59.7605483Z libdbus-1-3 is already the newest version (1.14.10-4ubuntu4.1).
2026-10-04T15:24:59.7605809Z libdbus-1-3 set to manually installed.
2026-10-04T15:24:59.7606139Z libdrm2 is already the newest version (2.4.125-1ubuntu0.1~24.04.2).
2026-10-04T15:24:59.7606461Z libdrm2 set to manually installed.
2026-10-04T15:24:59.7606778Z libglib2.0-0t64 is already the newest version (2.80.0-6ubuntu3.9).
2026-10-04T15:24:59.7607321Z libglib2.0-0t64 set to manually installed.
2026-10-04T15:24:59.7607714Z libnspr4 is already the newest version (2:4.35-1.1build1).
2026-10-04T15:24:59.7608277Z libnspr4 set to manually installed.
2026-10-04T15:24:59.7608750Z libnss3 is already the newest version (2:3.98-1ubuntu0.2).
2026-10-04T15:24:59.7609196Z libnss3 set to manually installed.
2026-10-04T15:24:59.7609522Z libpango-1.0-0 is already the newest version (1.52.1+ds-1build1).
2026-10-04T15:24:59.7609836Z libpango-1.0-0 set to manually installed.
2026-10-04T15:24:59.7610283Z libx11-6 is already the newest version (2:1.8.7-1build1).
2026-10-04T15:24:59.7610574Z libx11-6 set to manually installed.
2026-10-04T15:24:59.7610861Z libxcb1 is already the newest version (1.15-1ubuntu2).
2026-10-04T15:24:59.7611147Z libxcb1 set to manually installed.
2026-10-04T15:24:59.7611464Z libxcomposite1 is already the newest version (1:0.4.5-1build3).
2026-10-04T15:24:59.7611780Z libxcomposite1 set to manually installed.
2026-10-04T15:24:59.7612107Z libxdamage1 is already the newest version (1:1.1.6-1build1).
2026-10-04T15:24:59.7612408Z libxdamage1 set to manually installed.
2026-10-04T15:24:59.7612701Z libxext6 is already the newest version (2:1.3.4-1build2).
2026-10-04T15:24:59.7612982Z libxext6 set to manually installed.
2026-10-04T15:24:59.7613282Z libxfixes3 is already the newest version (1:6.0.0-2build1).
2026-10-04T15:24:59.7613572Z libxfixes3 set to manually installed.
2026-10-04T15:24:59.7613886Z libxkbcommon0 is already the newest version (1.6.0-1build1).
2026-10-04T15:24:59.7614190Z libxkbcommon0 set to manually installed.
2026-10-04T15:24:59.7614500Z libxrandr2 is already the newest version (2:1.5.2-2build1).
2026-10-04T15:24:59.7614792Z libxrandr2 set to manually installed.
2026-10-04T15:24:59.7615100Z xvfb is already the newest version (2:21.1.12-1ubuntu1.8).
2026-10-04T15:24:59.7615514Z fonts-noto-color-emoji is already the newest version (2.047-0ubuntu0.24.04.1).
2026-10-04T15:24:59.7615950Z libfontconfig1 is already the newest version (2.15.0-1.1ubuntu2).
2026-10-04T15:24:59.7616272Z libfontconfig1 set to manually installed.
2026-10-04T15:24:59.7616608Z libfreetype6 is already the newest version (2.13.2+dfsg-1ubuntu0.1).
2026-10-04T15:24:59.7616928Z libfreetype6 set to manually installed.
2026-10-04T15:24:59.7617246Z fonts-liberation is already the newest version (1:2.1.5-3).
2026-10-04T15:24:59.7617559Z fonts-liberation set to manually installed.
2026-10-04T15:24:59.7617956Z The following additional packages will be installed:
2026-10-04T15:24:59.7618357Z   libgl1-mesa-dri libglx-mesa0 mesa-libgallium xfonts-encodings xfonts-utils
2026-10-04T15:24:59.7618690Z Recommended packages:
2026-10-04T15:24:59.7618915Z   fonts-ipafont-mincho fonts-tlwg-loma
2026-10-04T15:24:59.8258378Z The following NEW packages will be installed:
2026-10-04T15:24:59.8258841Z   fonts-freefont-ttf fonts-ipafont-gothic fonts-tlwg-loma-otf fonts-unifont
2026-10-04T15:24:59.8261913Z   fonts-wqy-zenhei xfonts-cyrillic xfonts-encodings xfonts-scalable
2026-10-04T15:24:59.8262235Z   xfonts-utils
2026-10-04T15:24:59.8265273Z The following packages will be upgraded:
2026-10-04T15:24:59.8269350Z   libgbm1 libgl1-mesa-dri libglx-mesa0 mesa-libgallium
2026-10-04T15:24:59.8418126Z 4 upgraded, 9 newly installed, 0 to remove and 21 not upgraded.
2026-10-04T15:24:59.8418646Z Need to get 32.1 MB of archives.
2026-10-04T15:24:59.8419153Z After this operation, 79.5 MB of additional disk space will be used.
2026-10-04T15:24:59.8419562Z Get:1 file:/etc/apt/apt-mirrors.txt Mirrorlist [144 B]
2026-10-04T15:24:59.9199160Z Get:2 http://azure.archive.ubuntu.com/ubuntu noble/universe amd64 fonts-ipafont-gothic all 00303-21ubuntu1 [3513 kB]
2026-10-04T15:25:00.0714533Z Get:3 http://azure.archive.ubuntu.com/ubuntu noble/main amd64 fonts-freefont-ttf all 20211204+svn4273-2 [5641 kB]
2026-10-04T15:25:00.2852499Z Get:4 http://azure.archive.ubuntu.com/ubuntu noble/universe amd64 fonts-tlwg-loma-otf all 1:0.7.3-1 [107 kB]
2026-10-04T15:25:00.4507673Z Get:5 http://azure.archive.ubuntu.com/ubuntu noble/universe amd64 fonts-unifont all 1:15.1.01-1build1 [2993 kB]
2026-10-04T15:25:00.6850963Z Get:6 http://azure.archive.ubuntu.com/ubuntu noble/universe amd64 fonts-wqy-zenhei all 0.9.45-8 [7472 kB]
2026-10-04T15:25:00.9240367Z Get:7 http://azure.archive.ubuntu.com/ubuntu noble-updates/main amd64 libgl1-mesa-dri amd64 25.2.8-0ubuntu0.24.04.4 [38.0 kB]
2026-10-04T15:25:01.0355545Z Get:8 http://azure.archive.ubuntu.com/ubuntu noble-updates/main amd64 libglx-mesa0 amd64 25.2.8-0ubuntu0.24.04.4 [110 kB]
2026-10-04T15:25:01.1571655Z Get:9 http://azure.archive.ubuntu.com/ubuntu noble-updates/main amd64 libgbm1 amd64 25.2.8-0ubuntu0.24.04.4 [34.2 kB]
2026-10-04T15:25:01.2731580Z Get:10 http://azure.archive.ubuntu.com/ubuntu noble-updates/main amd64 mesa-libgallium amd64 25.2.8-0ubuntu0.24.04.4 [10.8 MB]
2026-10-04T15:25:01.6249708Z Get:11 http://azure.archive.ubuntu.com/ubuntu noble/main amd64 xfonts-encodings all 1:1.0.5-0ubuntu2 [578 kB]
2026-10-04T15:25:01.7446432Z Get:12 http://azure.archive.ubuntu.com/ubuntu noble/main amd64 xfonts-utils amd64 1:7.7+6build3 [94.4 kB]
2026-10-04T15:25:01.8627422Z Get:13 http://azure.archive.ubuntu.com/ubuntu noble/universe amd64 xfonts-cyrillic all 1:1.0.5+nmu1 [384 kB]
2026-10-04T15:25:01.9407847Z Get:14 http://azure.archive.ubuntu.com/ubuntu noble/main amd64 xfonts-scalable all 1:1.0.3-1.3 [304 kB]
2026-10-04T15:25:02.1521301Z Fetched 32.1 MB in 2s (15.2 MB/s)
2026-10-04T15:25:02.1889718Z Selecting previously unselected package fonts-ipafont-gothic.
2026-10-04T15:25:02.2076732Z (Reading database ... 
2026-10-04T15:25:02.2077311Z (Reading database ... 5%
2026-10-04T15:25:02.2077662Z (Reading database ... 10%
2026-10-04T15:25:02.2078041Z (Reading database ... 15%
2026-10-04T15:25:02.2078316Z (Reading database ... 20%
2026-10-04T15:25:02.2078646Z (Reading database ... 25%
2026-10-04T15:25:02.2078969Z (Reading database ... 30%
2026-10-04T15:25:02.2079266Z (Reading database ... 35%
2026-10-04T15:25:02.2079562Z (Reading database ... 40%
2026-10-04T15:25:02.2079878Z (Reading database ... 45%
2026-10-04T15:25:02.2080182Z (Reading database ... 50%
2026-10-04T15:25:02.2111314Z (Reading database ... 55%
2026-10-04T15:25:02.3683303Z (Reading database ... 60%
2026-10-04T15:25:02.5593917Z (Reading database ... 65%
2026-10-04T15:25:02.7662203Z (Reading database ... 70%
2026-10-04T15:25:02.9912726Z (Reading database ... 75%
2026-10-04T15:25:03.1146820Z (Reading database ... 80%
2026-10-04T15:25:03.3197800Z (Reading database ... 85%
2026-10-04T15:25:03.5090152Z (Reading database ... 90%
2026-10-04T15:25:03.6779372Z (Reading database ... 95%
2026-10-04T15:25:03.6779764Z (Reading database ... 100%
2026-10-04T15:25:03.6780263Z (Reading database ... 202296 files and directories currently installed.)
2026-10-04T15:25:03.6819221Z Preparing to unpack .../00-fonts-ipafont-gothic_00303-21ubuntu1_all.deb ...
2026-10-04T15:25:03.6971050Z Unpacking fonts-ipafont-gothic (00303-21ubuntu1) ...
2026-10-04T15:25:03.9374008Z Selecting previously unselected package fonts-freefont-ttf.
2026-10-04T15:25:03.9482594Z Preparing to unpack .../01-fonts-freefont-ttf_20211204+svn4273-2_all.deb ...
2026-10-04T15:25:03.9490101Z Unpacking fonts-freefont-ttf (20211204+svn4273-2) ...
2026-10-04T15:25:04.0340492Z Selecting previously unselected package fonts-tlwg-loma-otf.
2026-10-04T15:25:04.0449173Z Preparing to unpack .../02-fonts-tlwg-loma-otf_1%3a0.7.3-1_all.deb ...
2026-10-04T15:25:04.0456069Z Unpacking fonts-tlwg-loma-otf (1:0.7.3-1) ...
2026-10-04T15:25:04.0628269Z Selecting previously unselected package fonts-unifont.
2026-10-04T15:25:04.0729695Z Preparing to unpack .../03-fonts-unifont_1%3a15.1.01-1build1_all.deb ...
2026-10-04T15:25:04.0736437Z Unpacking fonts-unifont (1:15.1.01-1build1) ...
2026-10-04T15:25:04.2777437Z Selecting previously unselected package fonts-wqy-zenhei.
2026-10-04T15:25:04.2885514Z Preparing to unpack .../04-fonts-wqy-zenhei_0.9.45-8_all.deb ...
2026-10-04T15:25:04.2968288Z Unpacking fonts-wqy-zenhei (0.9.45-8) ...
2026-10-04T15:25:04.7507231Z Preparing to unpack .../05-libgl1-mesa-dri_25.2.8-0ubuntu0.24.04.4_amd64.deb ...
2026-10-04T15:25:04.7625458Z Unpacking libgl1-mesa-dri:amd64 (25.2.8-0ubuntu0.24.04.4) over (25.2.8-0ubuntu0.24.04.2) ...
2026-10-04T15:25:04.8033279Z Preparing to unpack .../06-libglx-mesa0_25.2.8-0ubuntu0.24.04.4_amd64.deb ...
2026-10-04T15:25:04.8059151Z Unpacking libglx-mesa0:amd64 (25.2.8-0ubuntu0.24.04.4) over (25.2.8-0ubuntu0.24.04.2) ...
2026-10-04T15:25:04.8362361Z Preparing to unpack .../07-libgbm1_25.2.8-0ubuntu0.24.04.4_amd64.deb ...
2026-10-04T15:25:04.8383325Z Unpacking libgbm1:amd64 (25.2.8-0ubuntu0.24.04.4) over (25.2.8-0ubuntu0.24.04.2) ...
2026-10-04T15:25:04.8866650Z Preparing to unpack .../08-mesa-libgallium_25.2.8-0ubuntu0.24.04.4_amd64.deb ...
2026-10-04T15:25:04.8906766Z Unpacking mesa-libgallium:amd64 (25.2.8-0ubuntu0.24.04.4) over (25.2.8-0ubuntu0.24.04.2) ...
2026-10-04T15:25:05.2316692Z Selecting previously unselected package xfonts-encodings.
2026-10-04T15:25:05.2425418Z Preparing to unpack .../09-xfonts-encodings_1%3a1.0.5-0ubuntu2_all.deb ...
2026-10-04T15:25:05.2432322Z Unpacking xfonts-encodings (1:1.0.5-0ubuntu2) ...
2026-10-04T15:25:05.2684420Z Selecting previously unselected package xfonts-utils.
2026-10-04T15:25:05.2785980Z Preparing to unpack .../10-xfonts-utils_1%3a7.7+6build3_amd64.deb ...
2026-10-04T15:25:05.2792126Z Unpacking xfonts-utils (1:7.7+6build3) ...
2026-10-04T15:25:05.3279930Z Selecting previously unselected package xfonts-cyrillic.
2026-10-04T15:25:05.3384320Z Preparing to unpack .../11-xfonts-cyrillic_1%3a1.0.5+nmu1_all.deb ...
2026-10-04T15:25:05.3391278Z Unpacking xfonts-cyrillic (1:1.0.5+nmu1) ...
2026-10-04T15:25:05.3651250Z Selecting previously unselected package xfonts-scalable.
2026-10-04T15:25:05.3753368Z Preparing to unpack .../12-xfonts-scalable_1%3a1.0.3-1.3_all.deb ...
2026-10-04T15:25:05.3759647Z Unpacking xfonts-scalable (1:1.0.3-1.3) ...
2026-10-04T15:25:05.4223117Z Setting up mesa-libgallium:amd64 (25.2.8-0ubuntu0.24.04.4) ...
2026-10-04T15:25:05.4248789Z Setting up libgbm1:amd64 (25.2.8-0ubuntu0.24.04.4) ...
2026-10-04T15:25:05.4265943Z Setting up libgl1-mesa-dri:amd64 (25.2.8-0ubuntu0.24.04.4) ...
2026-10-04T15:25:05.4327272Z Setting up fonts-wqy-zenhei (0.9.45-8) ...
2026-10-04T15:25:05.4421390Z Setting up fonts-freefont-ttf (20211204+svn4273-2) ...
2026-10-04T15:25:05.4438258Z Setting up fonts-tlwg-loma-otf (1:0.7.3-1) ...
2026-10-04T15:25:05.4454631Z Setting up xfonts-encodings (1:1.0.5-0ubuntu2) ...
2026-10-04T15:25:05.4470464Z Setting up fonts-ipafont-gothic (00303-21ubuntu1) ...
2026-10-04T15:25:05.4527068Z update-alternatives: using /usr/share/fonts/opentype/ipafont-gothic/ipag.ttf to provide /usr/share/fonts/truetype/fonts-japanese-gothic.ttf (fonts-japanese-gothic.ttf) in auto mode
2026-10-04T15:25:05.4540330Z Setting up fonts-unifont (1:15.1.01-1build1) ...
2026-10-04T15:25:05.4557393Z Setting up libglx-mesa0:amd64 (25.2.8-0ubuntu0.24.04.4) ...
2026-10-04T15:25:05.4574571Z Setting up xfonts-utils (1:7.7+6build3) ...
2026-10-04T15:25:05.4608924Z Setting up xfonts-cyrillic (1:1.0.5+nmu1) ...
2026-10-04T15:25:05.4852328Z Setting up xfonts-scalable (1:1.0.3-1.3) ...
2026-10-04T15:25:05.5123520Z Processing triggers for libc-bin (2.39-0ubuntu8.9) ...
2026-10-04T15:25:05.6615865Z Processing triggers for man-db (2.12.0-4build2) ...
2026-10-04T15:25:05.6633226Z Not building database; man-db/auto-update is not 'true'.
2026-10-04T15:25:05.6642811Z Processing triggers for fontconfig (2.15.0-1.1ubuntu2) ...
2026-10-04T15:25:06.2350241Z 
2026-10-04T15:25:06.2350865Z Running kernel seems to be up-to-date.
2026-10-04T15:25:06.2351157Z 
2026-10-04T15:25:06.2351336Z No services need to be restarted.
2026-10-04T15:25:06.2351540Z 
2026-10-04T15:25:06.2351721Z No containers need to be restarted.
2026-10-04T15:25:06.2351954Z 
2026-10-04T15:25:06.2352203Z No user sessions are running outdated binaries.
2026-10-04T15:25:06.2352455Z 
2026-10-04T15:25:06.2352779Z No VM guests are running outdated hypervisor (qemu) binaries on this host.
2026-10-04T15:25:06.9611961Z Downloading Chrome for Testing 151.0.7922.34 (playwright chromium v1234) from https://cdn.playwright.dev/builds/cft/151.0.7922.34/linux64/chrome-linux64.zip
2026-10-04T15:25:07.9196102Z |                                                                                |   0% of 184.3 MiB
2026-10-04T15:25:08.1021239Z |■■■■■■■■                                                                        |  10% of 184.3 MiB
2026-10-04T15:25:08.1690466Z |■■■■■■■■■■■■■■■■                                                                |  20% of 184.3 MiB
2026-10-04T15:25:08.2430460Z |■■■■■■■■■■■■■■■■■■■■■■■■                                                        |  30% of 184.3 MiB
2026-10-04T15:25:08.3168072Z |■■■■■■■■■■■■■■■■■■■■■■■■■■■■■■■■                                                |  40% of 184.3 MiB
2026-10-04T15:25:08.3992580Z |■■■■■■■■■■■■■■■■■■■■■■■■■■■■■■■■■■■■■■■■                                        |  50% of 184.3 MiB
2026-10-04T15:25:08.4784251Z |■■■■■■■■■■■■■■■■■■■■■■■■■■■■■■■■■■■■■■■■■■■■■■■■                                |  60% of 184.3 MiB
2026-10-04T15:25:08.5707094Z |■■■■■■■■■■■■■■■■■■■■■■■■■■■■■■■■■■■■■■■■■■■■■■■■■■■■■■■■                        |  70% of 184.3 MiB
2026-10-04T15:25:08.6400043Z |■■■■■■■■■■■■■■■■■■■■■■■■■■■■■■■■■■■■■■■■■■■■■■■■■■■■■■■■■■■■■■■■                |  80% of 184.3 MiB
2026-10-04T15:25:08.7071354Z |■■■■■■■■■■■■■■■■■■■■■■■■■■■■■■■■■■■■■■■■■■■■■■■■■■■■■■■■■■■■■■■■■■■■■■■■        |  90% of 184.3 MiB
2026-10-04T15:25:08.8089414Z |■■■■■■■■■■■■■■■■■■■■■■■■■■■■■■■■■■■■■■■■■■■■■■■■■■■■■■■■■■■■■■■■■■■■■■■■■■■■■■■■| 100% of 184.3 MiB
2026-10-04T15:25:10.8123462Z Chrome for Testing 151.0.7922.34 (playwright chromium v1234) downloaded to /home/runner/.cache/ms-playwright/chromium-1234
2026-10-04T15:25:10.8126343Z Downloading FFmpeg (playwright ffmpeg v1011) from https://cdn.playwright.dev/dbazure/download/playwright/builds/ffmpeg/1011/ffmpeg-linux.zip
2026-10-04T15:25:11.7086856Z |                                                                                |   0% of 2.3 MiB
2026-10-04T15:25:11.7329685Z |■■■■■■■■                                                                        |  10% of 2.3 MiB
2026-10-04T15:25:11.7429506Z |■■■■■■■■■■■■■■■■                                                                |  20% of 2.3 MiB
2026-10-04T15:25:11.7512091Z |■■■■■■■■■■■■■■■■■■■■■■■■                                                        |  30% of 2.3 MiB
2026-10-04T15:25:11.7594067Z |■■■■■■■■■■■■■■■■■■■■■■■■■■■■■■■■                                                |  40% of 2.3 MiB
2026-10-04T15:25:11.7668890Z |■■■■■■■■■■■■■■■■■■■■■■■■■■■■■■■■■■■■■■■■                                        |  50% of 2.3 MiB
2026-10-04T15:25:11.7682515Z |■■■■■■■■■■■■■■■■■■■■■■■■■■■■■■■■■■■■■■■■■■■■■■■■                                |  60% of 2.3 MiB
2026-10-04T15:25:11.7696103Z |■■■■■■■■■■■■■■■■■■■■■■■■■■■■■■■■■■■■■■■■■■■■■■■■■■■■■■■■                        |  70% of 2.3 MiB
2026-10-04T15:25:11.7761246Z |■■■■■■■■■■■■■■■■■■■■■■■■■■■■■■■■■■■■■■■■■■■■■■■■■■■■■■■■■■■■■■■■                |  80% of 2.3 MiB
2026-10-04T15:25:11.7773828Z |■■■■■■■■■■■■■■■■■■■■■■■■■■■■■■■■■■■■■■■■■■■■■■■■■■■■■■■■■■■■■■■■■■■■■■■■        |  90% of 2.3 MiB
2026-10-04T15:25:11.7783933Z |■■■■■■■■■■■■■■■■■■■■■■■■■■■■■■■■■■■■■■■■■■■■■■■■■■■■■■■■■■■■■■■■■■■■■■■■■■■■■■■■| 100% of 2.3 MiB
2026-10-04T15:25:11.8208953Z FFmpeg (playwright ffmpeg v1011) downloaded to /home/runner/.cache/ms-playwright/ffmpeg-1011
2026-10-04T15:25:11.8211593Z Downloading Chrome Headless Shell 151.0.7922.34 (playwright chromium-headless-shell v1234) from https://cdn.playwright.dev/builds/cft/151.0.7922.34/linux64/chrome-headless-shell-linux64.zip
2026-10-04T15:25:12.7779836Z |                                                                                |   0% of 114.7 MiB
2026-10-04T15:25:12.9282549Z |■■■■■■■■                                                                        |  10% of 114.7 MiB
2026-10-04T15:25:12.9884798Z |■■■■■■■■■■■■■■■■                                                                |  20% of 114.7 MiB
2026-10-04T15:25:13.0472284Z |■■■■■■■■■■■■■■■■■■■■■■■■                                                        |  30% of 114.7 MiB
2026-10-04T15:25:13.1025613Z |■■■■■■■■■■■■■■■■■■■■■■■■■■■■■■■■                                                |  40% of 114.7 MiB
2026-10-04T15:25:13.1534821Z |■■■■■■■■■■■■■■■■■■■■■■■■■■■■■■■■■■■■■■■■                                        |  50% of 114.7 MiB
2026-10-04T15:25:13.2021582Z |■■■■■■■■■■■■■■■■■■■■■■■■■■■■■■■■■■■■■■■■■■■■■■■■                                |  60% of 114.7 MiB
2026-10-04T15:25:13.2429060Z |■■■■■■■■■■■■■■■■■■■■■■■■■■■■■■■■■■■■■■■■■■■■■■■■■■■■■■■■                        |  70% of 114.7 MiB
2026-10-04T15:25:13.2994297Z |■■■■■■■■■■■■■■■■■■■■■■■■■■■■■■■■■■■■■■■■■■■■■■■■■■■■■■■■■■■■■■■■                |  80% of 114.7 MiB
2026-10-04T15:25:13.3467593Z |■■■■■■■■■■■■■■■■■■■■■■■■■■■■■■■■■■■■■■■■■■■■■■■■■■■■■■■■■■■■■■■■■■■■■■■■        |  90% of 114.7 MiB
2026-10-04T15:25:13.3883975Z |■■■■■■■■■■■■■■■■■■■■■■■■■■■■■■■■■■■■■■■■■■■■■■■■■■■■■■■■■■■■■■■■■■■■■■■■■■■■■■■■| 100% of 114.7 MiB
2026-10-04T15:25:14.8181706Z Chrome Headless Shell 151.0.7922.34 (playwright chromium-headless-shell v1234) downloaded to /home/runner/.cache/ms-playwright/chromium_headless_shell-1234
2026-10-04T15:25:14.8412256Z ##[group]Run npx playwright test --config=playwright.multiplayer.config.js
2026-10-04T15:25:14.8412725Z [36;1mnpx playwright test --config=playwright.multiplayer.config.js[0m
2026-10-04T15:25:14.8467619Z shell: /usr/bin/bash -e {0}
2026-10-04T15:25:14.8467967Z ##[endgroup]
2026-10-04T15:25:15.7658573Z 
2026-10-04T15:25:15.7659150Z Running 2 tests using 1 worker
2026-10-04T15:25:15.7659448Z 
2026-10-04T15:25:16.5763471Z   ✘  1 tests/multiplayer-browser/rooms.spec.js:76:1 › two independent browsers share a room, rendered walking peers, chat and disconnect (447ms)
2026-10-04T15:25:17.2640655Z   ✘  2 tests/multiplayer-browser/rooms.spec.js:117:1 › two browsers synchronize expanded east-bay addresses and elevator floors beyond the former 320 metre limit (295ms)
2026-10-04T15:25:17.2776873Z 
2026-10-04T15:25:17.2781573Z 
2026-10-04T15:25:17.2791915Z   1) tests/multiplayer-browser/rooms.spec.js:76:1 › two independent browsers share a room, rendered walking peers, chat and disconnect 
2026-10-04T15:25:17.2792931Z 
2026-10-04T15:25:17.2793175Z     Error: tracing.start: Tracing has been already started
2026-10-04T15:25:17.2793472Z 
2026-10-04T15:25:17.2794784Z       83 |     const first=await clients[0].newContext({baseURL:testInfo.project.use.baseURL,viewport:{width:640,height:400}}),second=await clients[1].newContext({baseURL:testInfo.project.use.baseURL,viewport:{width:640,height:400}}),a=await first.newPage(),b=await second.newPage(),errors=[];
2026-10-04T15:25:17.2796155Z       84 |     contexts.push(first,second);
2026-10-04T15:25:17.2796944Z     > 85 |     await Promise.all(contexts.map(context=>context.tracing.start({screenshots:true,snapshots:true,sources:true})));
2026-10-04T15:25:17.2797701Z          |                                                             ^
2026-10-04T15:25:17.2798456Z       86 |     for(const page of [a,b])page.on('pageerror',e=>errors.push(e.message));
2026-10-04T15:25:17.2798950Z       87 |     await boot(a);
2026-10-04T15:25:17.2799551Z       88 |     const welcomeEvidence=testInfo.outputPath('welcome-short-window-multiplayer.png');
2026-10-04T15:25:17.2800445Z         at map (/home/runner/work/neon-harbor/neon-harbor/tests/multiplayer-browser/rooms.spec.js:85:61)
2026-10-04T15:25:17.2801222Z         at /home/runner/work/neon-harbor/neon-harbor/tests/multiplayer-browser/rooms.spec.js:85:32
2026-10-04T15:25:17.2801511Z 
2026-10-04T15:25:17.2801869Z     attachment #1: independent-client-progress (application/json) ──────────────────────────────────
2026-10-04T15:25:17.2802730Z     multiplayer-test-results/rooms-two-independent-brow-9b405-g-peers-chat-and-disconnect/attachments/independent-client-progress-825c582f91a4891c7529b46f1e75409f7bc66c15.json
2026-10-04T15:25:17.2803566Z     ────────────────────────────────────────────────────────────────────────────────────────────────
2026-10-04T15:25:17.2803798Z 
2026-10-04T15:25:17.2804312Z     attachment #2: independent-client-1-trace (application/zip) ────────────────────────────────────
2026-10-04T15:25:17.2805688Z     multiplayer-test-results/rooms-two-independent-brow-9b405-g-peers-chat-and-disconnect/attachments/independent-client-1-trace-8a77e0291b72adf76c8be8924c0aa888924c08e2.zip
2026-10-04T15:25:17.2806810Z     ────────────────────────────────────────────────────────────────────────────────────────────────
2026-10-04T15:25:17.2807044Z 
2026-10-04T15:25:17.2807379Z     attachment #3: independent-client-2-trace (application/zip) ────────────────────────────────────
2026-10-04T15:25:17.2809338Z     multiplayer-test-results/rooms-two-independent-brow-9b405-g-peers-chat-and-disconnect/attachments/independent-client-2-trace-3d0716273c0bf1f0e76404134f5877ca78abbaa6.zip
2026-10-04T15:25:17.2810249Z     ────────────────────────────────────────────────────────────────────────────────────────────────
2026-10-04T15:25:17.2810485Z 
2026-10-04T15:25:17.2810869Z     Error Context: multiplayer-test-results/rooms-two-independent-brow-9b405-g-peers-chat-and-disconnect/error-context.md
2026-10-04T15:25:17.2811512Z 
2026-10-04T15:25:17.2811993Z     attachment #5: trace (application/zip) ─────────────────────────────────────────────────────────
2026-10-04T15:25:17.2812549Z     multiplayer-test-results/rooms-two-independent-brow-9b405-g-peers-chat-and-disconnect/trace.zip
2026-10-04T15:25:17.2812942Z     Usage:
2026-10-04T15:25:17.2813045Z 
2026-10-04T15:25:17.2813420Z         npx playwright show-trace multiplayer-test-results/rooms-two-independent-brow-9b405-g-peers-chat-and-disconnect/trace.zip
2026-10-04T15:25:17.2813803Z 
2026-10-04T15:25:17.2814091Z     ────────────────────────────────────────────────────────────────────────────────────────────────
2026-10-04T15:25:17.2814314Z 
2026-10-04T15:25:17.2814886Z   2) tests/multiplayer-browser/rooms.spec.js:117:1 › two browsers synchronize expanded east-bay addresses and elevator floors beyond the former 320 metre limit 
2026-10-04T15:25:17.2815325Z 
2026-10-04T15:25:17.2815491Z     Error: tracing.start: Tracing has been already started
2026-10-04T15:25:17.2815680Z 
2026-10-04T15:25:17.2815974Z       126 |     const first = await clients[0].newContext(options), second = await clients[1].newContext(options);
2026-10-04T15:25:17.2816387Z       127 |     contexts.push(first, second);
2026-10-04T15:25:17.2816888Z     > 128 |     await Promise.all(contexts.map(context => context.tracing.start({ screenshots: true, snapshots: true, sources: true })));
2026-10-04T15:25:17.2817381Z           |                                                               ^
2026-10-04T15:25:17.2817749Z       129 |     const a = await first.newPage(), b = await second.newPage(), errors = [];
2026-10-04T15:25:17.2818284Z       130 |     for (const page of [a, b]) {
2026-10-04T15:25:17.2818601Z       131 |       page.on('pageerror', error => errors.push(error.message));
2026-10-04T15:25:17.2819076Z         at map (/home/runner/work/neon-harbor/neon-harbor/tests/multiplayer-browser/rooms.spec.js:128:63)
2026-10-04T15:25:17.2819631Z         at /home/runner/work/neon-harbor/neon-harbor/tests/multiplayer-browser/rooms.spec.js:128:32
2026-10-04T15:25:17.2819906Z 
2026-10-04T15:25:17.2820255Z     attachment #1: independent-client-progress (application/json) ──────────────────────────────────
2026-10-04T15:25:17.2821089Z     multiplayer-test-results/rooms-two-browsers-synchro-b0447--the-former-320-metre-limit/attachments/independent-client-progress-8022888b528b460200ea16494f0d2f30c5dcdada.json
2026-10-04T15:25:17.2821916Z     ────────────────────────────────────────────────────────────────────────────────────────────────
2026-10-04T15:25:17.2822133Z 
2026-10-04T15:25:17.2822461Z     attachment #2: independent-client-1-trace (application/zip) ────────────────────────────────────
2026-10-04T15:25:17.2823279Z     multiplayer-test-results/rooms-two-browsers-synchro-b0447--the-former-320-metre-limit/attachments/independent-client-1-trace-7dde6ca2c66f60f4e0004d53a6c3cfcf6db3fcaf.zip
2026-10-04T15:25:17.2824080Z     ────────────────────────────────────────────────────────────────────────────────────────────────
2026-10-04T15:25:17.2824593Z 
2026-10-04T15:25:17.2824920Z     attachment #3: independent-client-2-trace (application/zip) ────────────────────────────────────
2026-10-04T15:25:17.2825731Z     multiplayer-test-results/rooms-two-browsers-synchro-b0447--the-former-320-metre-limit/attachments/independent-client-2-trace-345e2c8461330494a634d1251bfcf8ef31647347.zip
2026-10-04T15:25:17.2826520Z     ────────────────────────────────────────────────────────────────────────────────────────────────
2026-10-04T15:25:17.2826738Z 
2026-10-04T15:25:17.2827094Z     Error Context: multiplayer-test-results/rooms-two-browsers-synchro-b0447--the-former-320-metre-limit/error-context.md
2026-10-04T15:25:17.2827456Z 
2026-10-04T15:25:17.2827761Z     attachment #5: trace (application/zip) ─────────────────────────────────────────────────────────
2026-10-04T15:25:17.2828494Z     multiplayer-test-results/rooms-two-browsers-synchro-b0447--the-former-320-metre-limit/trace.zip
2026-10-04T15:25:17.2829026Z     Usage:
2026-10-04T15:25:17.2829120Z 
2026-10-04T15:25:17.2829502Z         npx playwright show-trace multiplayer-test-results/rooms-two-browsers-synchro-b0447--the-former-320-metre-limit/trace.zip
2026-10-04T15:25:17.2829888Z 
2026-10-04T15:25:17.2830177Z     ────────────────────────────────────────────────────────────────────────────────────────────────
2026-10-04T15:25:17.2830386Z 
2026-10-04T15:25:17.2830462Z   2 failed
2026-10-04T15:25:17.2830985Z     tests/multiplayer-browser/rooms.spec.js:76:1 › two independent browsers share a room, rendered walking peers, chat and disconnect 
2026-10-04T15:25:17.2831863Z     tests/multiplayer-browser/rooms.spec.js:117:1 › two browsers synchronize expanded east-bay addresses and elevator floors beyond the former 320 metre limit 
2026-10-04T15:25:17.3000406Z ##[error]Process completed with exit code 1.
2026-10-04T15:25:17.3065451Z ##[group]Run actions/upload-artifact@v4
2026-10-04T15:25:17.3065687Z with:
2026-10-04T15:25:17.3065904Z   name: multiplayer-browser-test-results
2026-10-04T15:25:17.3066148Z   path: multiplayer-test-results/
2026-10-04T15:25:17.3066364Z   if-no-files-found: ignore
2026-10-04T15:25:17.3066557Z   compression-level: 6
2026-10-04T15:25:17.3066749Z   overwrite: false
2026-10-04T15:25:17.3066927Z   include-hidden-files: false
2026-10-04T15:25:17.3067189Z ##[endgroup]
2026-10-04T15:25:17.4357673Z (node:3141) [DEP0040] DeprecationWarning: The `punycode` module is deprecated. Please use a userland alternative instead.
2026-10-04T15:25:17.4358501Z (Use `node --trace-deprecation ...` to show where the warning was created)
2026-10-04T15:25:17.4430377Z With the provided path, there will be 16 files uploaded
2026-10-04T15:25:17.4434430Z Artifact name is valid!
2026-10-04T15:25:17.4435026Z Root directory input is valid!
2026-10-04T15:25:17.7698926Z Beginning upload of artifact content to blob storage
2026-10-04T15:25:17.8001424Z (node:3141) [DEP0169] DeprecationWarning: `url.parse()` behavior is not standardized and prone to errors that have security implications. Use the WHATWG URL API instead. CVEs are not issued for `url.parse()` vulnerabilities.
2026-10-04T15:25:18.1344025Z Uploaded bytes 115324
2026-10-04T15:25:18.1896247Z Finished uploading artifact content to blob storage!
2026-10-04T15:25:18.1896882Z SHA256 digest of uploaded artifact zip is 72625a88e64fb36fdc633dd3ddd47a7aa23a11ece54c1ada417a89330a490be3
2026-10-04T15:25:18.1898587Z Finalizing artifact upload
2026-10-04T15:25:18.4257353Z Artifact multiplayer-browser-test-results.zip successfully finalized. Artifact ID 11307072991
2026-10-04T15:25:18.4258699Z Artifact multiplayer-browser-test-results has been successfully uploaded! Final size is 115324 bytes. Artifact ID is 11307072991
2026-10-04T15:25:18.4264182Z Artifact download URL: https://github.com/qifalab/neon-harbor/actions/runs/37212886714/artifacts/11307072991
2026-10-04T15:25:18.4423369Z Post job cleanup.
2026-10-04T15:25:18.5120591Z [command]/usr/bin/git version
2026-10-04T15:25:18.5155500Z git version 2.55.0
2026-10-04T15:25:18.5187363Z Temporarily overriding HOME='/home/runner/work/_temp/8b478a02-31a3-4682-944e-799f10387079' before making global git config changes
2026-10-04T15:25:18.5188503Z Adding repository directory to the temporary git global config as a safe directory
2026-10-04T15:25:18.5192260Z [command]/usr/bin/git config --global --add safe.directory /home/runner/work/neon-harbor/neon-harbor
2026-10-04T15:25:18.5222256Z [command]/usr/bin/git config --local --name-only --get-regexp core\.sshCommand
2026-10-04T15:25:18.5249730Z [command]/usr/bin/git submodule foreach --recursive sh -c "git config --local --name-only --get-regexp 'core\.sshCommand' && git config --local --unset-all 'core.sshCommand' || :"
2026-10-04T15:25:18.5470045Z [command]/usr/bin/git config --local --name-only --get-regexp http\.https\:\/\/github\.com\/\.extraheader
2026-10-04T15:25:18.5492172Z http.https://github.com/.extraheader
2026-10-04T15:25:18.5500852Z [command]/usr/bin/git config --local --unset-all http.https://github.com/.extraheader
2026-10-04T15:25:18.5532147Z [command]/usr/bin/git submodule foreach --recursive sh -c "git config --local --name-only --get-regexp 'http\.https\:\/\/github\.com\/\.extraheader' && git config --local --unset-all 'http.https://github.com/.extraheader' || :"
2026-10-04T15:25:18.5739054Z [command]/usr/bin/git config --local --name-only --get-regexp ^includeIf\.gitdir:
2026-10-04T15:25:18.5769674Z [command]/usr/bin/git submodule foreach --recursive git config --local --show-origin --name-only --get-regexp remote.origin.url
2026-10-04T15:25:18.6093310Z Cleaning up orphan processes
2026-10-04T15:25:18.6358609Z ##[warning]Node.js 20 is deprecated. The following actions target Node.js 20 but are being forced to run on Node.js 24: actions/checkout@v4, actions/setup-node@v4, actions/upload-artifact@v4. For more information see: https://github.blog/changelog/2025-09-19-deprecation-of-node-20-on-github-actions-runners/
