node:internal/modules/run_main:107
    triggerUncaughtException(
    ^

AssertionError [ERR_ASSERTION]: no new fetched assets/files
+ actual - expected
... Skipped lines

  [
-   'assets/city/chunks/0_0.json',
-   'assets/city/chunks/0_7.json',
-   'assets/city/chunks/1_0.json',
-   'assets/city/chunks/1_1.json',
-   'assets/city/chunks/1_2.json',
-   'assets/city/chunks/1_3.json',
-   'assets/city/chunks/1_4.json',
-   'assets/city/chunks/1_5.json',
-   'assets/city/chunks/1_6.json',
-   'assets/city/chunks/1_7.json',
-   'assets/city/chunks/2_0.json',
-   'assets/city/chunks/2_1.json',
-   'assets/city/chunks/2_2.json',
-   'assets/city/chunks/2_3.json',
-   'assets/city/chunks/2_4.json',
-   'assets/city/chunks/2_5.json',
-   'assets/city/chunks/2_6.json',
-   'assets/city/chunks/2_7.json',
-   'assets/city/chunks/3_0.json',
-   'assets/city/chunks/3_1.json',
-   'assets/city/chunks/3_2.json',
-   'assets/city/chunks/3_3.json',
-   'assets/city/chunks/3_4.json',
-   'assets/city/chunks/3_5.json',
-   'assets/city/chunks/3_6.json',
-   'assets/city/chunks/3_7.json',
-   'assets/city/chunks/4_0.json',
-   'assets/city/chunks/4_1.json',
-   'assets/city/chunks/4_2.json',
-   'assets/city/chunks/4_3.json',
-   'assets/city/chunks/4_4.json',
-   'assets/city/chunks/4_5.json',
-   'assets/city/chunks/4_6.json',
-   'assets/city/chunks/4_7.json',
-   'assets/city/chunks/5_0.json',
-   'assets/city/chunks/5_1.json',
-   'assets/city/chunks/5_2.json',
-   'assets/city/chunks/5_3.json',
-   'assets/city/chunks/5_4.json',
-   'assets/city/chunks/5_5.json',
-   'assets/city/chunks/5_6.json',
-   'assets/city/chunks/5_7.json',
-   'assets/city/chunks/6_0.json',
-   'assets/city/chunks/6_1.json',
-   'assets/city/chunks/6_2.json',
-   'assets/city/chunks/6_3.json',
-   'assets/city/chunks/6_4.json',
-   'assets/city/chunks/6_5.json',
-   'assets/city/chunks/6_6.json',
-   'assets/city/chunks/6_7.json',
-   'assets/city/chunks/7_0.json',
-   'assets/city/chunks/7_1.json',
-   'assets/city/chunks/7_2.json',
-   'assets/city/chunks/7_3.json',
-   'assets/city/chunks/7_4.json',
-   'assets/city/chunks/7_5.json',
-   'assets/city/chunks/7_6.json',
-   'assets/city/chunks/7_7.json',
-   'assets/city/chunks/manifest.json',
    'assets/harbor/LICENSE-CC0.txt',
    'assets/harbor/bakery/LICENSE-ASSETS-CC0.txt',
    'assets/harbor/bakery/bread-crust-albedo.png',
    'assets/harbor/bakery/bread-crust-height.png',
    'assets/harbor/bakery/bread-crust-roughness.png',
...
    'assets/materials/v04/woven-linen.webp',
-   'assets/metropolis/chunks/manifest.json',
-   'assets/metropolis/chunks/north-0-0.json',
-   'assets/metropolis/chunks/north-0-1.json',
-   'assets/metropolis/chunks/north-0-2.json',
-   'assets/metropolis/chunks/north-1-0.json',
-   'assets/metropolis/chunks/north-1-1.json',
-   'assets/metropolis/chunks/north-1-2.json',
-   'assets/metropolis/chunks/north-2-0.json',
-   'assets/metropolis/chunks/north-2-1.json',
-   'assets/metropolis/chunks/north-2-2.json',
-   'assets/metropolis/chunks/north-3-0.json',
-   'assets/metropolis/chunks/north-3-1.json',
-   'assets/metropolis/chunks/north-3-2.json',
    'assets/resident/core-commuter/commuter.glb',
    'assets/resident/core-commuter/manifest.json',
    'assets/resident/core-shopkeeper/manifest.json',
    'assets/resident/core-shopkeeper/shopkeeper.glb',
    'assets/resident/core-worker/manifest.json',

    at file:///workspace/neon-candidates/west-mineral-irregular-normal-candidate-20261005/evidence/actual-cpu/verify-9cf-candidate.mjs:18:8
    at ModuleJob.run (node:internal/modules/esm/module_job:439:25)
    at async node:internal/modules/esm/loader:643:26
    at async asyncRunEntryPointWithESMLoader (node:internal/modules/run_main:101:5) {
  generatedMessage: false,
  code: 'ERR_ASSERTION',
  actual: [
    'assets/harbor/LICENSE-CC0.txt',
    'assets/harbor/bakery/LICENSE-ASSETS-CC0.txt',
    'assets/harbor/bakery/bread-crust-albedo.png',
    'assets/harbor/bakery/bread-crust-height.png',
    'assets/harbor/bakery/bread-crust-roughness.png',
    'assets/harbor/bakery/manifest.json',
    'assets/harbor/home/LICENSE-AND-SOURCES.txt',
    'assets/harbor/home/LICENSE-NEON-AUTHORED.txt',
    'assets/harbor/home/asset-manifest.json',
    'assets/harbor/home/home-gallery-fittings.glb',
    'assets/harbor/home/home-lobby-fittings.glb',
    'assets/harbor/home/old_bed_frame.glb',
    'assets/harbor/home/sofa_03.glb',
    'assets/harbor/material-manifest.json',
    'assets/harbor/materials/pavement_03_diff_1k.jpg',
    'assets/harbor/materials/pavement_03_nor_gl_1k.jpg',
    'assets/harbor/materials/pavement_03_rough_1k.jpg',
    'assets/harbor/materials/plastered_wall_02_diff_1k.jpg',
    'assets/harbor/materials/plastered_wall_02_nor_gl_1k.jpg',
    'assets/harbor/materials/plastered_wall_02_rough_1k.jpg',
    'assets/harbor/transport/bus/serein-d11-lod0.glb',
    'assets/harbor/transport/bus/serein-d11-lod1.glb',
    'assets/harbor/transport/bus/serein-d11-lod2.glb',
    'assets/harbor/transport/ferry/lacuna-f26-lod0.glb',
    'assets/harbor/transport/ferry/lacuna-f26-lod1.glb',
    'assets/harbor/transport/ferry/lacuna-f26-lod2.glb',
    'assets/harbor/transport/tram/vesper-t9-lod0.glb',
    'assets/harbor/transport/tram/vesper-t9-lod1.glb',
    'assets/harbor/transport/tram/vesper-t9-lod2.glb',
    'assets/harbor/vegetation/LICENSE.txt',
    'assets/harbor/vegetation/asset-manifest.json',
    'assets/harbor/vegetation/quay-banyan-a.glb',
    'assets/harbor/vegetation/quay-banyan-b.glb',
    'assets/harbor/vegetation/quay-banyan-c.glb',
    'assets/harbor/workshop/LICENSE-CC0.txt',
    'assets/harbor/workshop/LICENSE-NEON-AUTHORED.txt',
    'assets/harbor/workshop/asset-manifest.json',
    'assets/harbor/workshop/bench_vice_01.glb',
    'assets/harbor/workshop/metal_office_desk.glb',
    'assets/harbor/workshop/metal_tool_chest.glb',
    'assets/harbor/workshop/wooden_bookshelf_worn.glb',
    'assets/harbor/workshop/workshop-fittings.glb',
    'assets/materials/jade-tile.webp',
    'assets/materials/lime-plaster.webp',
    'assets/materials/limestone.webp',
    'assets/materials/metropolis-original-atlas.webp',
    'assets/materials/oak.webp',
    'assets/materials/v04/aggregate-asphalt-source.webp',
    'assets/materials/v04/aggregate-asphalt.webp',
    'assets/materials/v04/weathered-plaster-source.webp',
    'assets/materials/v04/weathered-plaster.webp',
    'assets/materials/v04/woven-linen-source.webp',
    'assets/materials/v04/woven-linen.webp',
    'assets/resident/core-commuter/commuter.glb',
    'assets/resident/core-commuter/manifest.json',
    'assets/resident/core-shopkeeper/manifest.json',
    'assets/resident/core-shopkeeper/shopkeeper.glb',
    'assets/resident/core-worker/manifest.json',
    'assets/resident/core-worker/worker.glb',
    'index.html',
    'package.json',
    'src/atmosphere.js',
    'src/audio.js',
    'src/camera.js',
    'src/citizen-appearance.js',
    'src/citizen-crossings.js',
    'src/citizen-journeys.js',
    'src/citizen-life.js',
    'src/citizen-navigation.js',
    'src/city-exploration.js',
    'src/city-guide.js',
    'src/city-streaming.js',
    'src/collision.js',
    'src/compact-interiors.js',
    'src/contact-occlusion.js',
    'src/expansion-entrances.js',
    'src/expansion-programmes.js',
    'src/frame-clock.js',
    'src/ground-support.js',
    'src/harbor-authored-transit-snapshot.js',
    'src/harbor-authored-transport-assets.js',
    'src/harbor-authored-transport.js',
    'src/harbor-bread-art.js',
    'src/harbor-ceramic-art.js',
    'src/harbor-district.js',
    'src/harbor-frontage-profiles.js',
    'src/harbor-home-assets.js',
    'src/harbor-home-authored.js',
    'src/harbor-life-renderer.js',
    'src/harbor-life.js',
    'src/harbor-resident-diary-ui.js',
    'src/harbor-resident-loop.js',
    'src/harbor-room-dressing.js',
    'src/harbor-sample-trees.js',
    'src/harbor-sample-ui.js',
    'src/harbor-shop-defs.js',
    'src/harbor-skyline.js',
    'src/harbor-street-lighting.js',
    'src/harbor-terrain.js',
    'src/harbor-transit-renderer.js',
    ... 39 more items
  ],
  expected: [
    'assets/city/chunks/0_0.json',
    'assets/city/chunks/0_7.json',
    'assets/city/chunks/1_0.json',
    'assets/city/chunks/1_1.json',
    'assets/city/chunks/1_2.json',
    'assets/city/chunks/1_3.json',
    'assets/city/chunks/1_4.json',
    'assets/city/chunks/1_5.json',
    'assets/city/chunks/1_6.json',
    'assets/city/chunks/1_7.json',
    'assets/city/chunks/2_0.json',
    'assets/city/chunks/2_1.json',
    'assets/city/chunks/2_2.json',
    'assets/city/chunks/2_3.json',
    'assets/city/chunks/2_4.json',
    'assets/city/chunks/2_5.json',
    'assets/city/chunks/2_6.json',
    'assets/city/chunks/2_7.json',
    'assets/city/chunks/3_0.json',
    'assets/city/chunks/3_1.json',
    'assets/city/chunks/3_2.json',
    'assets/city/chunks/3_3.json',
    'assets/city/chunks/3_4.json',
    'assets/city/chunks/3_5.json',
    'assets/city/chunks/3_6.json',
    'assets/city/chunks/3_7.json',
    'assets/city/chunks/4_0.json',
    'assets/city/chunks/4_1.json',
    'assets/city/chunks/4_2.json',
    'assets/city/chunks/4_3.json',
    'assets/city/chunks/4_4.json',
    'assets/city/chunks/4_5.json',
    'assets/city/chunks/4_6.json',
    'assets/city/chunks/4_7.json',
    'assets/city/chunks/5_0.json',
    'assets/city/chunks/5_1.json',
    'assets/city/chunks/5_2.json',
    'assets/city/chunks/5_3.json',
    'assets/city/chunks/5_4.json',
    'assets/city/chunks/5_5.json',
    'assets/city/chunks/5_6.json',
    'assets/city/chunks/5_7.json',
    'assets/city/chunks/6_0.json',
    'assets/city/chunks/6_1.json',
    'assets/city/chunks/6_2.json',
    'assets/city/chunks/6_3.json',
    'assets/city/chunks/6_4.json',
    'assets/city/chunks/6_5.json',
    'assets/city/chunks/6_6.json',
    'assets/city/chunks/6_7.json',
    'assets/city/chunks/7_0.json',
    'assets/city/chunks/7_1.json',
    'assets/city/chunks/7_2.json',
    'assets/city/chunks/7_3.json',
    'assets/city/chunks/7_4.json',
    'assets/city/chunks/7_5.json',
    'assets/city/chunks/7_6.json',
    'assets/city/chunks/7_7.json',
    'assets/city/chunks/manifest.json',
    'assets/harbor/LICENSE-CC0.txt',
    'assets/harbor/bakery/LICENSE-ASSETS-CC0.txt',
    'assets/harbor/bakery/bread-crust-albedo.png',
    'assets/harbor/bakery/bread-crust-height.png',
    'assets/harbor/bakery/bread-crust-roughness.png',
    'assets/harbor/bakery/manifest.json',
    'assets/harbor/home/LICENSE-AND-SOURCES.txt',
    'assets/harbor/home/LICENSE-NEON-AUTHORED.txt',
    'assets/harbor/home/asset-manifest.json',
    'assets/harbor/home/home-gallery-fittings.glb',
    'assets/harbor/home/home-lobby-fittings.glb',
    'assets/harbor/home/old_bed_frame.glb',
    'assets/harbor/home/sofa_03.glb',
    'assets/harbor/material-manifest.json',
    'assets/harbor/materials/pavement_03_diff_1k.jpg',
    'assets/harbor/materials/pavement_03_nor_gl_1k.jpg',
    'assets/harbor/materials/pavement_03_rough_1k.jpg',
    'assets/harbor/materials/plastered_wall_02_diff_1k.jpg',
    'assets/harbor/materials/plastered_wall_02_nor_gl_1k.jpg',
    'assets/harbor/materials/plastered_wall_02_rough_1k.jpg',
    'assets/harbor/transport/bus/serein-d11-lod0.glb',
    'assets/harbor/transport/bus/serein-d11-lod1.glb',
    'assets/harbor/transport/bus/serein-d11-lod2.glb',
    'assets/harbor/transport/ferry/lacuna-f26-lod0.glb',
    'assets/harbor/transport/ferry/lacuna-f26-lod1.glb',
    'assets/harbor/transport/ferry/lacuna-f26-lod2.glb',
    'assets/harbor/transport/tram/vesper-t9-lod0.glb',
    'assets/harbor/transport/tram/vesper-t9-lod1.glb',
    'assets/harbor/transport/tram/vesper-t9-lod2.glb',
    'assets/harbor/vegetation/LICENSE.txt',
    'assets/harbor/vegetation/asset-manifest.json',
    'assets/harbor/vegetation/quay-banyan-a.glb',
    'assets/harbor/vegetation/quay-banyan-b.glb',
    'assets/harbor/vegetation/quay-banyan-c.glb',
    'assets/harbor/workshop/LICENSE-CC0.txt',
    'assets/harbor/workshop/LICENSE-NEON-AUTHORED.txt',
    'assets/harbor/workshop/asset-manifest.json',
    'assets/harbor/workshop/bench_vice_01.glb',
    'assets/harbor/workshop/metal_office_desk.glb',
    'assets/harbor/workshop/metal_tool_chest.glb',
    'assets/harbor/workshop/wooden_bookshelf_worn.glb',
    ... 111 more items
  ],
  operator: 'deepStrictEqual',
  diff: 'simple'
}

Node.js v24.19.0
