{
  "threeOriginalControlExportsExact": true,
  "changedPrimitives": [
    [
      0,
      [
        {
          "mesh": 10,
          "nodeNames": [
            "LOD0-tram-detail-0-paint-batch"
          ],
          "primitive": 0,
          "changedAttributes": [
            {
              "attribute": "POSITION",
              "accessor": 50,
              "changedRows": 900,
              "oldAffectedPositionMin": [
                -1.1279314756393433,
                2.549999952316284,
                -4.426000118255615
              ],
              "oldAffectedPositionMax": [
                1.1279314756393433,
                2.9535000324249268,
                4.426000118255615
              ],
              "newAffectedPositionMin": [
                -1.1277886629104614,
                2.569999933242798,
                -4.425680160522461
              ],
              "newAffectedPositionMax": [
                1.1277886629104614,
                2.9584999084472656,
                4.425680160522461
              ]
            },
            {
              "attribute": "NORMAL",
              "accessor": 51,
              "changedRows": 124,
              "oldAffectedPositionMin": [
                -1.1279314756393433,
                2.549999952316284,
                -4.344743251800537
              ],
              "oldAffectedPositionMax": [
                1.1279314756393433,
                2.819000005722046,
                4.344743251800537
              ],
              "newAffectedPositionMin": [
                -1.1277886629104614,
                2.569999933242798,
                -4.344423294067383
              ],
              "newAffectedPositionMax": [
                1.1277886629104614,
                2.8289999961853027,
                4.344423294067383
              ]
            },
            {
              "attribute": "TANGENT",
              "accessor": 53,
              "changedRows": 125,
              "oldAffectedPositionMin": [
                -1.1279314756393433,
                2.549999952316284,
                -4.25
              ],
              "oldAffectedPositionMax": [
                1.1279314756393433,
                3.0880000591278076,
                4.369760990142822
              ],
              "newAffectedPositionMin": [
                -1.1277886629104614,
                2.569999933242798,
                -4.25
              ],
              "newAffectedPositionMax": [
                1.1277886629104614,
                3.0880000591278076,
                4.369760990142822
              ]
            }
          ]
        }
      ]
    ],
    [
      1,
      [
        {
          "mesh": 9,
          "nodeNames": [
            "LOD1-tram-detail-1-paint-batch"
          ],
          "primitive": 0,
          "changedAttributes": [
            {
              "attribute": "POSITION",
              "accessor": 45,
              "changedRows": 464,
              "oldAffectedPositionMin": [
                -1.1279314756393433,
                2.549999952316284,
                -4.425980091094971
              ],
              "oldAffectedPositionMax": [
                1.1279314756393433,
                2.9535000324249268,
                4.425980091094971
              ],
              "newAffectedPositionMin": [
                -1.1277886629104614,
                2.569999933242798,
                -4.425660133361816
              ],
              "newAffectedPositionMax": [
                1.1277886629104614,
                2.9584999084472656,
                4.425660133361816
              ]
            },
            {
              "attribute": "NORMAL",
              "accessor": 46,
              "changedRows": 52,
              "oldAffectedPositionMin": [
                -1.1279314756393433,
                2.549999952316284,
                -4.25
              ],
              "oldAffectedPositionMax": [
                1.1279314756393433,
                2.549999952316284,
                4.25
              ],
              "newAffectedPositionMin": [
                -1.1277886629104614,
                2.569999933242798,
                -4.25
              ],
              "newAffectedPositionMax": [
                1.1277886629104614,
                2.569999933242798,
                4.25
              ]
            },
            {
              "attribute": "TANGENT",
              "accessor": 48,
              "changedRows": 60,
              "oldAffectedPositionMin": [
                -1.1279314756393433,
                2.549999952316284,
                -4.25
              ],
              "oldAffectedPositionMax": [
                1.1279314756393433,
                2.549999952316284,
                4.25
              ],
              "newAffectedPositionMin": [
                -1.1277886629104614,
                2.569999933242798,
                -4.25
              ],
              "newAffectedPositionMax": [
                1.1277886629104614,
                2.569999933242798,
                4.25
              ]
            }
          ]
        }
      ]
    ],
    [
      2,
      [
        {
          "mesh": 6,
          "nodeNames": [
            "LOD2-tram-detail-2-paintFar-batch"
          ],
          "primitive": 0,
          "changedAttributes": [
            {
              "attribute": "POSITION",
              "accessor": 30,
              "changedRows": 90,
              "oldAffectedPositionMin": [
                -1.1279314756393433,
                2.549999952316284,
                -4.426000118255615
              ],
              "oldAffectedPositionMax": [
                1.1279314756393433,
                2.9535000324249268,
                4.426000118255615
              ],
              "newAffectedPositionMin": [
                -1.1277886629104614,
                2.569999933242798,
                -4.425680160522461
              ],
              "newAffectedPositionMax": [
                1.1277886629104614,
                2.9584999084472656,
                4.425680160522461
              ]
            },
            {
              "attribute": "NORMAL",
              "accessor": 31,
              "changedRows": 30,
              "oldAffectedPositionMin": [
                -1.1279314756393433,
                2.549999952316284,
                -4.29584264755249
              ],
              "oldAffectedPositionMax": [
                1.1279314756393433,
                3.058000087738037,
                4.29584264755249
              ],
              "newAffectedPositionMin": [
                -1.1277886629104614,
                2.569999933242798,
                -4.295522689819336
              ],
              "newAffectedPositionMax": [
                1.1277886629104614,
                3.058000087738037,
                4.295522689819336
              ]
            },
            {
              "attribute": "TANGENT",
              "accessor": 33,
              "changedRows": 30,
              "oldAffectedPositionMin": [
                -1.1279314756393433,
                2.549999952316284,
                -4.29584264755249
              ],
              "oldAffectedPositionMax": [
                1.1279314756393433,
                3.058000087738037,
                4.29584264755249
              ],
              "newAffectedPositionMin": [
                -1.1277886629104614,
                2.569999933242798,
                -4.295522689819336
              ],
              "newAffectedPositionMax": [
                1.1277886629104614,
                3.058000087738037,
                4.295522689819336
              ]
            }
          ]
        }
      ]
    ]
  ],
  "imageBytesAllExact": true
}
